******************************************************************************
                  TI ARM Linker Unix v18.12.2                  
******************************************************************************
>> Linked Thu Oct 31 16:22:29 2019

OUTPUT FILE NAME:   <OrientationTracker.out>
ENTRY POINT SYMBOL: "_c_int00_noargs"  address: 00000809


MEMORY CONFIGURATION

         name            origin    length      used     unused   attr    fill
----------------------  --------  ---------  --------  --------  ----  --------
  FLASH                 00000000   00040000  00000876  0003f78a  R  X
  SRAM                  20000000   00008000  00002004  00005ffc  RW X


SEGMENT ALLOCATION MAP

run origin  load origin   length   init length attrs members
----------  ----------- ---------- ----------- ----- -------
00000000    00000000    00000878   00000878    r-x
  00000000    00000000    0000026c   0000026c    r-- .intvecs
  0000026c    0000026c    000005f2   000005f2    r-x .text
  00000860    00000860    00000018   00000018    r-- .cinit
20000000    20000000    00002004   00000000    rw-
  20000000    20000000    00002000   00000000    rw- .stack
  20002000    20002000    00000004   00000000    rw- .data


SECTION ALLOCATION MAP

 output                                  attributes/
section   page    origin      length       input sections
--------  ----  ----------  ----------   ----------------
.intvecs   0    00000000    0000026c     
                  00000000    0000026c     tm4c1233h6pm_startup_ccs.obj (.intvecs)

.text      0    0000026c    000005f2     
                  0000026c    000001b0     system_utils.obj (.text)
                  0000041c    00000130     uart0.obj (.text)
                  0000054c    000000e8     rtc.obj (.text)
                  00000634    0000009c     rtsv7M4_T_le_v4SPD16_eabi.lib : memcpy_t2.asm.obj (.text)
                  000006d0    0000008c     main.obj (.text)
                  0000075c    00000068     rtsv7M4_T_le_v4SPD16_eabi.lib : copy_decompress_lzss.c.obj (.text:decompress:lzss:__TI_decompress_lzss)
                  000007c4    00000044                                   : autoinit.c.obj (.text:__TI_auto_init_nobinit_nopinit:__TI_auto_init_nobinit_nopinit)
                  00000808    00000034                                   : boot_cortex_m.c.obj (.text:_c_int00_noargs:_c_int00_noargs)
                  0000083c    0000000e                                   : copy_decompress_none.c.obj (.text:decompress:none:__TI_decompress_none)
                  0000084a    0000000c     tm4c1233h6pm_startup_ccs.obj (.text)
                  00000856    00000004     rtsv7M4_T_le_v4SPD16_eabi.lib : pre_init.c.obj (.text:_system_pre_init)
                  0000085a    00000004                                   : exit.c.obj (.text:abort:abort)

.cinit     0    00000860    00000018     
                  00000860    00000008     (__TI_handler_table)
                  00000868    00000007     (.cinit..data.load) [load image, compression = lzss]
                  0000086f    00000001     --HOLE-- [fill = 0]
                  00000870    00000008     (__TI_cinit_table)

.init_array 
*          0    00000000    00000000     UNINITIALIZED

.data      0    20002000    00000004     UNINITIALIZED
                  20002000    00000004     rtc.obj (.data)

.stack     0    20000000    00002000     UNINITIALIZED
                  20000000    00000004     rtsv7M4_T_le_v4SPD16_eabi.lib : boot_cortex_m.c.obj (.stack)
                  20000004    00001ffc     --HOLE--

MODULE SUMMARY

       Module                         code   ro data   rw data
       ------                         ----   -------   -------
    ./
       tm4c1233h6pm_startup_ccs.obj   12     620       0      
       system_utils.obj               432    0         0      
       uart0.obj                      304    0         0      
       rtc.obj                        232    0         4      
       main.obj                       140    0         0      
    +--+------------------------------+------+---------+---------+
       Total:                         1120   620       4      
                                                              
    /Applications/ti/ccs910/ccs/tools/compiler/ti-cgt-arm_18.12.2.LTS/lib/rtsv7M4_T_le_v4SPD16_eabi.lib
       memcpy_t2.asm.obj              156    0         0      
       copy_decompress_lzss.c.obj     104    0         0      
       autoinit.c.obj                 68     0         0      
       boot_cortex_m.c.obj            52     0         0      
       copy_decompress_none.c.obj     14     0         0      
       exit.c.obj                     4      0         0      
       pre_init.c.obj                 4      0         0      
    +--+------------------------------+------+---------+---------+
       Total:                         402    0         0      
                                                              
       Stack:                         0      0         8192   
       Linker Generated:              0      23        0      
    +--+------------------------------+------+---------+---------+
       Grand Total:                   1522   643       8196   


LINKER GENERATED COPY TABLES

__TI_cinit_table @ 00000870 records: 1, size/record: 8, table size: 8
	.data: load addr=00000868, load size=00000007 bytes, run addr=20002000, run size=00000004 bytes, compression=lzss


LINKER GENERATED HANDLER TABLE

__TI_handler_table @ 00000860 records: 2, size/record: 4, table size: 8
	index: 0, handler: __TI_decompress_lzss
	index: 1, handler: __TI_decompress_none


GLOBAL SYMBOLS: SORTED ALPHABETICALLY BY Name 

address   name                          
-------   ----                          
0000085b  C$$EXIT                       
000002f9  GPIOInit                      
000005a9  HibernateMatchISR             
000006d1  InitHW                        
00000569  LoadRTCValue                  
000005cf  RTCInit                       
00000579  RTCMatchSetup                 
0000055d  RTCModuleRCGCInit             
0000084b  ResetISR                      
000005bd  StartRTCCounting              
000002f1  SystemClockInit               
00000283  UARTInit                      
0000026d  UARTRCGCInit                  
20002000  __STACK_END                   
00002000  __STACK_SIZE                  
20000200  __STACK_TOP                   
00000870  __TI_CINIT_Base               
00000878  __TI_CINIT_Limit              
00000860  __TI_Handler_Table_Base       
00000868  __TI_Handler_Table_Limit      
000007c5  __TI_auto_init_nobinit_nopinit
0000075d  __TI_decompress_lzss          
0000083d  __TI_decompress_none          
ffffffff  __TI_pprof_out_hndl           
ffffffff  __TI_prof_data_size           
ffffffff  __TI_prof_data_start          
00000000  __TI_static_base__            
00000635  __aeabi_memcpy                
00000635  __aeabi_memcpy4               
00000635  __aeabi_memcpy8               
ffffffff  __binit__                     
ffffffff  __c_args__                    
UNDEFED   __mpu_init                    
20000000  __stack                       
00000809  _c_int00_noargs               
UNDEFED   _system_post_cinit            
00000857  _system_pre_init              
0000085b  abort                         
ffffffff  binit                         
20002000  clear_value                   
00000000  g_pfnVectors                  
00000557  getSecondsValue               
000004f3  getcUart0                     
0000041d  initUart0                     
0000054d  isHibWriteComplete            
00000301  itoA                          
000006ed  main                          
00000635  memcpy                        
000004ab  putcUart0                     
000004c7  putsUart0                     


GLOBAL SYMBOLS: SORTED BY Symbol Address 

address   name                          
-------   ----                          
00000000  __TI_static_base__            
00000000  g_pfnVectors                  
0000026d  UARTRCGCInit                  
00000283  UARTInit                      
000002f1  SystemClockInit               
000002f9  GPIOInit                      
00000301  itoA                          
0000041d  initUart0                     
000004ab  putcUart0                     
000004c7  putsUart0                     
000004f3  getcUart0                     
0000054d  isHibWriteComplete            
00000557  getSecondsValue               
0000055d  RTCModuleRCGCInit             
00000569  LoadRTCValue                  
00000579  RTCMatchSetup                 
000005a9  HibernateMatchISR             
000005bd  StartRTCCounting              
000005cf  RTCInit                       
00000635  __aeabi_memcpy                
00000635  __aeabi_memcpy4               
00000635  __aeabi_memcpy8               
00000635  memcpy                        
000006d1  InitHW                        
000006ed  main                          
0000075d  __TI_decompress_lzss          
000007c5  __TI_auto_init_nobinit_nopinit
00000809  _c_int00_noargs               
0000083d  __TI_decompress_none          
0000084b  ResetISR                      
00000857  _system_pre_init              
0000085b  C$$EXIT                       
0000085b  abort                         
00000860  __TI_Handler_Table_Base       
00000868  __TI_Handler_Table_Limit      
00000870  __TI_CINIT_Base               
00000878  __TI_CINIT_Limit              
00002000  __STACK_SIZE                  
20000000  __stack                       
20000200  __STACK_TOP                   
20002000  __STACK_END                   
20002000  clear_value                   
ffffffff  __TI_pprof_out_hndl           
ffffffff  __TI_prof_data_size           
ffffffff  __TI_prof_data_start          
ffffffff  __binit__                     
ffffffff  __c_args__                    
ffffffff  binit                         
UNDEFED   __mpu_init                    
UNDEFED   _system_post_cinit            

[50 symbols]
