******************************************************************************
                  TI ARM Linker Unix v18.12.2                  
******************************************************************************
>> Linked Tue Dec  3 18:26:15 2019

OUTPUT FILE NAME:   <OrientationTracker.out>
ENTRY POINT SYMBOL: "_c_int00_noargs"  address: 000068ad


MEMORY CONFIGURATION

         name            origin    length      used     unused   attr    fill
----------------------  --------  ---------  --------  --------  ----  --------
  FLASH                 00000000   00040000  00006e4c  000391b4  R  X
  SRAM                  20000000   00008000  000027dc  00005824  RW X


SEGMENT ALLOCATION MAP

run origin  load origin   length   init length attrs members
----------  ----------- ---------- ----------- ----- -------
00000000    00000000    00006e50   00006e50    r-x
  00000000    00000000    0000026c   0000026c    r-- .intvecs
  0000026c    0000026c    000068c0   000068c0    r-x .text
  00006b30    00006b30    000002d8   000002d8    r-- .const
  00006e08    00006e08    00000048   00000048    r-- .cinit
20000000    20000000    000027dc   00000000    rw-
  20000000    20000000    00002000   00000000    rw- .stack
  20002000    20002000    0000075c   00000000    rw- .bss
  2000275c    2000275c    00000080   00000000    rw- .data


SECTION ALLOCATION MAP

 output                                  attributes/
section   page    origin      length       input sections
--------  ----  ----------  ----------   ----------------
.intvecs   0    00000000    0000026c     
                  00000000    0000026c     tm4c1233h6pm_startup_ccs.obj (.intvecs)

.text      0    0000026c    000068c0     
                  0000026c    000012d8     main.obj (.text)
                  00001544    00000af0     rtsv7M4_T_le_v4SPD16_eabi.lib : _scanfi.c.obj (.text:__TI_scanfi)
                  00002034    00000a4e                                   : _printfi.c.obj (.text:__TI_printfi)
                  00002a82    00000002                                   : _lock.c.obj (.text:_nop)
                  00002a84    0000082c     gyroscope.obj (.text)
                  000032b0    00000460     rtsv7M4_T_le_v4SPD16_eabi.lib : strtod.c.obj (.text:strtod)
                  00003710    000002ec                                   : s_atan.c.obj (.text:atan)
                  000039fc    000002c4     i2c0.obj (.text)
                  00003cc0    000002bc     system_utils.obj (.text)
                  00003f7c    00000270     rtsv7M4_T_le_v4SPD16_eabi.lib : _printfi.c.obj (.text:_pconv_a)
                  000041ec    00000238     data.obj (.text)
                  00004424    000001fc     time.obj (.text)
                  00004620    000001dc     rtsv7M4_T_le_v4SPD16_eabi.lib : strtoll.c.obj (.text:strtoll)
                  000047fc    000001d8                                   : e_atan2.c.obj (.text:atan2)
                  000049d4    000001d0                                   : _printfi.c.obj (.text:_pconv_g)
                  00004ba4    000001d0     uart0.obj (.text)
                  00004d74    000001b6     rtsv7M4_T_le_v4SPD16_eabi.lib : fd_add_t2.asm.obj (.text)
                  00004f2a    00000002                                   : div0.asm.obj (.text)
                  00004f2c    00000168     rtc.obj (.text)
                  00005094    0000015c     rtsv7M4_T_le_v4SPD16_eabi.lib : strtoull.c.obj (.text:strtoull)
                  000051f0    00000158                                   : e_atan2f.c.obj (.text:atan2f)
                  00005348    00000158                                   : e_sqrt.c.obj (.text:sqrt)
                  000054a0    00000150                                   : s_atanf.c.obj (.text:atanf)
                  000055f0    0000013c                                   : _printfi.c.obj (.text:_pconv_e)
                  0000572c    00000136                                   : fd_div_t2.asm.obj (.text)
                  00005862    00000002     --HOLE-- [fill = 0]
                  00005864    00000130                                   : strtol.c.obj (.text:strtol)
                  00005994    00000124                                   : _printfi.c.obj (.text:fcvt)
                  00005ab8    00000110                                   : s_scalbn.c.obj (.text:scalbn)
                  00005bc8    00000110                                   : strtoul.c.obj (.text:strtoul)
                  00005cd8    000000fc     flash.obj (.text)
                  00005dd4    000000fc     rtsv7M4_T_le_v4SPD16_eabi.lib : fd_mul_t2.asm.obj (.text)
                  00005ed0    000000b1                                   : _printfi.c.obj (.text:_ltostr)
                  00005f81    00000001     --HOLE-- [fill = 0]
                  00005f82    0000009c                                   : memcpy_t2.asm.obj (.text)
                  0000601e    00000096                                   : ull_div_t2.asm.obj (.text)
                  000060b4    00000086                                   : fd_cmp_t2.asm.obj (.text:__aeabi_cdcmple)
                  0000613a    00000086                                   : fd_cmp_t2.asm.obj (.text:__aeabi_cdrcmple)
                  000061c0    0000007a                                   : memset_t2.asm.obj (.text)
                  0000623a    0000006e                                   : _printfi.c.obj (.text:_mcpy)
                  000062a8    0000006e                                   : fd_tos_t2.asm.obj (.text)
                  00006316    0000006e                                   : ll_div_t2.asm.obj (.text)
                  00006384    0000006c                                   : fs_toll_t2.asm.obj (.text)
                  000063f0    00000068                                   : sscanf.c.obj (.text:_chkmbc)
                  00006458    00000068                                   : copy_decompress_lzss.c.obj (.text:decompress:lzss:__TI_decompress_lzss)
                  000064c0    00000064                                   : s_frexp.c.obj (.text:frexp)
                  00006524    00000056                                   : _printfi.c.obj (.text:_pconv_f)
                  0000657a    00000054                                   : ltoa.c.obj (.text:ltoa)
                  000065ce    00000052                                   : _printfi.c.obj (.text:_ecpy)
                  00006620    0000004c                                   : atoi.c.obj (.text:atoi)
                  0000666c    00000048                                   : fd_toi_t2.asm.obj (.text)
                  000066b4    00000048                                   : ll_tofs_t2.asm.obj (.text)
                  000066fc    00000044                                   : autoinit.c.obj (.text:__TI_auto_init_nobinit_nopinit:__TI_auto_init_nobinit_nopinit)
                  00006740    00000040                                   : sprintf.c.obj (.text:sprintf)
                  00006780    00000040                                   : strtok.c.obj (.text:strtok)
                  000067c0    0000003e                                   : _printfi.c.obj (.text:_fcpy)
                  000067fe    00000002     --HOLE-- [fill = 0]
                  00006800    0000003c     periodic.obj (.text)
                  0000683c    00000038     rtsv7M4_T_le_v4SPD16_eabi.lib : fs_tod_t2.asm.obj (.text)
                  00006874    00000038                                   : sscanf.c.obj (.text:sscanf)
                  000068ac    00000034                                   : boot_cortex_m.c.obj (.text:_c_int00_noargs:_c_int00_noargs)
                  000068e0    00000034                                   : rand.c.obj (.text:rand)
                  00006914    0000002e                                   : i_tofd_t2.asm.obj (.text)
                  00006942    0000002a                                   : strspn.c.obj (.text:strspn)
                  0000696c    00000028                                   : e_sqrtf.c.obj (.text:sqrtf)
                  00006994    00000024                                   : rand.c.obj (.text:srand)
                  000069b8    00000024                                   : strcspn.c.obj (.text:strcspn)
                  000069dc    0000001c                                   : memccpy.c.obj (.text:memccpy)
                  000069f8    0000001a                                   : s_copysign.c.obj (.text:copysign)
                  00006a12    00000018                                   : sprintf.c.obj (.text:_outs)
                  00006a2a    00000018                                   : ll_mul_t2.asm.obj (.text)
                  00006a42    00000018                                   : strcmp.c.obj (.text:strcmp)
                  00006a5a    00000018                                   : strrchr.c.obj (.text:strrchr)
                  00006a72    00000016                                   : strchr.c.obj (.text:strchr)
                  00006a88    00000014                                   : strcpy.c.obj (.text:strcpy)
                  00006a9c    00000014                                   : strlen.c.obj (.text:strlen)
                  00006ab0    00000012                                   : sscanf.c.obj (.text:_inpchar)
                  00006ac2    00000012                                   : wcslen.c.obj (.text:wcslen)
                  00006ad4    00000010                                   : tolower.c.obj (.text:tolower)
                  00006ae4    0000000e                                   : copy_decompress_none.c.obj (.text:decompress:none:__TI_decompress_none)
                  00006af2    0000000c                                   : copy_zero_init.c.obj (.text:decompress:ZI:__TI_zero_init)
                  00006afe    0000000c     tm4c1233h6pm_startup_ccs.obj (.text)
                  00006b0a    0000000a     rtsv7M4_T_le_v4SPD16_eabi.lib : sprintf.c.obj (.text:_outc)
                  00006b14    00000008                                   : errno.c.obj (.text:__aeabi_errno_addr)
                  00006b1c    00000008                                   : sscanf.c.obj (.text:_uninpchar)
                  00006b24    00000004                                   : pre_init.c.obj (.text:_system_pre_init)
                  00006b28    00000004                                   : exit.c.obj (.text:abort:abort)

.const     0    00006b30    000002d8     
                  00006b30    00000101     rtsv7M4_T_le_v4SPD16_eabi.lib : ctype.c.obj (.const:.string:_ctypes_)
                  00006c31    00000007     --HOLE-- [fill = 0]
                  00006c38    000000c8                                   : strtod.c.obj (.const:$O1$$)
                  00006d00    00000098                                   : s_atan.c.obj (.const:$O1$$)
                  00006d98    00000034                                   : s_atanf.c.obj (.const:$O1$$)
                  00006dcc    0000002c     main.obj (.const:$P$T0$1)
                  00006df8    00000010     rtsv7M4_T_le_v4SPD16_eabi.lib : _scanfi.c.obj (.const:$O1$$)

.cinit     0    00006e08    00000048     
                  00006e08    00000024     (.cinit..data.load) [load image, compression = lzss]
                  00006e2c    0000000c     (__TI_handler_table)
                  00006e38    00000008     (.cinit..bss.load) [load image, compression = zero_init]
                  00006e40    00000010     (__TI_cinit_table)

.init_array 
*          0    00000000    00000000     UNINITIALIZED

.bss       0    20002000    0000075c     UNINITIALIZED
                  20002000    00000400     (.common:page)
                  20002400    00000300     (.common:address_buffer)
                  20002700    00000028     (.common:gating_parameters)
                  20002728    00000014     (.common:str)
                  2000273c    0000000c     (.common:offset_accel)
                  20002748    0000000c     (.common:offset_gyro)
                  20002754    00000004     (.common:num_samples)
                  20002758    00000004     (.common:periodic_time_value)

.data      0    2000275c    00000080     UNINITIALIZED
                  2000275c    0000003c     main.obj (.data)
                  20002798    00000010     main.obj (.data:hysteresis_mask)
                  200027a8    00000010     main.obj (.data:log_mask)
                  200027b8    00000008     rtsv7M4_T_le_v4SPD16_eabi.lib : _lock.c.obj (.data:$O1$$)
                  200027c0    00000008     main.obj (.data:set_time)
                  200027c8    00000004     rtc.obj (.data)
                  200027cc    00000004     rtsv7M4_T_le_v4SPD16_eabi.lib : errno.c.obj (.data)
                  200027d0    00000004                                   : rand.c.obj (.data)
                  200027d4    00000004                                   : strtok.c.obj (.data)
                  200027d8    00000004     main.obj (.data:set_date)

.stack     0    20000000    00002000     UNINITIALIZED
                  20000000    00000004     rtsv7M4_T_le_v4SPD16_eabi.lib : boot_cortex_m.c.obj (.stack)
                  20000004    00001ffc     --HOLE--

MODULE SUMMARY

       Module                         code    ro data   rw data
       ------                         ----    -------   -------
    ./
       main.obj                       4824    44        1988   
       gyroscope.obj                  2092    0         0      
       i2c0.obj                       708     0         0      
       system_utils.obj               700     0         0      
       tm4c1233h6pm_startup_ccs.obj   12      620       0      
       data.obj                       568     0         0      
       time.obj                       508     0         0      
       uart0.obj                      464     0         0      
       rtc.obj                        360     0         4      
       flash.obj                      252     0         0      
       periodic.obj                   60      0         0      
    +--+------------------------------+-------+---------+---------+
       Total:                         10548   664       1992   
                                                               
    /Applications/ti/ccs910/ccs/tools/compiler/ti-cgt-arm_18.12.2.LTS/lib/rtsv7M4_T_le_v4SPD16_eabi.lib
       _printfi.c.obj                 4851    0         0      
       _scanfi.c.obj                  2800    16        0      
       strtod.c.obj                   1120    200       0      
       s_atan.c.obj                   748     152       0      
       strtoll.c.obj                  476     0         0      
       e_atan2.c.obj                  472     0         0      
       fd_add_t2.asm.obj              438     0         0      
       s_atanf.c.obj                  336     52        0      
       strtoull.c.obj                 348     0         0      
       e_atan2f.c.obj                 344     0         0      
       e_sqrt.c.obj                   344     0         0      
       fd_div_t2.asm.obj              310     0         0      
       strtol.c.obj                   304     0         0      
       s_scalbn.c.obj                 272     0         0      
       strtoul.c.obj                  272     0         0      
       fd_cmp_t2.asm.obj              268     0         0      
       ctype.c.obj                    0       257       0      
       fd_mul_t2.asm.obj              252     0         0      
       sscanf.c.obj                   186     0         0      
       memcpy_t2.asm.obj              156     0         0      
       ull_div_t2.asm.obj             150     0         0      
       memset_t2.asm.obj              122     0         0      
       fd_tos_t2.asm.obj              110     0         0      
       ll_div_t2.asm.obj              110     0         0      
       fs_toll_t2.asm.obj             108     0         0      
       copy_decompress_lzss.c.obj     104     0         0      
       s_frexp.c.obj                  100     0         0      
       sprintf.c.obj                  98      0         0      
       rand.c.obj                     88      0         4      
       ltoa.c.obj                     84      0         0      
       atoi.c.obj                     76      0         0      
       fd_toi_t2.asm.obj              72      0         0      
       ll_tofs_t2.asm.obj             72      0         0      
       autoinit.c.obj                 68      0         0      
       strtok.c.obj                   64      0         4      
       fs_tod_t2.asm.obj              56      0         0      
       boot_cortex_m.c.obj            52      0         0      
       i_tofd_t2.asm.obj              46      0         0      
       strspn.c.obj                   42      0         0      
       e_sqrtf.c.obj                  40      0         0      
       strcspn.c.obj                  36      0         0      
       memccpy.c.obj                  28      0         0      
       s_copysign.c.obj               26      0         0      
       ll_mul_t2.asm.obj              24      0         0      
       strcmp.c.obj                   24      0         0      
       strrchr.c.obj                  24      0         0      
       strchr.c.obj                   22      0         0      
       strcpy.c.obj                   20      0         0      
       strlen.c.obj                   20      0         0      
       wcslen.c.obj                   18      0         0      
       tolower.c.obj                  16      0         0      
       copy_decompress_none.c.obj     14      0         0      
       copy_zero_init.c.obj           12      0         0      
       errno.c.obj                    8       0         4      
       _lock.c.obj                    2       0         8      
       exit.c.obj                     4       0         0      
       pre_init.c.obj                 4       0         0      
       div0.asm.obj                   2       0         0      
    +--+------------------------------+-------+---------+---------+
       Total:                         16263   677       20     
                                                               
       Stack:                         0       0         8192   
       Linker Generated:              0       72        0      
    +--+------------------------------+-------+---------+---------+
       Grand Total:                   26811   1413      10204  


LINKER GENERATED COPY TABLES

__TI_cinit_table @ 00006e40 records: 2, size/record: 8, table size: 16
	.data: load addr=00006e08, load size=00000024 bytes, run addr=2000275c, run size=00000080 bytes, compression=lzss
	.bss: load addr=00006e38, load size=00000008 bytes, run addr=20002000, run size=0000075c bytes, compression=zero_init


LINKER GENERATED HANDLER TABLE

__TI_handler_table @ 00006e2c records: 3, size/record: 4, table size: 12
	index: 0, handler: __TI_decompress_lzss
	index: 1, handler: __TI_decompress_none
	index: 2, handler: __TI_zero_init


GLOBAL SYMBOLS: SORTED ALPHABETICALLY BY Name 

address   name                             
-------   ----                             
0000041d  Burst                            
00006b29  C$$EXIT                          
00002ff5  CalculateAngles                  
00004485  CalculateCurrentDifference       
00002a85  Calibrate                        
000007d9  CheckAccelGating                 
000007bf  CheckTempGating                  
00004fc7  EnableHibernation                
00002ed1  EnableMagnetometer               
00006801  EnableNoHibWakeUpPeriodic        
000002a5  EnableSleepClocking              
00003d4d  GPIOInit                         
00004fd9  HibernateMatchISR                
0000026d  InitHW                           
00004457  InitializeDateStructure          
00004425  InitializeTimeStructure          
00003dbf  LEDInit                          
00004f49  LoadRTCValue                     
00004229  ParseData                        
00000b65  PrintWarnings                    
00005027  RTCInit                          
00004f59  RTCMatchNoHib                    
00004f93  RTCMatchSetupHib                 
00004f69  RTCMatchSetupNoHib               
00004f3d  RTCModuleRCGCInit                
000003cd  RandomInitializeAddressSpace     
00002cf7  ReadAccelerometer                
000041ed  ReadData                         
00002ddb  ReadGyroscope                    
00002ef9  ReadMagnetometer                 
00002cb5  ReadRawAccelerometer             
00002d99  ReadRawGyroscope                 
00002e89  ReadTemperature                  
0000029d  Reset                            
00006aff  ResetISR                         
00003dd5  SetGatingParameters              
00005015  SetRTCWEN                        
000002b1  SingleSample                     
00005003  StartRTCCounting                 
00000b6f  Stop                             
00003d45  SystemClockInit                  
000008c1  TriggerISR                       
00003d55  TriggerInit                      
00003cd7  UARTInit                         
00003cc1  UARTRCGCInit                     
000044a7  UpdateDateandTimeValues          
00005ce3  WritePageToFlash                 
00005cd9  WritePageToFlashLevelling        
00005d6f  WriteRecordToFlash               
20002000  __STACK_END                      
00002000  __STACK_SIZE                     
20000200  __STACK_TOP                      
00006e40  __TI_CINIT_Base                  
00006e50  __TI_CINIT_Limit                 
00006e2c  __TI_Handler_Table_Base          
00006e38  __TI_Handler_Table_Limit         
000066fd  __TI_auto_init_nobinit_nopinit   
00006459  __TI_decompress_lzss             
00006ae5  __TI_decompress_none             
ffffffff  __TI_pprof_out_hndl              
00002035  __TI_printfi                     
ffffffff  __TI_prof_data_size              
ffffffff  __TI_prof_data_start             
00001545  __TI_scanfi                      
00000000  __TI_static_base__               
00006af3  __TI_zero_init                   
000060b5  __aeabi_cdcmpeq                  
000060b5  __aeabi_cdcmple                  
0000613b  __aeabi_cdrcmple                 
000062a9  __aeabi_d2f                      
0000666d  __aeabi_d2iz                     
00004d7f  __aeabi_dadd                     
0000572d  __aeabi_ddiv                     
00005dd5  __aeabi_dmul                     
00004d75  __aeabi_dsub                     
00006b15  __aeabi_errno_addr               
0000683d  __aeabi_f2d                      
00006385  __aeabi_f2lz                     
00006915  __aeabi_i2d                      
00004f2b  __aeabi_idiv0                    
000066b5  __aeabi_l2f                      
00004f2b  __aeabi_ldiv0                    
00006317  __aeabi_ldivmod                  
00006a2b  __aeabi_lmul                     
000061c1  __aeabi_memclr                   
000061c1  __aeabi_memclr4                  
000061c1  __aeabi_memclr8                  
00005f83  __aeabi_memcpy                   
00005f83  __aeabi_memcpy4                  
00005f83  __aeabi_memcpy8                  
000061c3  __aeabi_memset                   
000061c3  __aeabi_memset4                  
000061c3  __aeabi_memset8                  
0000601f  __aeabi_uldivmod                 
ffffffff  __binit__                        
ffffffff  __c_args__                       
UNDEFED   __mpu_init                       
20000000  __stack                          
000068ad  _c_int00_noargs                  
00006b30  _ctypes_                         
200027b8  _lock                            
00002a83  _nop                             
UNDEFED   _system_post_cinit               
00006b25  _system_pre_init                 
200027bc  _unlock                          
00006b29  abort                            
2000277c  acceleration_vector_prev_trigger 
20002400  address_buffer                   
00003ec9  asciiToUint8                     
00003711  atan                             
000047fd  atan2                            
000051f1  atan2f                           
000047fd  atan2l                           
000054a1  atanf                            
00003711  atanl                            
00006621  atoi                             
ffffffff  binit                            
200027c8  clear_value                      
000069f9  copysign                         
000069f9  copysignl                        
2000278c  current_address                  
20002790  current_address_buffer_tracker   
2000275c  current_samples                  
200027cc  errno                            
000064c1  frexp                            
000064c1  frexpl                           
00000000  g_pfnVectors                     
2000276c  gating_lower_acceleration        
20002774  gating_lower_temperature         
20002700  gating_parameters                
20002770  gating_upper_acceleration        
20002778  gating_upper_temperature         
00004f37  getSecondsValue                  
00004c7b  getcUart0                        
00004c8f  getsUart0                        
20002798  hysteresis_mask                  
20002768  hysterisis_threshold             
000039fd  initI2c0                         
00004ba5  initUart0                        
00004f2d  isHibWriteComplete               
00003c6b  isI2c0Error                      
20002794  is_levelling_on                  
00003deb  itoA                             
20002788  k                                
00005ab9  ldexp                            
00005ab9  ldexpl                           
200027a8  log_mask                         
0000657b  ltoa                             
20002780  magnetic_heading_prev_trigger    
00000cd1  main                             
000069dd  memccpy                          
00005f83  memcpy                           
000061c9  memset                           
20002764  nPages                           
20002754  num_samples                      
2000273c  offset_accel                     
20002748  offset_gyro                      
20002000  page                             
20002758  periodic_time_value              
00003c25  pollI2c0Address                  
00004c33  putcUart0                        
00004c4f  putsUart0                        
000068e1  rand                             
00003b75  readI2c0Register                 
00003bd3  readI2c0Registers                
00005ab9  scalbn                           
00005ab9  scalbnl                          
200027d8  set_date                         
200027c0  set_time                         
00006741  sprintf                          
00005349  sqrt                             
0000696d  sqrtf                            
00005349  sqrtl                            
00006995  srand                            
00006875  sscanf                           
20002760  starting_block_address           
20002728  str                              
00006a73  strchr                           
00006a43  strcmp                           
00006a89  strcpy                           
000069b9  strcspn                          
00006a9d  strlen                           
00006a5b  strrchr                          
00006943  strspn                           
000032b1  strtod                           
00006781  strtok                           
00005865  strtol                           
000032b1  strtold                          
00004621  strtoll                          
00005bc9  strtoul                          
00005095  strtoull                         
20002784  temperature_readings_prev_trigger
00006ad5  tolower                          
00006ac3  wcslen                           
00003a65  writeI2c0Register                
00003abb  writeI2c0Registers               


GLOBAL SYMBOLS: SORTED BY Symbol Address 

address   name                             
-------   ----                             
00000000  __TI_static_base__               
00000000  g_pfnVectors                     
0000026d  InitHW                           
0000029d  Reset                            
000002a5  EnableSleepClocking              
000002b1  SingleSample                     
000003cd  RandomInitializeAddressSpace     
0000041d  Burst                            
000007bf  CheckTempGating                  
000007d9  CheckAccelGating                 
000008c1  TriggerISR                       
00000b65  PrintWarnings                    
00000b6f  Stop                             
00000cd1  main                             
00001545  __TI_scanfi                      
00002000  __STACK_SIZE                     
00002035  __TI_printfi                     
00002a83  _nop                             
00002a85  Calibrate                        
00002cb5  ReadRawAccelerometer             
00002cf7  ReadAccelerometer                
00002d99  ReadRawGyroscope                 
00002ddb  ReadGyroscope                    
00002e89  ReadTemperature                  
00002ed1  EnableMagnetometer               
00002ef9  ReadMagnetometer                 
00002ff5  CalculateAngles                  
000032b1  strtod                           
000032b1  strtold                          
00003711  atan                             
00003711  atanl                            
000039fd  initI2c0                         
00003a65  writeI2c0Register                
00003abb  writeI2c0Registers               
00003b75  readI2c0Register                 
00003bd3  readI2c0Registers                
00003c25  pollI2c0Address                  
00003c6b  isI2c0Error                      
00003cc1  UARTRCGCInit                     
00003cd7  UARTInit                         
00003d45  SystemClockInit                  
00003d4d  GPIOInit                         
00003d55  TriggerInit                      
00003dbf  LEDInit                          
00003dd5  SetGatingParameters              
00003deb  itoA                             
00003ec9  asciiToUint8                     
000041ed  ReadData                         
00004229  ParseData                        
00004425  InitializeTimeStructure          
00004457  InitializeDateStructure          
00004485  CalculateCurrentDifference       
000044a7  UpdateDateandTimeValues          
00004621  strtoll                          
000047fd  atan2                            
000047fd  atan2l                           
00004ba5  initUart0                        
00004c33  putcUart0                        
00004c4f  putsUart0                        
00004c7b  getcUart0                        
00004c8f  getsUart0                        
00004d75  __aeabi_dsub                     
00004d7f  __aeabi_dadd                     
00004f2b  __aeabi_idiv0                    
00004f2b  __aeabi_ldiv0                    
00004f2d  isHibWriteComplete               
00004f37  getSecondsValue                  
00004f3d  RTCModuleRCGCInit                
00004f49  LoadRTCValue                     
00004f59  RTCMatchNoHib                    
00004f69  RTCMatchSetupNoHib               
00004f93  RTCMatchSetupHib                 
00004fc7  EnableHibernation                
00004fd9  HibernateMatchISR                
00005003  StartRTCCounting                 
00005015  SetRTCWEN                        
00005027  RTCInit                          
00005095  strtoull                         
000051f1  atan2f                           
00005349  sqrt                             
00005349  sqrtl                            
000054a1  atanf                            
0000572d  __aeabi_ddiv                     
00005865  strtol                           
00005ab9  ldexp                            
00005ab9  ldexpl                           
00005ab9  scalbn                           
00005ab9  scalbnl                          
00005bc9  strtoul                          
00005cd9  WritePageToFlashLevelling        
00005ce3  WritePageToFlash                 
00005d6f  WriteRecordToFlash               
00005dd5  __aeabi_dmul                     
00005f83  __aeabi_memcpy                   
00005f83  __aeabi_memcpy4                  
00005f83  __aeabi_memcpy8                  
00005f83  memcpy                           
0000601f  __aeabi_uldivmod                 
000060b5  __aeabi_cdcmpeq                  
000060b5  __aeabi_cdcmple                  
0000613b  __aeabi_cdrcmple                 
000061c1  __aeabi_memclr                   
000061c1  __aeabi_memclr4                  
000061c1  __aeabi_memclr8                  
000061c3  __aeabi_memset                   
000061c3  __aeabi_memset4                  
000061c3  __aeabi_memset8                  
000061c9  memset                           
000062a9  __aeabi_d2f                      
00006317  __aeabi_ldivmod                  
00006385  __aeabi_f2lz                     
00006459  __TI_decompress_lzss             
000064c1  frexp                            
000064c1  frexpl                           
0000657b  ltoa                             
00006621  atoi                             
0000666d  __aeabi_d2iz                     
000066b5  __aeabi_l2f                      
000066fd  __TI_auto_init_nobinit_nopinit   
00006741  sprintf                          
00006781  strtok                           
00006801  EnableNoHibWakeUpPeriodic        
0000683d  __aeabi_f2d                      
00006875  sscanf                           
000068ad  _c_int00_noargs                  
000068e1  rand                             
00006915  __aeabi_i2d                      
00006943  strspn                           
0000696d  sqrtf                            
00006995  srand                            
000069b9  strcspn                          
000069dd  memccpy                          
000069f9  copysign                         
000069f9  copysignl                        
00006a2b  __aeabi_lmul                     
00006a43  strcmp                           
00006a5b  strrchr                          
00006a73  strchr                           
00006a89  strcpy                           
00006a9d  strlen                           
00006ac3  wcslen                           
00006ad5  tolower                          
00006ae5  __TI_decompress_none             
00006af3  __TI_zero_init                   
00006aff  ResetISR                         
00006b15  __aeabi_errno_addr               
00006b25  _system_pre_init                 
00006b29  C$$EXIT                          
00006b29  abort                            
00006b30  _ctypes_                         
00006e2c  __TI_Handler_Table_Base          
00006e38  __TI_Handler_Table_Limit         
00006e40  __TI_CINIT_Base                  
00006e50  __TI_CINIT_Limit                 
20000000  __stack                          
20000200  __STACK_TOP                      
20002000  __STACK_END                      
20002000  page                             
20002400  address_buffer                   
20002700  gating_parameters                
20002728  str                              
2000273c  offset_accel                     
20002748  offset_gyro                      
20002754  num_samples                      
20002758  periodic_time_value              
2000275c  current_samples                  
20002760  starting_block_address           
20002764  nPages                           
20002768  hysterisis_threshold             
2000276c  gating_lower_acceleration        
20002770  gating_upper_acceleration        
20002774  gating_lower_temperature         
20002778  gating_upper_temperature         
2000277c  acceleration_vector_prev_trigger 
20002780  magnetic_heading_prev_trigger    
20002784  temperature_readings_prev_trigger
20002788  k                                
2000278c  current_address                  
20002790  current_address_buffer_tracker   
20002794  is_levelling_on                  
20002798  hysteresis_mask                  
200027a8  log_mask                         
200027b8  _lock                            
200027bc  _unlock                          
200027c0  set_time                         
200027c8  clear_value                      
200027cc  errno                            
200027d8  set_date                         
ffffffff  __TI_pprof_out_hndl              
ffffffff  __TI_prof_data_size              
ffffffff  __TI_prof_data_start             
ffffffff  __binit__                        
ffffffff  __c_args__                       
ffffffff  binit                            
UNDEFED   __mpu_init                       
UNDEFED   _system_post_cinit               

[196 symbols]
