<?xml version="1.0" encoding="ISO-8859-1" ?>
<link_info>
   <banner>TI ARM Linker Unix v18.12.2.LTS</banner>
   <copyright>Copyright (c) 1996-2018 Texas Instruments Incorporated</copyright>
   <link_time>0x5de1848a</link_time>
   <link_errors>0x0</link_errors>
   <output_file>OrientationTracker.out</output_file>
   <entry_point>
      <name>_c_int00_noargs</name>
      <address>0x63d5</address>
   </entry_point>
   <input_file_list>
      <input_file id="fl-1">
         <path>./</path>
         <kind>object</kind>
         <file>data.obj</file>
         <name>data.obj</name>
      </input_file>
      <input_file id="fl-2">
         <path>./</path>
         <kind>object</kind>
         <file>flash.obj</file>
         <name>flash.obj</name>
      </input_file>
      <input_file id="fl-3">
         <path>./</path>
         <kind>object</kind>
         <file>gyroscope.obj</file>
         <name>gyroscope.obj</name>
      </input_file>
      <input_file id="fl-4">
         <path>./</path>
         <kind>object</kind>
         <file>i2c0.obj</file>
         <name>i2c0.obj</name>
      </input_file>
      <input_file id="fl-5">
         <path>./</path>
         <kind>object</kind>
         <file>main.obj</file>
         <name>main.obj</name>
      </input_file>
      <input_file id="fl-6">
         <path>./</path>
         <kind>object</kind>
         <file>periodic.obj</file>
         <name>periodic.obj</name>
      </input_file>
      <input_file id="fl-7">
         <path>./</path>
         <kind>object</kind>
         <file>rtc.obj</file>
         <name>rtc.obj</name>
      </input_file>
      <input_file id="fl-8">
         <path>./</path>
         <kind>object</kind>
         <file>system_utils.obj</file>
         <name>system_utils.obj</name>
      </input_file>
      <input_file id="fl-9">
         <path>./</path>
         <kind>object</kind>
         <file>time.obj</file>
         <name>time.obj</name>
      </input_file>
      <input_file id="fl-a">
         <path>./</path>
         <kind>object</kind>
         <file>tm4c1233h6pm_startup_ccs.obj</file>
         <name>tm4c1233h6pm_startup_ccs.obj</name>
      </input_file>
      <input_file id="fl-b">
         <path>./</path>
         <kind>object</kind>
         <file>trigger.obj</file>
         <name>trigger.obj</name>
      </input_file>
      <input_file id="fl-c">
         <path>./</path>
         <kind>object</kind>
         <file>uart0.obj</file>
         <name>uart0.obj</name>
      </input_file>
      <input_file id="fl-10">
         <kind>object</kind>
         <file>&lt;internal&gt;</file>
         <name>&lt;internal&gt;</name>
      </input_file>
      <input_file id="fl-c6">
         <path>/Applications/ti/ccs910/ccs/tools/compiler/ti-cgt-arm_18.12.2.LTS/lib/</path>
         <kind>archive</kind>
         <file>rtsv7M4_T_le_v4SPD16_eabi.lib</file>
         <name>e_atan2f.c.obj</name>
      </input_file>
      <input_file id="fl-c7">
         <path>/Applications/ti/ccs910/ccs/tools/compiler/ti-cgt-arm_18.12.2.LTS/lib/</path>
         <kind>archive</kind>
         <file>rtsv7M4_T_le_v4SPD16_eabi.lib</file>
         <name>e_sqrtf.c.obj</name>
      </input_file>
      <input_file id="fl-c8">
         <path>/Applications/ti/ccs910/ccs/tools/compiler/ti-cgt-arm_18.12.2.LTS/lib/</path>
         <kind>archive</kind>
         <file>rtsv7M4_T_le_v4SPD16_eabi.lib</file>
         <name>s_atanf.c.obj</name>
      </input_file>
      <input_file id="fl-c9">
         <path>/Applications/ti/ccs910/ccs/tools/compiler/ti-cgt-arm_18.12.2.LTS/lib/</path>
         <kind>archive</kind>
         <file>rtsv7M4_T_le_v4SPD16_eabi.lib</file>
         <name>sprintf.c.obj</name>
      </input_file>
      <input_file id="fl-ca">
         <path>/Applications/ti/ccs910/ccs/tools/compiler/ti-cgt-arm_18.12.2.LTS/lib/</path>
         <kind>archive</kind>
         <file>rtsv7M4_T_le_v4SPD16_eabi.lib</file>
         <name>sscanf.c.obj</name>
      </input_file>
      <input_file id="fl-cb">
         <path>/Applications/ti/ccs910/ccs/tools/compiler/ti-cgt-arm_18.12.2.LTS/lib/</path>
         <kind>archive</kind>
         <file>rtsv7M4_T_le_v4SPD16_eabi.lib</file>
         <name>e_atan2.c.obj</name>
      </input_file>
      <input_file id="fl-cc">
         <path>/Applications/ti/ccs910/ccs/tools/compiler/ti-cgt-arm_18.12.2.LTS/lib/</path>
         <kind>archive</kind>
         <file>rtsv7M4_T_le_v4SPD16_eabi.lib</file>
         <name>e_sqrt.c.obj</name>
      </input_file>
      <input_file id="fl-cd">
         <path>/Applications/ti/ccs910/ccs/tools/compiler/ti-cgt-arm_18.12.2.LTS/lib/</path>
         <kind>archive</kind>
         <file>rtsv7M4_T_le_v4SPD16_eabi.lib</file>
         <name>s_atan.c.obj</name>
      </input_file>
      <input_file id="fl-ce">
         <path>/Applications/ti/ccs910/ccs/tools/compiler/ti-cgt-arm_18.12.2.LTS/lib/</path>
         <kind>archive</kind>
         <file>rtsv7M4_T_le_v4SPD16_eabi.lib</file>
         <name>ll_div_t2.asm.obj</name>
      </input_file>
      <input_file id="fl-cf">
         <path>/Applications/ti/ccs910/ccs/tools/compiler/ti-cgt-arm_18.12.2.LTS/lib/</path>
         <kind>archive</kind>
         <file>rtsv7M4_T_le_v4SPD16_eabi.lib</file>
         <name>ull_div_t2.asm.obj</name>
      </input_file>
      <input_file id="fl-d0">
         <path>/Applications/ti/ccs910/ccs/tools/compiler/ti-cgt-arm_18.12.2.LTS/lib/</path>
         <kind>archive</kind>
         <file>rtsv7M4_T_le_v4SPD16_eabi.lib</file>
         <name>memset_t2.asm.obj</name>
      </input_file>
      <input_file id="fl-d1">
         <path>/Applications/ti/ccs910/ccs/tools/compiler/ti-cgt-arm_18.12.2.LTS/lib/</path>
         <kind>archive</kind>
         <file>rtsv7M4_T_le_v4SPD16_eabi.lib</file>
         <name>fd_add_t2.asm.obj</name>
      </input_file>
      <input_file id="fl-d2">
         <path>/Applications/ti/ccs910/ccs/tools/compiler/ti-cgt-arm_18.12.2.LTS/lib/</path>
         <kind>archive</kind>
         <file>rtsv7M4_T_le_v4SPD16_eabi.lib</file>
         <name>fd_cmp_t2.asm.obj</name>
      </input_file>
      <input_file id="fl-d3">
         <path>/Applications/ti/ccs910/ccs/tools/compiler/ti-cgt-arm_18.12.2.LTS/lib/</path>
         <kind>archive</kind>
         <file>rtsv7M4_T_le_v4SPD16_eabi.lib</file>
         <name>fd_div_t2.asm.obj</name>
      </input_file>
      <input_file id="fl-d4">
         <path>/Applications/ti/ccs910/ccs/tools/compiler/ti-cgt-arm_18.12.2.LTS/lib/</path>
         <kind>archive</kind>
         <file>rtsv7M4_T_le_v4SPD16_eabi.lib</file>
         <name>fd_mul_t2.asm.obj</name>
      </input_file>
      <input_file id="fl-d5">
         <path>/Applications/ti/ccs910/ccs/tools/compiler/ti-cgt-arm_18.12.2.LTS/lib/</path>
         <kind>archive</kind>
         <file>rtsv7M4_T_le_v4SPD16_eabi.lib</file>
         <name>fd_toi_t2.asm.obj</name>
      </input_file>
      <input_file id="fl-d6">
         <path>/Applications/ti/ccs910/ccs/tools/compiler/ti-cgt-arm_18.12.2.LTS/lib/</path>
         <kind>archive</kind>
         <file>rtsv7M4_T_le_v4SPD16_eabi.lib</file>
         <name>fd_tos_t2.asm.obj</name>
      </input_file>
      <input_file id="fl-d7">
         <path>/Applications/ti/ccs910/ccs/tools/compiler/ti-cgt-arm_18.12.2.LTS/lib/</path>
         <kind>archive</kind>
         <file>rtsv7M4_T_le_v4SPD16_eabi.lib</file>
         <name>fs_tod_t2.asm.obj</name>
      </input_file>
      <input_file id="fl-d8">
         <path>/Applications/ti/ccs910/ccs/tools/compiler/ti-cgt-arm_18.12.2.LTS/lib/</path>
         <kind>archive</kind>
         <file>rtsv7M4_T_le_v4SPD16_eabi.lib</file>
         <name>fs_toll_t2.asm.obj</name>
      </input_file>
      <input_file id="fl-d9">
         <path>/Applications/ti/ccs910/ccs/tools/compiler/ti-cgt-arm_18.12.2.LTS/lib/</path>
         <kind>archive</kind>
         <file>rtsv7M4_T_le_v4SPD16_eabi.lib</file>
         <name>i_tofd_t2.asm.obj</name>
      </input_file>
      <input_file id="fl-da">
         <path>/Applications/ti/ccs910/ccs/tools/compiler/ti-cgt-arm_18.12.2.LTS/lib/</path>
         <kind>archive</kind>
         <file>rtsv7M4_T_le_v4SPD16_eabi.lib</file>
         <name>ll_tofs_t2.asm.obj</name>
      </input_file>
      <input_file id="fl-db">
         <path>/Applications/ti/ccs910/ccs/tools/compiler/ti-cgt-arm_18.12.2.LTS/lib/</path>
         <kind>archive</kind>
         <file>rtsv7M4_T_le_v4SPD16_eabi.lib</file>
         <name>memcpy_t2.asm.obj</name>
      </input_file>
      <input_file id="fl-dc">
         <path>/Applications/ti/ccs910/ccs/tools/compiler/ti-cgt-arm_18.12.2.LTS/lib/</path>
         <kind>archive</kind>
         <file>rtsv7M4_T_le_v4SPD16_eabi.lib</file>
         <name>copy_zero_init.c.obj</name>
      </input_file>
      <input_file id="fl-dd">
         <path>/Applications/ti/ccs910/ccs/tools/compiler/ti-cgt-arm_18.12.2.LTS/lib/</path>
         <kind>archive</kind>
         <file>rtsv7M4_T_le_v4SPD16_eabi.lib</file>
         <name>copy_decompress_none.c.obj</name>
      </input_file>
      <input_file id="fl-de">
         <path>/Applications/ti/ccs910/ccs/tools/compiler/ti-cgt-arm_18.12.2.LTS/lib/</path>
         <kind>archive</kind>
         <file>rtsv7M4_T_le_v4SPD16_eabi.lib</file>
         <name>copy_decompress_lzss.c.obj</name>
      </input_file>
      <input_file id="fl-df">
         <path>/Applications/ti/ccs910/ccs/tools/compiler/ti-cgt-arm_18.12.2.LTS/lib/</path>
         <kind>archive</kind>
         <file>rtsv7M4_T_le_v4SPD16_eabi.lib</file>
         <name>ctype.c.obj</name>
      </input_file>
      <input_file id="fl-e0">
         <path>/Applications/ti/ccs910/ccs/tools/compiler/ti-cgt-arm_18.12.2.LTS/lib/</path>
         <kind>archive</kind>
         <file>rtsv7M4_T_le_v4SPD16_eabi.lib</file>
         <name>strcmp.c.obj</name>
      </input_file>
      <input_file id="fl-e1">
         <path>/Applications/ti/ccs910/ccs/tools/compiler/ti-cgt-arm_18.12.2.LTS/lib/</path>
         <kind>archive</kind>
         <file>rtsv7M4_T_le_v4SPD16_eabi.lib</file>
         <name>strtok.c.obj</name>
      </input_file>
      <input_file id="fl-e2">
         <path>/Applications/ti/ccs910/ccs/tools/compiler/ti-cgt-arm_18.12.2.LTS/lib/</path>
         <kind>archive</kind>
         <file>rtsv7M4_T_le_v4SPD16_eabi.lib</file>
         <name>tolower.c.obj</name>
      </input_file>
      <input_file id="fl-e3">
         <path>/Applications/ti/ccs910/ccs/tools/compiler/ti-cgt-arm_18.12.2.LTS/lib/</path>
         <kind>archive</kind>
         <file>rtsv7M4_T_le_v4SPD16_eabi.lib</file>
         <name>boot_cortex_m.c.obj</name>
      </input_file>
      <input_file id="fl-e4">
         <path>/Applications/ti/ccs910/ccs/tools/compiler/ti-cgt-arm_18.12.2.LTS/lib/</path>
         <kind>archive</kind>
         <file>rtsv7M4_T_le_v4SPD16_eabi.lib</file>
         <name>errno.c.obj</name>
      </input_file>
      <input_file id="fl-e5">
         <path>/Applications/ti/ccs910/ccs/tools/compiler/ti-cgt-arm_18.12.2.LTS/lib/</path>
         <kind>archive</kind>
         <file>rtsv7M4_T_le_v4SPD16_eabi.lib</file>
         <name>_printfi.c.obj</name>
      </input_file>
      <input_file id="fl-e6">
         <path>/Applications/ti/ccs910/ccs/tools/compiler/ti-cgt-arm_18.12.2.LTS/lib/</path>
         <kind>archive</kind>
         <file>rtsv7M4_T_le_v4SPD16_eabi.lib</file>
         <name>_scanfi.c.obj</name>
      </input_file>
      <input_file id="fl-e7">
         <path>/Applications/ti/ccs910/ccs/tools/compiler/ti-cgt-arm_18.12.2.LTS/lib/</path>
         <kind>archive</kind>
         <file>rtsv7M4_T_le_v4SPD16_eabi.lib</file>
         <name>s_frexp.c.obj</name>
      </input_file>
      <input_file id="fl-e8">
         <path>/Applications/ti/ccs910/ccs/tools/compiler/ti-cgt-arm_18.12.2.LTS/lib/</path>
         <kind>archive</kind>
         <file>rtsv7M4_T_le_v4SPD16_eabi.lib</file>
         <name>s_scalbn.c.obj</name>
      </input_file>
      <input_file id="fl-e9">
         <path>/Applications/ti/ccs910/ccs/tools/compiler/ti-cgt-arm_18.12.2.LTS/lib/</path>
         <kind>archive</kind>
         <file>rtsv7M4_T_le_v4SPD16_eabi.lib</file>
         <name>div0.asm.obj</name>
      </input_file>
      <input_file id="fl-ea">
         <path>/Applications/ti/ccs910/ccs/tools/compiler/ti-cgt-arm_18.12.2.LTS/lib/</path>
         <kind>archive</kind>
         <file>rtsv7M4_T_le_v4SPD16_eabi.lib</file>
         <name>autoinit.c.obj</name>
      </input_file>
      <input_file id="fl-eb">
         <path>/Applications/ti/ccs910/ccs/tools/compiler/ti-cgt-arm_18.12.2.LTS/lib/</path>
         <kind>archive</kind>
         <file>rtsv7M4_T_le_v4SPD16_eabi.lib</file>
         <name>pre_init.c.obj</name>
      </input_file>
      <input_file id="fl-ec">
         <path>/Applications/ti/ccs910/ccs/tools/compiler/ti-cgt-arm_18.12.2.LTS/lib/</path>
         <kind>archive</kind>
         <file>rtsv7M4_T_le_v4SPD16_eabi.lib</file>
         <name>cpy_tbl.c.obj</name>
      </input_file>
      <input_file id="fl-ed">
         <path>/Applications/ti/ccs910/ccs/tools/compiler/ti-cgt-arm_18.12.2.LTS/lib/</path>
         <kind>archive</kind>
         <file>rtsv7M4_T_le_v4SPD16_eabi.lib</file>
         <name>exit.c.obj</name>
      </input_file>
      <input_file id="fl-ee">
         <path>/Applications/ti/ccs910/ccs/tools/compiler/ti-cgt-arm_18.12.2.LTS/lib/</path>
         <kind>archive</kind>
         <file>rtsv7M4_T_le_v4SPD16_eabi.lib</file>
         <name>_lock.c.obj</name>
      </input_file>
      <input_file id="fl-ef">
         <path>/Applications/ti/ccs910/ccs/tools/compiler/ti-cgt-arm_18.12.2.LTS/lib/</path>
         <kind>archive</kind>
         <file>rtsv7M4_T_le_v4SPD16_eabi.lib</file>
         <name>args_main.c.obj</name>
      </input_file>
      <input_file id="fl-f0">
         <path>/Applications/ti/ccs910/ccs/tools/compiler/ti-cgt-arm_18.12.2.LTS/lib/</path>
         <kind>archive</kind>
         <file>rtsv7M4_T_le_v4SPD16_eabi.lib</file>
         <name>atoi.c.obj</name>
      </input_file>
      <input_file id="fl-f1">
         <path>/Applications/ti/ccs910/ccs/tools/compiler/ti-cgt-arm_18.12.2.LTS/lib/</path>
         <kind>archive</kind>
         <file>rtsv7M4_T_le_v4SPD16_eabi.lib</file>
         <name>ltoa.c.obj</name>
      </input_file>
      <input_file id="fl-f2">
         <path>/Applications/ti/ccs910/ccs/tools/compiler/ti-cgt-arm_18.12.2.LTS/lib/</path>
         <kind>archive</kind>
         <file>rtsv7M4_T_le_v4SPD16_eabi.lib</file>
         <name>memccpy.c.obj</name>
      </input_file>
      <input_file id="fl-f3">
         <path>/Applications/ti/ccs910/ccs/tools/compiler/ti-cgt-arm_18.12.2.LTS/lib/</path>
         <kind>archive</kind>
         <file>rtsv7M4_T_le_v4SPD16_eabi.lib</file>
         <name>strchr.c.obj</name>
      </input_file>
      <input_file id="fl-f4">
         <path>/Applications/ti/ccs910/ccs/tools/compiler/ti-cgt-arm_18.12.2.LTS/lib/</path>
         <kind>archive</kind>
         <file>rtsv7M4_T_le_v4SPD16_eabi.lib</file>
         <name>strcpy.c.obj</name>
      </input_file>
      <input_file id="fl-f5">
         <path>/Applications/ti/ccs910/ccs/tools/compiler/ti-cgt-arm_18.12.2.LTS/lib/</path>
         <kind>archive</kind>
         <file>rtsv7M4_T_le_v4SPD16_eabi.lib</file>
         <name>strcspn.c.obj</name>
      </input_file>
      <input_file id="fl-f6">
         <path>/Applications/ti/ccs910/ccs/tools/compiler/ti-cgt-arm_18.12.2.LTS/lib/</path>
         <kind>archive</kind>
         <file>rtsv7M4_T_le_v4SPD16_eabi.lib</file>
         <name>strlen.c.obj</name>
      </input_file>
      <input_file id="fl-f7">
         <path>/Applications/ti/ccs910/ccs/tools/compiler/ti-cgt-arm_18.12.2.LTS/lib/</path>
         <kind>archive</kind>
         <file>rtsv7M4_T_le_v4SPD16_eabi.lib</file>
         <name>strrchr.c.obj</name>
      </input_file>
      <input_file id="fl-f8">
         <path>/Applications/ti/ccs910/ccs/tools/compiler/ti-cgt-arm_18.12.2.LTS/lib/</path>
         <kind>archive</kind>
         <file>rtsv7M4_T_le_v4SPD16_eabi.lib</file>
         <name>strspn.c.obj</name>
      </input_file>
      <input_file id="fl-f9">
         <path>/Applications/ti/ccs910/ccs/tools/compiler/ti-cgt-arm_18.12.2.LTS/lib/</path>
         <kind>archive</kind>
         <file>rtsv7M4_T_le_v4SPD16_eabi.lib</file>
         <name>strtod.c.obj</name>
      </input_file>
      <input_file id="fl-fa">
         <path>/Applications/ti/ccs910/ccs/tools/compiler/ti-cgt-arm_18.12.2.LTS/lib/</path>
         <kind>archive</kind>
         <file>rtsv7M4_T_le_v4SPD16_eabi.lib</file>
         <name>strtol.c.obj</name>
      </input_file>
      <input_file id="fl-fb">
         <path>/Applications/ti/ccs910/ccs/tools/compiler/ti-cgt-arm_18.12.2.LTS/lib/</path>
         <kind>archive</kind>
         <file>rtsv7M4_T_le_v4SPD16_eabi.lib</file>
         <name>strtoll.c.obj</name>
      </input_file>
      <input_file id="fl-fc">
         <path>/Applications/ti/ccs910/ccs/tools/compiler/ti-cgt-arm_18.12.2.LTS/lib/</path>
         <kind>archive</kind>
         <file>rtsv7M4_T_le_v4SPD16_eabi.lib</file>
         <name>strtoul.c.obj</name>
      </input_file>
      <input_file id="fl-fd">
         <path>/Applications/ti/ccs910/ccs/tools/compiler/ti-cgt-arm_18.12.2.LTS/lib/</path>
         <kind>archive</kind>
         <file>rtsv7M4_T_le_v4SPD16_eabi.lib</file>
         <name>strtoull.c.obj</name>
      </input_file>
      <input_file id="fl-fe">
         <path>/Applications/ti/ccs910/ccs/tools/compiler/ti-cgt-arm_18.12.2.LTS/lib/</path>
         <kind>archive</kind>
         <file>rtsv7M4_T_le_v4SPD16_eabi.lib</file>
         <name>wcslen.c.obj</name>
      </input_file>
      <input_file id="fl-ff">
         <path>/Applications/ti/ccs910/ccs/tools/compiler/ti-cgt-arm_18.12.2.LTS/lib/</path>
         <kind>archive</kind>
         <file>rtsv7M4_T_le_v4SPD16_eabi.lib</file>
         <name>s_copysign.c.obj</name>
      </input_file>
      <input_file id="fl-100">
         <path>/Applications/ti/ccs910/ccs/tools/compiler/ti-cgt-arm_18.12.2.LTS/lib/</path>
         <kind>archive</kind>
         <file>rtsv7M4_T_le_v4SPD16_eabi.lib</file>
         <name>ll_mul_t2.asm.obj</name>
      </input_file>
   </input_file_list>
   <object_component_list>
      <object_component id="oc-f">
         <name>.intvecs</name>
         <load_address>0x0</load_address>
         <run_address>0x0</run_address>
         <size>0x26c</size>
         <input_file_ref idref="fl-a"/>
      </object_component>
      <object_component id="oc-2a">
         <name>.text</name>
         <load_address>0x26c</load_address>
         <run_address>0x26c</run_address>
         <size>0xf7c</size>
         <input_file_ref idref="fl-5"/>
      </object_component>
      <object_component id="oc-234">
         <name>.text:__TI_scanfi</name>
         <load_address>0x11e8</load_address>
         <run_address>0x11e8</run_address>
         <size>0xaf0</size>
         <input_file_ref idref="fl-e6"/>
      </object_component>
      <object_component id="oc-189">
         <name>.text:__TI_printfi</name>
         <load_address>0x1cd8</load_address>
         <run_address>0x1cd8</run_address>
         <size>0xa4e</size>
         <input_file_ref idref="fl-e5"/>
      </object_component>
      <object_component id="oc-254">
         <name>.text</name>
         <load_address>0x2726</load_address>
         <run_address>0x2726</run_address>
         <size>0x2</size>
         <input_file_ref idref="fl-e9"/>
      </object_component>
      <object_component id="oc-83">
         <name>.text</name>
         <load_address>0x2728</load_address>
         <run_address>0x2728</run_address>
         <size>0x7a8</size>
         <input_file_ref idref="fl-3"/>
      </object_component>
      <object_component id="oc-31d">
         <name>.text:strtod</name>
         <load_address>0x2ed0</load_address>
         <run_address>0x2ed0</run_address>
         <size>0x460</size>
         <input_file_ref idref="fl-f9"/>
      </object_component>
      <object_component id="oc-1a5">
         <name>.text:atan</name>
         <load_address>0x3330</load_address>
         <run_address>0x3330</run_address>
         <size>0x2ec</size>
         <input_file_ref idref="fl-cd"/>
      </object_component>
      <object_component id="oc-7d">
         <name>.text</name>
         <load_address>0x361c</load_address>
         <run_address>0x361c</run_address>
         <size>0x2c4</size>
         <input_file_ref idref="fl-4"/>
      </object_component>
      <object_component id="oc-77">
         <name>.text</name>
         <load_address>0x38e0</load_address>
         <run_address>0x38e0</run_address>
         <size>0x2a4</size>
         <input_file_ref idref="fl-8"/>
      </object_component>
      <object_component id="oc-2a9">
         <name>.text:_pconv_a</name>
         <load_address>0x3b84</load_address>
         <run_address>0x3b84</run_address>
         <size>0x270</size>
         <input_file_ref idref="fl-e5"/>
      </object_component>
      <object_component id="oc-99">
         <name>.text</name>
         <load_address>0x3df4</load_address>
         <run_address>0x3df4</run_address>
         <size>0x1fc</size>
         <input_file_ref idref="fl-9"/>
      </object_component>
      <object_component id="oc-329">
         <name>.text:strtoll</name>
         <load_address>0x3ff0</load_address>
         <run_address>0x3ff0</run_address>
         <size>0x1dc</size>
         <input_file_ref idref="fl-fb"/>
      </object_component>
      <object_component id="oc-b0">
         <name>.text:atan2</name>
         <load_address>0x41cc</load_address>
         <run_address>0x41cc</run_address>
         <size>0x1d8</size>
         <input_file_ref idref="fl-cb"/>
      </object_component>
      <object_component id="oc-297">
         <name>.text:_pconv_g</name>
         <load_address>0x43a4</load_address>
         <run_address>0x43a4</run_address>
         <size>0x1d0</size>
         <input_file_ref idref="fl-e5"/>
      </object_component>
      <object_component id="oc-a5">
         <name>.text</name>
         <load_address>0x4574</load_address>
         <run_address>0x4574</run_address>
         <size>0x1d0</size>
         <input_file_ref idref="fl-c"/>
      </object_component>
      <object_component id="oc-160">
         <name>.text</name>
         <load_address>0x4744</load_address>
         <run_address>0x4744</run_address>
         <size>0x1b6</size>
         <input_file_ref idref="fl-d1"/>
      </object_component>
      <object_component id="oc-30">
         <name>.text</name>
         <load_address>0x48fc</load_address>
         <run_address>0x48fc</run_address>
         <size>0x180</size>
         <input_file_ref idref="fl-7"/>
      </object_component>
      <object_component id="oc-311">
         <name>.text:strtoull</name>
         <load_address>0x4a7c</load_address>
         <run_address>0x4a7c</run_address>
         <size>0x15c</size>
         <input_file_ref idref="fl-fd"/>
      </object_component>
      <object_component id="oc-170">
         <name>.text:atan2f</name>
         <load_address>0x4bd8</load_address>
         <run_address>0x4bd8</run_address>
         <size>0x158</size>
         <input_file_ref idref="fl-c6"/>
      </object_component>
      <object_component id="oc-8e">
         <name>.text:sqrt</name>
         <load_address>0x4d30</load_address>
         <run_address>0x4d30</run_address>
         <size>0x158</size>
         <input_file_ref idref="fl-cc"/>
      </object_component>
      <object_component id="oc-263">
         <name>.text:atanf</name>
         <load_address>0x4e88</load_address>
         <run_address>0x4e88</run_address>
         <size>0x150</size>
         <input_file_ref idref="fl-c8"/>
      </object_component>
      <object_component id="oc-ea">
         <name>.text</name>
         <load_address>0x4fd8</load_address>
         <run_address>0x4fd8</run_address>
         <size>0x140</size>
         <input_file_ref idref="fl-1"/>
      </object_component>
      <object_component id="oc-2a3">
         <name>.text:_pconv_e</name>
         <load_address>0x5118</load_address>
         <run_address>0x5118</run_address>
         <size>0x13c</size>
         <input_file_ref idref="fl-e5"/>
      </object_component>
      <object_component id="oc-bb">
         <name>.text</name>
         <load_address>0x5254</load_address>
         <run_address>0x5254</run_address>
         <size>0x136</size>
         <input_file_ref idref="fl-d3"/>
      </object_component>
      <object_component id="oc-323">
         <name>.text:strtol</name>
         <load_address>0x538c</load_address>
         <run_address>0x538c</run_address>
         <size>0x130</size>
         <input_file_ref idref="fl-fa"/>
      </object_component>
      <object_component id="oc-375">
         <name>.text:fcvt</name>
         <load_address>0x54bc</load_address>
         <run_address>0x54bc</run_address>
         <size>0x124</size>
         <input_file_ref idref="fl-e5"/>
      </object_component>
      <object_component id="oc-389">
         <name>.text:scalbn</name>
         <load_address>0x55e0</load_address>
         <run_address>0x55e0</run_address>
         <size>0x110</size>
         <input_file_ref idref="fl-e8"/>
      </object_component>
      <object_component id="oc-317">
         <name>.text:strtoul</name>
         <load_address>0x56f0</load_address>
         <run_address>0x56f0</run_address>
         <size>0x110</size>
         <input_file_ref idref="fl-fc"/>
      </object_component>
      <object_component id="oc-c0">
         <name>.text</name>
         <load_address>0x5800</load_address>
         <run_address>0x5800</run_address>
         <size>0xfc</size>
         <input_file_ref idref="fl-2"/>
      </object_component>
      <object_component id="oc-b6">
         <name>.text</name>
         <load_address>0x58fc</load_address>
         <run_address>0x58fc</run_address>
         <size>0xfc</size>
         <input_file_ref idref="fl-d4"/>
      </object_component>
      <object_component id="oc-28c">
         <name>.text:_ltostr</name>
         <load_address>0x59f8</load_address>
         <run_address>0x59f8</run_address>
         <size>0xb1</size>
         <input_file_ref idref="fl-e5"/>
      </object_component>
      <object_component id="oc-44">
         <name>.text</name>
         <load_address>0x5aaa</load_address>
         <run_address>0x5aaa</run_address>
         <size>0x9c</size>
         <input_file_ref idref="fl-db"/>
      </object_component>
      <object_component id="oc-259">
         <name>.text</name>
         <load_address>0x5b46</load_address>
         <run_address>0x5b46</run_address>
         <size>0x96</size>
         <input_file_ref idref="fl-cf"/>
      </object_component>
      <object_component id="oc-292">
         <name>.text:__aeabi_cdcmple</name>
         <load_address>0x5bdc</load_address>
         <run_address>0x5bdc</run_address>
         <size>0x86</size>
         <input_file_ref idref="fl-d2"/>
      </object_component>
      <object_component id="oc-2cd">
         <name>.text:__aeabi_cdrcmple</name>
         <load_address>0x5c62</load_address>
         <run_address>0x5c62</run_address>
         <size>0x86</size>
         <input_file_ref idref="fl-d2"/>
      </object_component>
      <object_component id="oc-129">
         <name>.text</name>
         <load_address>0x5ce8</load_address>
         <run_address>0x5ce8</run_address>
         <size>0x7a</size>
         <input_file_ref idref="fl-d0"/>
      </object_component>
      <object_component id="oc-36e">
         <name>.text:_mcpy</name>
         <load_address>0x5d62</load_address>
         <run_address>0x5d62</run_address>
         <size>0x6e</size>
         <input_file_ref idref="fl-e5"/>
      </object_component>
      <object_component id="oc-94">
         <name>.text</name>
         <load_address>0x5dd0</load_address>
         <run_address>0x5dd0</run_address>
         <size>0x6e</size>
         <input_file_ref idref="fl-d6"/>
      </object_component>
      <object_component id="oc-15b">
         <name>.text</name>
         <load_address>0x5e3e</load_address>
         <run_address>0x5e3e</run_address>
         <size>0x6e</size>
         <input_file_ref idref="fl-ce"/>
      </object_component>
      <object_component id="oc-156">
         <name>.text</name>
         <load_address>0x5eac</load_address>
         <run_address>0x5eac</run_address>
         <size>0x6c</size>
         <input_file_ref idref="fl-d8"/>
      </object_component>
      <object_component id="oc-246">
         <name>.text:_chkmbc</name>
         <load_address>0x5f18</load_address>
         <run_address>0x5f18</run_address>
         <size>0x68</size>
         <input_file_ref idref="fl-ca"/>
      </object_component>
      <object_component id="oc-12">
         <name>.text:decompress:lzss:__TI_decompress_lzss</name>
         <load_address>0x5f80</load_address>
         <run_address>0x5f80</run_address>
         <size>0x68</size>
         <input_file_ref idref="fl-de"/>
      </object_component>
      <object_component id="oc-383">
         <name>.text:frexp</name>
         <load_address>0x5fe8</load_address>
         <run_address>0x5fe8</run_address>
         <size>0x64</size>
         <input_file_ref idref="fl-e7"/>
      </object_component>
      <object_component id="oc-29d">
         <name>.text:_pconv_f</name>
         <load_address>0x604c</load_address>
         <run_address>0x604c</run_address>
         <size>0x56</size>
         <input_file_ref idref="fl-e5"/>
      </object_component>
      <object_component id="oc-362">
         <name>.text:ltoa</name>
         <load_address>0x60a2</load_address>
         <run_address>0x60a2</run_address>
         <size>0x54</size>
         <input_file_ref idref="fl-f1"/>
      </object_component>
      <object_component id="oc-368">
         <name>.text:_ecpy</name>
         <load_address>0x60f6</load_address>
         <run_address>0x60f6</run_address>
         <size>0x52</size>
         <input_file_ref idref="fl-e5"/>
      </object_component>
      <object_component id="oc-286">
         <name>.text:atoi</name>
         <load_address>0x6148</load_address>
         <run_address>0x6148</run_address>
         <size>0x4c</size>
         <input_file_ref idref="fl-f0"/>
      </object_component>
      <object_component id="oc-165">
         <name>.text</name>
         <load_address>0x6194</load_address>
         <run_address>0x6194</run_address>
         <size>0x48</size>
         <input_file_ref idref="fl-d5"/>
      </object_component>
      <object_component id="oc-151">
         <name>.text</name>
         <load_address>0x61dc</load_address>
         <run_address>0x61dc</run_address>
         <size>0x48</size>
         <input_file_ref idref="fl-da"/>
      </object_component>
      <object_component id="oc-1fd">
         <name>.text:__TI_auto_init_nobinit_nopinit:__TI_auto_init_nobinit_nopinit</name>
         <load_address>0x6224</load_address>
         <run_address>0x6224</run_address>
         <size>0x44</size>
         <input_file_ref idref="fl-ea"/>
      </object_component>
      <object_component id="oc-9f">
         <name>.text:sprintf</name>
         <load_address>0x6268</load_address>
         <run_address>0x6268</run_address>
         <size>0x40</size>
         <input_file_ref idref="fl-c9"/>
      </object_component>
      <object_component id="oc-dd">
         <name>.text:strtok</name>
         <load_address>0x62a8</load_address>
         <run_address>0x62a8</run_address>
         <size>0x40</size>
         <input_file_ref idref="fl-e1"/>
      </object_component>
      <object_component id="oc-37b">
         <name>.text:_fcpy</name>
         <load_address>0x62e8</load_address>
         <run_address>0x62e8</run_address>
         <size>0x3e</size>
         <input_file_ref idref="fl-e5"/>
      </object_component>
      <object_component id="oc-103">
         <name>.text</name>
         <load_address>0x6328</load_address>
         <run_address>0x6328</run_address>
         <size>0x3c</size>
         <input_file_ref idref="fl-6"/>
      </object_component>
      <object_component id="oc-89">
         <name>.text</name>
         <load_address>0x6364</load_address>
         <run_address>0x6364</run_address>
         <size>0x38</size>
         <input_file_ref idref="fl-d7"/>
      </object_component>
      <object_component id="oc-147">
         <name>.text:sscanf</name>
         <load_address>0x639c</load_address>
         <run_address>0x639c</run_address>
         <size>0x38</size>
         <input_file_ref idref="fl-ca"/>
      </object_component>
      <object_component id="oc-62">
         <name>.text:_c_int00_noargs:_c_int00_noargs</name>
         <load_address>0x63d4</load_address>
         <run_address>0x63d4</run_address>
         <size>0x34</size>
         <input_file_ref idref="fl-e3"/>
      </object_component>
      <object_component id="oc-ab">
         <name>.text</name>
         <load_address>0x6408</load_address>
         <run_address>0x6408</run_address>
         <size>0x2e</size>
         <input_file_ref idref="fl-d9"/>
      </object_component>
      <object_component id="oc-1c2">
         <name>.text:strspn</name>
         <load_address>0x6436</load_address>
         <run_address>0x6436</run_address>
         <size>0x2a</size>
         <input_file_ref idref="fl-f8"/>
      </object_component>
      <object_component id="oc-16a">
         <name>.text:sqrtf</name>
         <load_address>0x6460</load_address>
         <run_address>0x6460</run_address>
         <size>0x28</size>
         <input_file_ref idref="fl-c7"/>
      </object_component>
      <object_component id="oc-1c8">
         <name>.text:strcspn</name>
         <load_address>0x6488</load_address>
         <run_address>0x6488</run_address>
         <size>0x24</size>
         <input_file_ref idref="fl-f5"/>
      </object_component>
      <object_component id="oc-2af">
         <name>.text:memccpy</name>
         <load_address>0x64ac</load_address>
         <run_address>0x64ac</run_address>
         <size>0x1c</size>
         <input_file_ref idref="fl-f2"/>
      </object_component>
      <object_component id="oc-401">
         <name>.text:copysign</name>
         <load_address>0x64c8</load_address>
         <run_address>0x64c8</run_address>
         <size>0x1a</size>
         <input_file_ref idref="fl-ff"/>
      </object_component>
      <object_component id="oc-18f">
         <name>.text:_outs</name>
         <load_address>0x64e2</load_address>
         <run_address>0x64e2</run_address>
         <size>0x18</size>
         <input_file_ref idref="fl-c9"/>
      </object_component>
      <object_component id="oc-3d8">
         <name>.text</name>
         <load_address>0x64fa</load_address>
         <run_address>0x64fa</run_address>
         <size>0x18</size>
         <input_file_ref idref="fl-100"/>
      </object_component>
      <object_component id="oc-e3">
         <name>.text:strcmp</name>
         <load_address>0x6512</load_address>
         <run_address>0x6512</run_address>
         <size>0x18</size>
         <input_file_ref idref="fl-e0"/>
      </object_component>
      <object_component id="oc-32f">
         <name>.text:strrchr</name>
         <load_address>0x652a</load_address>
         <run_address>0x652a</run_address>
         <size>0x18</size>
         <input_file_ref idref="fl-f7"/>
      </object_component>
      <object_component id="oc-335">
         <name>.text:strchr</name>
         <load_address>0x6542</load_address>
         <run_address>0x6542</run_address>
         <size>0x16</size>
         <input_file_ref idref="fl-f3"/>
      </object_component>
      <object_component id="oc-30b">
         <name>.text:strcpy</name>
         <load_address>0x6558</load_address>
         <run_address>0x6558</run_address>
         <size>0x14</size>
         <input_file_ref idref="fl-f4"/>
      </object_component>
      <object_component id="oc-280">
         <name>.text:strlen</name>
         <load_address>0x656c</load_address>
         <run_address>0x656c</run_address>
         <size>0x14</size>
         <input_file_ref idref="fl-f6"/>
      </object_component>
      <object_component id="oc-23a">
         <name>.text:_inpchar</name>
         <load_address>0x6580</load_address>
         <run_address>0x6580</run_address>
         <size>0x12</size>
         <input_file_ref idref="fl-ca"/>
      </object_component>
      <object_component id="oc-2b5">
         <name>.text:wcslen</name>
         <load_address>0x6592</load_address>
         <run_address>0x6592</run_address>
         <size>0x12</size>
         <input_file_ref idref="fl-fe"/>
      </object_component>
      <object_component id="oc-141">
         <name>.text:tolower</name>
         <load_address>0x65a4</load_address>
         <run_address>0x65a4</run_address>
         <size>0x10</size>
         <input_file_ref idref="fl-e2"/>
      </object_component>
      <object_component id="oc-18">
         <name>.text:decompress:none:__TI_decompress_none</name>
         <load_address>0x65b4</load_address>
         <run_address>0x65b4</run_address>
         <size>0xe</size>
         <input_file_ref idref="fl-dd"/>
      </object_component>
      <object_component id="oc-56">
         <name>.text:decompress:ZI:__TI_zero_init</name>
         <load_address>0x65c2</load_address>
         <run_address>0x65c2</run_address>
         <size>0xc</size>
         <input_file_ref idref="fl-dc"/>
      </object_component>
      <object_component id="oc-24">
         <name>.text</name>
         <load_address>0x65ce</load_address>
         <run_address>0x65ce</run_address>
         <size>0xc</size>
         <input_file_ref idref="fl-a"/>
      </object_component>
      <object_component id="oc-195">
         <name>.text:_outc</name>
         <load_address>0x65da</load_address>
         <run_address>0x65da</run_address>
         <size>0xa</size>
         <input_file_ref idref="fl-c9"/>
      </object_component>
      <object_component id="oc-179">
         <name>.text:__aeabi_errno_addr</name>
         <load_address>0x65e4</load_address>
         <run_address>0x65e4</run_address>
         <size>0x8</size>
         <input_file_ref idref="fl-e4"/>
      </object_component>
      <object_component id="oc-240">
         <name>.text:_uninpchar</name>
         <load_address>0x65ec</load_address>
         <run_address>0x65ec</run_address>
         <size>0x8</size>
         <input_file_ref idref="fl-ca"/>
      </object_component>
      <object_component id="oc-12f">
         <name>.text:_system_pre_init</name>
         <load_address>0x65f4</load_address>
         <run_address>0x65f4</run_address>
         <size>0x4</size>
         <input_file_ref idref="fl-eb"/>
      </object_component>
      <object_component id="oc-1f1">
         <name>.text:abort:abort</name>
         <load_address>0x65f8</load_address>
         <run_address>0x65f8</run_address>
         <size>0x4</size>
         <input_file_ref idref="fl-ed"/>
      </object_component>
      <object_component id="oc-f0">
         <name>.const:$P$T0$1</name>
         <load_address>0x6600</load_address>
         <run_address>0x6600</run_address>
         <size>0x400</size>
         <input_file_ref idref="fl-5"/>
      </object_component>
      <object_component id="oc-22f">
         <name>.const:.string:_ctypes_</name>
         <load_address>0x6a00</load_address>
         <run_address>0x6a00</run_address>
         <size>0x101</size>
         <input_file_ref idref="fl-df"/>
      </object_component>
      <object_component id="oc-3e1">
         <name>.const:$O1$$</name>
         <load_address>0x6b08</load_address>
         <run_address>0x6b08</run_address>
         <size>0xc8</size>
         <input_file_ref idref="fl-f9"/>
      </object_component>
      <object_component id="oc-2d2">
         <name>.const:$O1$$</name>
         <load_address>0x6bd0</load_address>
         <run_address>0x6bd0</run_address>
         <size>0x98</size>
         <input_file_ref idref="fl-cd"/>
      </object_component>
      <object_component id="oc-34d">
         <name>.const:$O1$$</name>
         <load_address>0x6c68</load_address>
         <run_address>0x6c68</run_address>
         <size>0x34</size>
         <input_file_ref idref="fl-c8"/>
      </object_component>
      <object_component id="oc-33b">
         <name>.const:$O1$$</name>
         <load_address>0x6c9c</load_address>
         <run_address>0x6c9c</run_address>
         <size>0x10</size>
         <input_file_ref idref="fl-e6"/>
      </object_component>
      <object_component id="oc-46d">
         <name>.cinit..data.load</name>
         <load_address>0x6cb0</load_address>
         <run_address>0x6cb0</run_address>
         <size>0x15</size>
      </object_component>
      <object_component id="oc-46b">
         <name>__TI_handler_table</name>
         <load_address>0x6cc8</load_address>
         <run_address>0x6cc8</run_address>
         <size>0xc</size>
      </object_component>
      <object_component id="oc-46e">
         <name>.cinit..bss.load</name>
         <load_address>0x6cd8</load_address>
         <run_address>0x6cd8</run_address>
         <size>0x8</size>
      </object_component>
      <object_component id="oc-46c">
         <name>__TI_cinit_table</name>
         <load_address>0x6ce0</load_address>
         <run_address>0x6ce0</run_address>
         <size>0x10</size>
      </object_component>
      <object_component id="oc-d4">
         <name>.data</name>
         <load_address>0x2000245c</load_address>
         <run_address>0x2000245c</run_address>
         <size>0x30</size>
         <input_file_ref idref="fl-5"/>
      </object_component>
      <object_component id="oc-ca">
         <name>.data:set_time</name>
         <load_address>0x200024ac</load_address>
         <run_address>0x200024ac</run_address>
         <size>0x8</size>
         <input_file_ref idref="fl-5"/>
      </object_component>
      <object_component id="oc-cd">
         <name>.data:set_date</name>
         <load_address>0x200024c0</load_address>
         <run_address>0x200024c0</run_address>
         <size>0x4</size>
         <input_file_ref idref="fl-5"/>
      </object_component>
      <object_component id="oc-d0">
         <name>.data:log_mask</name>
         <load_address>0x2000249c</load_address>
         <run_address>0x2000249c</run_address>
         <size>0x10</size>
         <input_file_ref idref="fl-5"/>
      </object_component>
      <object_component id="oc-d9">
         <name>.data:hysteresis_mask</name>
         <load_address>0x2000248c</load_address>
         <run_address>0x2000248c</run_address>
         <size>0x10</size>
         <input_file_ref idref="fl-5"/>
      </object_component>
      <object_component id="oc-109">
         <name>.data</name>
         <load_address>0x200024b4</load_address>
         <run_address>0x200024b4</run_address>
         <size>0x4</size>
         <input_file_ref idref="fl-7"/>
      </object_component>
      <object_component id="oc-1ce">
         <name>.data</name>
         <load_address>0x200024bc</load_address>
         <run_address>0x200024bc</run_address>
         <size>0x4</size>
         <input_file_ref idref="fl-e1"/>
      </object_component>
      <object_component id="oc-272">
         <name>.data</name>
         <load_address>0x200024b8</load_address>
         <run_address>0x200024b8</run_address>
         <size>0x4</size>
         <input_file_ref idref="fl-e4"/>
      </object_component>
      <object_component id="oc-c9">
         <name>.common:offset_accel</name>
         <uninitialized>true</uninitialized>
         <run_address>0x2000243c</run_address>
         <size>0xc</size>
      </object_component>
      <object_component id="oc-c6">
         <name>.common:offset_gyro</name>
         <uninitialized>true</uninitialized>
         <run_address>0x20002448</run_address>
         <size>0xc</size>
      </object_component>
      <object_component id="oc-d3">
         <name>.common:str</name>
         <uninitialized>true</uninitialized>
         <run_address>0x20002428</run_address>
         <size>0x14</size>
      </object_component>
      <object_component id="oc-e9">
         <name>.common:periodic_time_value</name>
         <uninitialized>true</uninitialized>
         <run_address>0x20002458</run_address>
         <size>0x4</size>
      </object_component>
      <object_component id="oc-d8">
         <name>.common:gating_parameters</name>
         <uninitialized>true</uninitialized>
         <run_address>0x20002400</run_address>
         <size>0x28</size>
      </object_component>
      <object_component id="oc-dc">
         <name>.common:num_samples</name>
         <uninitialized>true</uninitialized>
         <run_address>0x20002454</run_address>
         <size>0x4</size>
      </object_component>
      <object_component id="oc-d7">
         <name>.common:page</name>
         <uninitialized>true</uninitialized>
         <run_address>0x20002000</run_address>
         <size>0x400</size>
      </object_component>
      <object_component id="oc-21">
         <name>.stack</name>
         <uninitialized>true</uninitialized>
         <run_address>0x20000000</run_address>
         <size>0x4</size>
         <input_file_ref idref="fl-e3"/>
      </object_component>
      <object_component id="oc-46f">
         <name>.stack</name>
         <uninitialized>true</uninitialized>
         <run_address>0x20000000</run_address>
         <size>0x0</size>
      </object_component>
      <object_component id="oc-1d6">
         <name>.debug_info</name>
         <load_address>0x0</load_address>
         <run_address>0x0</run_address>
         <size>0x2d2</size>
         <input_file_ref idref="fl-1"/>
      </object_component>
      <object_component id="oc-eb">
         <name>.debug_info</name>
         <load_address>0x2d2</load_address>
         <run_address>0x2d2</run_address>
         <size>0x32b</size>
         <input_file_ref idref="fl-1"/>
      </object_component>
      <object_component id="oc-10f">
         <name>.debug_info</name>
         <load_address>0x5fd</load_address>
         <run_address>0x5fd</run_address>
         <size>0x26b</size>
         <input_file_ref idref="fl-1"/>
      </object_component>
      <object_component id="oc-fe">
         <name>.debug_info</name>
         <load_address>0x868</load_address>
         <run_address>0x868</run_address>
         <size>0x109</size>
         <input_file_ref idref="fl-1"/>
      </object_component>
      <object_component id="oc-3f">
         <name>.debug_info</name>
         <load_address>0x971</load_address>
         <run_address>0x971</run_address>
         <size>0x84</size>
         <input_file_ref idref="fl-1"/>
      </object_component>
      <object_component id="oc-1d9">
         <name>.debug_info</name>
         <load_address>0x9f5</load_address>
         <run_address>0x9f5</run_address>
         <size>0x297</size>
         <input_file_ref idref="fl-1"/>
      </object_component>
      <object_component id="oc-f4">
         <name>.debug_info</name>
         <load_address>0xc8c</load_address>
         <run_address>0xc8c</run_address>
         <size>0xbb</size>
         <input_file_ref idref="fl-1"/>
      </object_component>
      <object_component id="oc-1b0">
         <name>.debug_info</name>
         <load_address>0xd47</load_address>
         <run_address>0xd47</run_address>
         <size>0x27a</size>
         <input_file_ref idref="fl-2"/>
      </object_component>
      <object_component id="oc-c1">
         <name>.debug_info</name>
         <load_address>0xfc1</load_address>
         <run_address>0xfc1</run_address>
         <size>0x337</size>
         <input_file_ref idref="fl-2"/>
      </object_component>
      <object_component id="oc-1e8">
         <name>.debug_info</name>
         <load_address>0x12f8</load_address>
         <run_address>0x12f8</run_address>
         <size>0x2c</size>
         <input_file_ref idref="fl-2"/>
      </object_component>
      <object_component id="oc-177">
         <name>.debug_info</name>
         <load_address>0x1324</load_address>
         <run_address>0x1324</run_address>
         <size>0x418</size>
         <input_file_ref idref="fl-3"/>
      </object_component>
      <object_component id="oc-84">
         <name>.debug_info</name>
         <load_address>0x173c</load_address>
         <run_address>0x173c</run_address>
         <size>0xf6f</size>
         <input_file_ref idref="fl-3"/>
      </object_component>
      <object_component id="oc-150">
         <name>.debug_info</name>
         <load_address>0x26ab</load_address>
         <run_address>0x26ab</run_address>
         <size>0x26e</size>
         <input_file_ref idref="fl-4"/>
      </object_component>
      <object_component id="oc-7e">
         <name>.debug_info</name>
         <load_address>0x2919</load_address>
         <run_address>0x2919</run_address>
         <size>0x516</size>
         <input_file_ref idref="fl-4"/>
      </object_component>
      <object_component id="oc-f9">
         <name>.debug_info</name>
         <load_address>0x2e2f</load_address>
         <run_address>0x2e2f</run_address>
         <size>0x8b</size>
         <input_file_ref idref="fl-4"/>
      </object_component>
      <object_component id="oc-c7">
         <name>.debug_info</name>
         <load_address>0x2eba</load_address>
         <run_address>0x2eba</run_address>
         <size>0x9f9</size>
         <input_file_ref idref="fl-5"/>
      </object_component>
      <object_component id="oc-d5">
         <name>.debug_info</name>
         <load_address>0x38b3</load_address>
         <run_address>0x38b3</run_address>
         <size>0x388</size>
         <input_file_ref idref="fl-5"/>
      </object_component>
      <object_component id="oc-cb">
         <name>.debug_info</name>
         <load_address>0x3c3b</load_address>
         <run_address>0x3c3b</run_address>
         <size>0xdd</size>
         <input_file_ref idref="fl-5"/>
      </object_component>
      <object_component id="oc-ce">
         <name>.debug_info</name>
         <load_address>0x3d18</load_address>
         <run_address>0x3d18</run_address>
         <size>0xdd</size>
         <input_file_ref idref="fl-5"/>
      </object_component>
      <object_component id="oc-d1">
         <name>.debug_info</name>
         <load_address>0x3df5</load_address>
         <run_address>0x3df5</run_address>
         <size>0xdd</size>
         <input_file_ref idref="fl-5"/>
      </object_component>
      <object_component id="oc-da">
         <name>.debug_info</name>
         <load_address>0x3ed2</load_address>
         <run_address>0x3ed2</run_address>
         <size>0xeb</size>
         <input_file_ref idref="fl-5"/>
      </object_component>
      <object_component id="oc-f1">
         <name>.debug_info</name>
         <load_address>0x3fbd</load_address>
         <run_address>0x3fbd</run_address>
         <size>0xdb</size>
         <input_file_ref idref="fl-5"/>
      </object_component>
      <object_component id="oc-2b">
         <name>.debug_info</name>
         <load_address>0x4098</load_address>
         <run_address>0x4098</run_address>
         <size>0x149a</size>
         <input_file_ref idref="fl-5"/>
      </object_component>
      <object_component id="oc-1b3">
         <name>.debug_info</name>
         <load_address>0x5532</load_address>
         <run_address>0x5532</run_address>
         <size>0xc7</size>
         <input_file_ref idref="fl-5"/>
      </object_component>
      <object_component id="oc-19d">
         <name>.debug_info</name>
         <load_address>0x55f9</load_address>
         <run_address>0x55f9</run_address>
         <size>0x2c</size>
         <input_file_ref idref="fl-5"/>
      </object_component>
      <object_component id="oc-104">
         <name>.debug_info</name>
         <load_address>0x5625</load_address>
         <run_address>0x5625</run_address>
         <size>0x1fb</size>
         <input_file_ref idref="fl-6"/>
      </object_component>
      <object_component id="oc-10a">
         <name>.debug_info</name>
         <load_address>0x5820</load_address>
         <run_address>0x5820</run_address>
         <size>0xe2</size>
         <input_file_ref idref="fl-7"/>
      </object_component>
      <object_component id="oc-31">
         <name>.debug_info</name>
         <load_address>0x5902</load_address>
         <run_address>0x5902</run_address>
         <size>0x762</size>
         <input_file_ref idref="fl-7"/>
      </object_component>
      <object_component id="oc-14e">
         <name>.debug_info</name>
         <load_address>0x6064</load_address>
         <run_address>0x6064</run_address>
         <size>0x2b9</size>
         <input_file_ref idref="fl-8"/>
      </object_component>
      <object_component id="oc-78">
         <name>.debug_info</name>
         <load_address>0x631d</load_address>
         <run_address>0x631d</run_address>
         <size>0x536</size>
         <input_file_ref idref="fl-8"/>
      </object_component>
      <object_component id="oc-188">
         <name>.debug_info</name>
         <load_address>0x6853</load_address>
         <run_address>0x6853</run_address>
         <size>0x29e</size>
         <input_file_ref idref="fl-9"/>
      </object_component>
      <object_component id="oc-9a">
         <name>.debug_info</name>
         <load_address>0x6af1</load_address>
         <run_address>0x6af1</run_address>
         <size>0x64a</size>
         <input_file_ref idref="fl-9"/>
      </object_component>
      <object_component id="oc-38">
         <name>.debug_info</name>
         <load_address>0x713b</load_address>
         <run_address>0x713b</run_address>
         <size>0x300</size>
         <input_file_ref idref="fl-a"/>
      </object_component>
      <object_component id="oc-10">
         <name>.debug_info</name>
         <load_address>0x743b</load_address>
         <run_address>0x743b</run_address>
         <size>0xf9</size>
         <input_file_ref idref="fl-a"/>
      </object_component>
      <object_component id="oc-25">
         <name>.debug_info</name>
         <load_address>0x7534</load_address>
         <run_address>0x7534</run_address>
         <size>0x275</size>
         <input_file_ref idref="fl-a"/>
      </object_component>
      <object_component id="oc-1a3">
         <name>.debug_info</name>
         <load_address>0x77a9</load_address>
         <run_address>0x77a9</run_address>
         <size>0x26f</size>
         <input_file_ref idref="fl-c"/>
      </object_component>
      <object_component id="oc-a6">
         <name>.debug_info</name>
         <load_address>0x7a18</load_address>
         <run_address>0x7a18</run_address>
         <size>0x316</size>
         <input_file_ref idref="fl-c"/>
      </object_component>
      <object_component id="oc-26a">
         <name>.debug_info</name>
         <load_address>0x7d2e</load_address>
         <run_address>0x7d2e</run_address>
         <size>0x2b2</size>
         <input_file_ref idref="fl-c6"/>
      </object_component>
      <object_component id="oc-173">
         <name>.debug_info</name>
         <load_address>0x7fe0</load_address>
         <run_address>0x7fe0</run_address>
         <size>0x1eb</size>
         <input_file_ref idref="fl-c6"/>
      </object_component>
      <object_component id="oc-353">
         <name>.debug_info</name>
         <load_address>0x81cb</load_address>
         <run_address>0x81cb</run_address>
         <size>0x39</size>
         <input_file_ref idref="fl-c6"/>
      </object_component>
      <object_component id="oc-26b">
         <name>.debug_info</name>
         <load_address>0x8204</load_address>
         <run_address>0x8204</run_address>
         <size>0x2c</size>
         <input_file_ref idref="fl-c6"/>
      </object_component>
      <object_component id="oc-262">
         <name>.debug_info</name>
         <load_address>0x8230</load_address>
         <run_address>0x8230</run_address>
         <size>0x2cc</size>
         <input_file_ref idref="fl-c7"/>
      </object_component>
      <object_component id="oc-16b">
         <name>.debug_info</name>
         <load_address>0x84fc</load_address>
         <run_address>0x84fc</run_address>
         <size>0x172</size>
         <input_file_ref idref="fl-c7"/>
      </object_component>
      <object_component id="oc-3f3">
         <name>.debug_info</name>
         <load_address>0x866e</load_address>
         <run_address>0x866e</run_address>
         <size>0x2f9</size>
         <input_file_ref idref="fl-c8"/>
      </object_component>
      <object_component id="oc-34e">
         <name>.debug_info</name>
         <load_address>0x8967</load_address>
         <run_address>0x8967</run_address>
         <size>0x133</size>
         <input_file_ref idref="fl-c8"/>
      </object_component>
      <object_component id="oc-267">
         <name>.debug_info</name>
         <load_address>0x8a9a</load_address>
         <run_address>0x8a9a</run_address>
         <size>0x1ae</size>
         <input_file_ref idref="fl-c8"/>
      </object_component>
      <object_component id="oc-19c">
         <name>.debug_info</name>
         <load_address>0x8c48</load_address>
         <run_address>0x8c48</run_address>
         <size>0x334</size>
         <input_file_ref idref="fl-c9"/>
      </object_component>
      <object_component id="oc-a1">
         <name>.debug_info</name>
         <load_address>0x8f7c</load_address>
         <run_address>0x8f7c</run_address>
         <size>0x1d2</size>
         <input_file_ref idref="fl-c9"/>
      </object_component>
      <object_component id="oc-191">
         <name>.debug_info</name>
         <load_address>0x914e</load_address>
         <run_address>0x914e</run_address>
         <size>0x18e</size>
         <input_file_ref idref="fl-c9"/>
      </object_component>
      <object_component id="oc-197">
         <name>.debug_info</name>
         <load_address>0x92dc</load_address>
         <run_address>0x92dc</run_address>
         <size>0x16e</size>
         <input_file_ref idref="fl-c9"/>
      </object_component>
      <object_component id="oc-39b">
         <name>.debug_info</name>
         <load_address>0x944a</load_address>
         <run_address>0x944a</run_address>
         <size>0x2c</size>
         <input_file_ref idref="fl-c9"/>
      </object_component>
      <object_component id="oc-24d">
         <name>.debug_info</name>
         <load_address>0x9476</load_address>
         <run_address>0x9476</run_address>
         <size>0x37b</size>
         <input_file_ref idref="fl-ca"/>
      </object_component>
      <object_component id="oc-14a">
         <name>.debug_info</name>
         <load_address>0x97f1</load_address>
         <run_address>0x97f1</run_address>
         <size>0x17f</size>
         <input_file_ref idref="fl-ca"/>
      </object_component>
      <object_component id="oc-243">
         <name>.debug_info</name>
         <load_address>0x9970</load_address>
         <run_address>0x9970</run_address>
         <size>0x172</size>
         <input_file_ref idref="fl-ca"/>
      </object_component>
      <object_component id="oc-23d">
         <name>.debug_info</name>
         <load_address>0x9ae2</load_address>
         <run_address>0x9ae2</run_address>
         <size>0x17f</size>
         <input_file_ref idref="fl-ca"/>
      </object_component>
      <object_component id="oc-249">
         <name>.debug_info</name>
         <load_address>0x9c61</load_address>
         <run_address>0x9c61</run_address>
         <size>0x1df</size>
         <input_file_ref idref="fl-ca"/>
      </object_component>
      <object_component id="oc-1ac">
         <name>.debug_info</name>
         <load_address>0x9e40</load_address>
         <run_address>0x9e40</run_address>
         <size>0x2af</size>
         <input_file_ref idref="fl-cb"/>
      </object_component>
      <object_component id="oc-b1">
         <name>.debug_info</name>
         <load_address>0xa0ef</load_address>
         <run_address>0xa0ef</run_address>
         <size>0x248</size>
         <input_file_ref idref="fl-cb"/>
      </object_component>
      <object_component id="oc-277">
         <name>.debug_info</name>
         <load_address>0xa337</load_address>
         <run_address>0xa337</run_address>
         <size>0x46</size>
         <input_file_ref idref="fl-cb"/>
      </object_component>
      <object_component id="oc-180">
         <name>.debug_info</name>
         <load_address>0xa37d</load_address>
         <run_address>0xa37d</run_address>
         <size>0x39</size>
         <input_file_ref idref="fl-cb"/>
      </object_component>
      <object_component id="oc-185">
         <name>.debug_info</name>
         <load_address>0xa3b6</load_address>
         <run_address>0xa3b6</run_address>
         <size>0x2cb</size>
         <input_file_ref idref="fl-cc"/>
      </object_component>
      <object_component id="oc-91">
         <name>.debug_info</name>
         <load_address>0xa681</load_address>
         <run_address>0xa681</run_address>
         <size>0x24e</size>
         <input_file_ref idref="fl-cc"/>
      </object_component>
      <object_component id="oc-3ad">
         <name>.debug_info</name>
         <load_address>0xa8cf</load_address>
         <run_address>0xa8cf</run_address>
         <size>0x2f8</size>
         <input_file_ref idref="fl-cd"/>
      </object_component>
      <object_component id="oc-2d3">
         <name>.debug_info</name>
         <load_address>0xabc7</load_address>
         <run_address>0xabc7</run_address>
         <size>0x132</size>
         <input_file_ref idref="fl-cd"/>
      </object_component>
      <object_component id="oc-1a9">
         <name>.debug_info</name>
         <load_address>0xacf9</load_address>
         <run_address>0xacf9</run_address>
         <size>0x4ad</size>
         <input_file_ref idref="fl-cd"/>
      </object_component>
      <object_component id="oc-15c">
         <name>.debug_info</name>
         <load_address>0xb1a6</load_address>
         <run_address>0xb1a6</run_address>
         <size>0x140</size>
         <input_file_ref idref="fl-ce"/>
      </object_component>
      <object_component id="oc-25a">
         <name>.debug_info</name>
         <load_address>0xb2e6</load_address>
         <run_address>0xb2e6</run_address>
         <size>0x135</size>
         <input_file_ref idref="fl-cf"/>
      </object_component>
      <object_component id="oc-12b">
         <name>.debug_info</name>
         <load_address>0xb41b</load_address>
         <run_address>0xb41b</run_address>
         <size>0x148</size>
         <input_file_ref idref="fl-d0"/>
      </object_component>
      <object_component id="oc-161">
         <name>.debug_info</name>
         <load_address>0xb563</load_address>
         <run_address>0xb563</run_address>
         <size>0x14d</size>
         <input_file_ref idref="fl-d1"/>
      </object_component>
      <object_component id="oc-293">
         <name>.debug_info</name>
         <load_address>0xb6b0</load_address>
         <run_address>0xb6b0</run_address>
         <size>0x129</size>
         <input_file_ref idref="fl-d2"/>
      </object_component>
      <object_component id="oc-2ce">
         <name>.debug_info</name>
         <load_address>0xb7d9</load_address>
         <run_address>0xb7d9</run_address>
         <size>0x12b</size>
         <input_file_ref idref="fl-d2"/>
      </object_component>
      <object_component id="oc-bc">
         <name>.debug_info</name>
         <load_address>0xb904</load_address>
         <run_address>0xb904</run_address>
         <size>0x13b</size>
         <input_file_ref idref="fl-d3"/>
      </object_component>
      <object_component id="oc-b7">
         <name>.debug_info</name>
         <load_address>0xba3f</load_address>
         <run_address>0xba3f</run_address>
         <size>0x13b</size>
         <input_file_ref idref="fl-d4"/>
      </object_component>
      <object_component id="oc-166">
         <name>.debug_info</name>
         <load_address>0xbb7a</load_address>
         <run_address>0xbb7a</run_address>
         <size>0x12f</size>
         <input_file_ref idref="fl-d5"/>
      </object_component>
      <object_component id="oc-95">
         <name>.debug_info</name>
         <load_address>0xbca9</load_address>
         <run_address>0xbca9</run_address>
         <size>0x13f</size>
         <input_file_ref idref="fl-d6"/>
      </object_component>
      <object_component id="oc-8a">
         <name>.debug_info</name>
         <load_address>0xbde8</load_address>
         <run_address>0xbde8</run_address>
         <size>0x12d</size>
         <input_file_ref idref="fl-d7"/>
      </object_component>
      <object_component id="oc-157">
         <name>.debug_info</name>
         <load_address>0xbf15</load_address>
         <run_address>0xbf15</run_address>
         <size>0x136</size>
         <input_file_ref idref="fl-d8"/>
      </object_component>
      <object_component id="oc-ac">
         <name>.debug_info</name>
         <load_address>0xc04b</load_address>
         <run_address>0xc04b</run_address>
         <size>0x12d</size>
         <input_file_ref idref="fl-d9"/>
      </object_component>
      <object_component id="oc-152">
         <name>.debug_info</name>
         <load_address>0xc178</load_address>
         <run_address>0xc178</run_address>
         <size>0x12b</size>
         <input_file_ref idref="fl-da"/>
      </object_component>
      <object_component id="oc-45">
         <name>.debug_info</name>
         <load_address>0xc2a3</load_address>
         <run_address>0xc2a3</run_address>
         <size>0x11a</size>
         <input_file_ref idref="fl-db"/>
      </object_component>
      <object_component id="oc-128">
         <name>.debug_info</name>
         <load_address>0xc3bd</load_address>
         <run_address>0xc3bd</run_address>
         <size>0x2d5</size>
         <input_file_ref idref="fl-dc"/>
      </object_component>
      <object_component id="oc-57">
         <name>.debug_info</name>
         <load_address>0xc692</load_address>
         <run_address>0xc692</run_address>
         <size>0x1b6</size>
         <input_file_ref idref="fl-dc"/>
      </object_component>
      <object_component id="oc-123">
         <name>.debug_info</name>
         <load_address>0xc848</load_address>
         <run_address>0xc848</run_address>
         <size>0x46</size>
         <input_file_ref idref="fl-dc"/>
      </object_component>
      <object_component id="oc-4f">
         <name>.debug_info</name>
         <load_address>0xc88e</load_address>
         <run_address>0xc88e</run_address>
         <size>0x2a9</size>
         <input_file_ref idref="fl-dd"/>
      </object_component>
      <object_component id="oc-19">
         <name>.debug_info</name>
         <load_address>0xcb37</load_address>
         <run_address>0xcb37</run_address>
         <size>0x1eb</size>
         <input_file_ref idref="fl-dd"/>
      </object_component>
      <object_component id="oc-4a">
         <name>.debug_info</name>
         <load_address>0xcd22</load_address>
         <run_address>0xcd22</run_address>
         <size>0x46</size>
         <input_file_ref idref="fl-dd"/>
      </object_component>
      <object_component id="oc-11b">
         <name>.debug_info</name>
         <load_address>0xcd68</load_address>
         <run_address>0xcd68</run_address>
         <size>0x2c</size>
         <input_file_ref idref="fl-dd"/>
      </object_component>
      <object_component id="oc-119">
         <name>.debug_info</name>
         <load_address>0xcd94</load_address>
         <run_address>0xcd94</run_address>
         <size>0x29f</size>
         <input_file_ref idref="fl-de"/>
      </object_component>
      <object_component id="oc-13">
         <name>.debug_info</name>
         <load_address>0xd033</load_address>
         <run_address>0xd033</run_address>
         <size>0x251</size>
         <input_file_ref idref="fl-de"/>
      </object_component>
      <object_component id="oc-3a">
         <name>.debug_info</name>
         <load_address>0xd284</load_address>
         <run_address>0xd284</run_address>
         <size>0x60</size>
         <input_file_ref idref="fl-de"/>
      </object_component>
      <object_component id="oc-1e1">
         <name>.debug_info</name>
         <load_address>0xd2e4</load_address>
         <run_address>0xd2e4</run_address>
         <size>0x46</size>
         <input_file_ref idref="fl-de"/>
      </object_component>
      <object_component id="oc-114">
         <name>.debug_info</name>
         <load_address>0xd32a</load_address>
         <run_address>0xd32a</run_address>
         <size>0x39</size>
         <input_file_ref idref="fl-de"/>
      </object_component>
      <object_component id="oc-308">
         <name>.debug_info</name>
         <load_address>0xd363</load_address>
         <run_address>0xd363</run_address>
         <size>0xfa</size>
         <input_file_ref idref="fl-df"/>
      </object_component>
      <object_component id="oc-230">
         <name>.debug_info</name>
         <load_address>0xd45d</load_address>
         <run_address>0xd45d</run_address>
         <size>0x106</size>
         <input_file_ref idref="fl-df"/>
      </object_component>
      <object_component id="oc-1d4">
         <name>.debug_info</name>
         <load_address>0xd563</load_address>
         <run_address>0xd563</run_address>
         <size>0x28b</size>
         <input_file_ref idref="fl-e0"/>
      </object_component>
      <object_component id="oc-e4">
         <name>.debug_info</name>
         <load_address>0xd7ee</load_address>
         <run_address>0xd7ee</run_address>
         <size>0x274</size>
         <input_file_ref idref="fl-e0"/>
      </object_component>
      <object_component id="oc-1d2">
         <name>.debug_info</name>
         <load_address>0xda62</load_address>
         <run_address>0xda62</run_address>
         <size>0x2ff</size>
         <input_file_ref idref="fl-e1"/>
      </object_component>
      <object_component id="oc-1cf">
         <name>.debug_info</name>
         <load_address>0xdd61</load_address>
         <run_address>0xdd61</run_address>
         <size>0x106</size>
         <input_file_ref idref="fl-e1"/>
      </object_component>
      <object_component id="oc-de">
         <name>.debug_info</name>
         <load_address>0xde67</load_address>
         <run_address>0xde67</run_address>
         <size>0x1ac</size>
         <input_file_ref idref="fl-e1"/>
      </object_component>
      <object_component id="oc-233">
         <name>.debug_info</name>
         <load_address>0xe013</load_address>
         <run_address>0xe013</run_address>
         <size>0x2b7</size>
         <input_file_ref idref="fl-e2"/>
      </object_component>
      <object_component id="oc-142">
         <name>.debug_info</name>
         <load_address>0xe2ca</load_address>
         <run_address>0xe2ca</run_address>
         <size>0x155</size>
         <input_file_ref idref="fl-e2"/>
      </object_component>
      <object_component id="oc-22">
         <name>.debug_info</name>
         <load_address>0xe41f</load_address>
         <run_address>0xe41f</run_address>
         <size>0x10c</size>
         <input_file_ref idref="fl-e3"/>
      </object_component>
      <object_component id="oc-63">
         <name>.debug_info</name>
         <load_address>0xe52b</load_address>
         <run_address>0xe52b</run_address>
         <size>0x1aa</size>
         <input_file_ref idref="fl-e3"/>
      </object_component>
      <object_component id="oc-276">
         <name>.debug_info</name>
         <load_address>0xe6d5</load_address>
         <run_address>0xe6d5</run_address>
         <size>0x28a</size>
         <input_file_ref idref="fl-e4"/>
      </object_component>
      <object_component id="oc-273">
         <name>.debug_info</name>
         <load_address>0xe95f</load_address>
         <run_address>0xe95f</run_address>
         <size>0x10f</size>
         <input_file_ref idref="fl-e4"/>
      </object_component>
      <object_component id="oc-17a">
         <name>.debug_info</name>
         <load_address>0xea6e</load_address>
         <run_address>0xea6e</run_address>
         <size>0x14f</size>
         <input_file_ref idref="fl-e4"/>
      </object_component>
      <object_component id="oc-2bc">
         <name>.debug_info</name>
         <load_address>0xebbd</load_address>
         <run_address>0xebbd</run_address>
         <size>0x57c</size>
         <input_file_ref idref="fl-e5"/>
      </object_component>
      <object_component id="oc-28e">
         <name>.debug_info</name>
         <load_address>0xf139</load_address>
         <run_address>0xf139</run_address>
         <size>0x21f</size>
         <input_file_ref idref="fl-e5"/>
      </object_component>
      <object_component id="oc-369">
         <name>.debug_info</name>
         <load_address>0xf358</load_address>
         <run_address>0xf358</run_address>
         <size>0x1b4</size>
         <input_file_ref idref="fl-e5"/>
      </object_component>
      <object_component id="oc-36f">
         <name>.debug_info</name>
         <load_address>0xf50c</load_address>
         <run_address>0xf50c</run_address>
         <size>0x21c</size>
         <input_file_ref idref="fl-e5"/>
      </object_component>
      <object_component id="oc-298">
         <name>.debug_info</name>
         <load_address>0xf728</load_address>
         <run_address>0xf728</run_address>
         <size>0x3bc</size>
         <input_file_ref idref="fl-e5"/>
      </object_component>
      <object_component id="oc-376">
         <name>.debug_info</name>
         <load_address>0xfae4</load_address>
         <run_address>0xfae4</run_address>
         <size>0x306</size>
         <input_file_ref idref="fl-e5"/>
      </object_component>
      <object_component id="oc-37c">
         <name>.debug_info</name>
         <load_address>0xfdea</load_address>
         <run_address>0xfdea</run_address>
         <size>0x216</size>
         <input_file_ref idref="fl-e5"/>
      </object_component>
      <object_component id="oc-29e">
         <name>.debug_info</name>
         <load_address>0x10000</load_address>
         <run_address>0x10000</run_address>
         <size>0x216</size>
         <input_file_ref idref="fl-e5"/>
      </object_component>
      <object_component id="oc-2a4">
         <name>.debug_info</name>
         <load_address>0x10216</load_address>
         <run_address>0x10216</run_address>
         <size>0x305</size>
         <input_file_ref idref="fl-e5"/>
      </object_component>
      <object_component id="oc-2aa">
         <name>.debug_info</name>
         <load_address>0x1051b</load_address>
         <run_address>0x1051b</run_address>
         <size>0x4b1</size>
         <input_file_ref idref="fl-e5"/>
      </object_component>
      <object_component id="oc-18a">
         <name>.debug_info</name>
         <load_address>0x109cc</load_address>
         <run_address>0x109cc</run_address>
         <size>0x5f5</size>
         <input_file_ref idref="fl-e5"/>
      </object_component>
      <object_component id="oc-2bd">
         <name>.debug_info</name>
         <load_address>0x10fc1</load_address>
         <run_address>0x10fc1</run_address>
         <size>0x86</size>
         <input_file_ref idref="fl-e5"/>
      </object_component>
      <object_component id="oc-3a0">
         <name>.debug_info</name>
         <load_address>0x11047</load_address>
         <run_address>0x11047</run_address>
         <size>0x39</size>
         <input_file_ref idref="fl-e5"/>
      </object_component>
      <object_component id="oc-412">
         <name>.debug_info</name>
         <load_address>0x11080</load_address>
         <run_address>0x11080</run_address>
         <size>0xb6</size>
         <input_file_ref idref="fl-e5"/>
      </object_component>
      <object_component id="oc-3a5">
         <name>.debug_info</name>
         <load_address>0x11136</load_address>
         <run_address>0x11136</run_address>
         <size>0x46</size>
         <input_file_ref idref="fl-e5"/>
      </object_component>
      <object_component id="oc-2c2">
         <name>.debug_info</name>
         <load_address>0x1117c</load_address>
         <run_address>0x1117c</run_address>
         <size>0x46</size>
         <input_file_ref idref="fl-e5"/>
      </object_component>
      <object_component id="oc-33d">
         <name>.debug_info</name>
         <load_address>0x111c2</load_address>
         <run_address>0x111c2</run_address>
         <size>0x5cf</size>
         <input_file_ref idref="fl-e6"/>
      </object_component>
      <object_component id="oc-237">
         <name>.debug_info</name>
         <load_address>0x11791</load_address>
         <run_address>0x11791</run_address>
         <size>0x984</size>
         <input_file_ref idref="fl-e6"/>
      </object_component>
      <object_component id="oc-33f">
         <name>.debug_info</name>
         <load_address>0x12115</load_address>
         <run_address>0x12115</run_address>
         <size>0x9a</size>
         <input_file_ref idref="fl-e6"/>
      </object_component>
      <object_component id="oc-400">
         <name>.debug_info</name>
         <load_address>0x121af</load_address>
         <run_address>0x121af</run_address>
         <size>0x29b</size>
         <input_file_ref idref="fl-e7"/>
      </object_component>
      <object_component id="oc-384">
         <name>.debug_info</name>
         <load_address>0x1244a</load_address>
         <run_address>0x1244a</run_address>
         <size>0x196</size>
         <input_file_ref idref="fl-e7"/>
      </object_component>
      <object_component id="oc-408">
         <name>.debug_info</name>
         <load_address>0x125e0</load_address>
         <run_address>0x125e0</run_address>
         <size>0x2fe</size>
         <input_file_ref idref="fl-e8"/>
      </object_component>
      <object_component id="oc-38d">
         <name>.debug_info</name>
         <load_address>0x128de</load_address>
         <run_address>0x128de</run_address>
         <size>0x226</size>
         <input_file_ref idref="fl-e8"/>
      </object_component>
      <object_component id="oc-255">
         <name>.debug_info</name>
         <load_address>0x12b04</load_address>
         <run_address>0x12b04</run_address>
         <size>0x116</size>
         <input_file_ref idref="fl-e9"/>
      </object_component>
      <object_component id="oc-2f1">
         <name>.debug_info</name>
         <load_address>0x12c1a</load_address>
         <run_address>0x12c1a</run_address>
         <size>0x4b4</size>
         <input_file_ref idref="fl-ea"/>
      </object_component>
      <object_component id="oc-200">
         <name>.debug_info</name>
         <load_address>0x130ce</load_address>
         <run_address>0x130ce</run_address>
         <size>0x1a7</size>
         <input_file_ref idref="fl-ea"/>
      </object_component>
      <object_component id="oc-3c3">
         <name>.debug_info</name>
         <load_address>0x13275</load_address>
         <run_address>0x13275</run_address>
         <size>0x39</size>
         <input_file_ref idref="fl-ea"/>
      </object_component>
      <object_component id="oc-41c">
         <name>.debug_info</name>
         <load_address>0x132ae</load_address>
         <run_address>0x132ae</run_address>
         <size>0x39</size>
         <input_file_ref idref="fl-ea"/>
      </object_component>
      <object_component id="oc-3c8">
         <name>.debug_info</name>
         <load_address>0x132e7</load_address>
         <run_address>0x132e7</run_address>
         <size>0x39</size>
         <input_file_ref idref="fl-ea"/>
      </object_component>
      <object_component id="oc-3cd">
         <name>.debug_info</name>
         <load_address>0x13320</load_address>
         <run_address>0x13320</run_address>
         <size>0xcd</size>
         <input_file_ref idref="fl-ea"/>
      </object_component>
[...]
      </symbol>
      <symbol id="sm-239">
         <name>hysteresis_mask</name>
         <value>0x2000248c</value>
         <object_component_ref idref="oc-d9"/>
      </symbol>
      <symbol id="sm-23a">
         <name>CheckTempGating</name>
         <value>0x6cd</value>
         <object_component_ref idref="oc-2a"/>
      </symbol>
      <symbol id="sm-23b">
         <name>gating_upper_temperature</name>
         <value>0x20002474</value>
         <object_component_ref idref="oc-d4"/>
      </symbol>
      <symbol id="sm-23c">
         <name>gating_lower_acceleration</name>
         <value>0x20002468</value>
         <object_component_ref idref="oc-d4"/>
      </symbol>
      <symbol id="sm-23d">
         <name>gating_lower_temperature</name>
         <value>0x20002470</value>
         <object_component_ref idref="oc-d4"/>
      </symbol>
      <symbol id="sm-23e">
         <name>current_address</name>
         <value>0x20002488</value>
         <object_component_ref idref="oc-d4"/>
      </symbol>
      <symbol id="sm-23f">
         <name>magnetic_heading_prev_trigger</name>
         <value>0x2000247c</value>
         <object_component_ref idref="oc-d4"/>
      </symbol>
      <symbol id="sm-240">
         <name>set_time</name>
         <value>0x200024ac</value>
         <object_component_ref idref="oc-ca"/>
      </symbol>
      <symbol id="sm-241">
         <name>hysterisis_threshold</name>
         <value>0x20002464</value>
         <object_component_ref idref="oc-d4"/>
      </symbol>
      <symbol id="sm-242">
         <name>set_date</name>
         <value>0x200024c0</value>
         <object_component_ref idref="oc-cd"/>
      </symbol>
      <symbol id="sm-243">
         <name>TriggerISR</name>
         <value>0x7b5</value>
         <object_component_ref idref="oc-2a"/>
      </symbol>
      <symbol id="sm-24f">
         <name>EnableNoHibWakeUpPeriodic</name>
         <value>0x6329</value>
         <object_component_ref idref="oc-103"/>
      </symbol>
      <symbol id="sm-27b">
         <name>RTCInit</name>
         <value>0x4a0f</value>
         <object_component_ref idref="oc-30"/>
      </symbol>
      <symbol id="sm-27c">
         <name>EnableHibernation</name>
         <value>0x4997</value>
         <object_component_ref idref="oc-30"/>
      </symbol>
      <symbol id="sm-27d">
         <name>LoadRTCValue</name>
         <value>0x4919</value>
         <object_component_ref idref="oc-30"/>
      </symbol>
      <symbol id="sm-27e">
         <name>SetRTCWEN</name>
         <value>0x49fd</value>
         <object_component_ref idref="oc-30"/>
      </symbol>
      <symbol id="sm-27f">
         <name>getSecondsValue</name>
         <value>0x4907</value>
         <object_component_ref idref="oc-30"/>
      </symbol>
      <symbol id="sm-280">
         <name>RTCMatchNoHib</name>
         <value>0x4929</value>
         <object_component_ref idref="oc-30"/>
      </symbol>
      <symbol id="sm-281">
         <name>isHibWriteComplete</name>
         <value>0x48fd</value>
         <object_component_ref idref="oc-30"/>
      </symbol>
      <symbol id="sm-282">
         <name>StartRTCCounting</name>
         <value>0x49eb</value>
         <object_component_ref idref="oc-30"/>
      </symbol>
      <symbol id="sm-283">
         <name>RTCMatchSetupHib</name>
         <value>0x4963</value>
         <object_component_ref idref="oc-30"/>
      </symbol>
      <symbol id="sm-284">
         <name>RTCMatchSetupNoHib</name>
         <value>0x4939</value>
         <object_component_ref idref="oc-30"/>
      </symbol>
      <symbol id="sm-285">
         <name>RTCModuleRCGCInit</name>
         <value>0x490d</value>
         <object_component_ref idref="oc-30"/>
      </symbol>
      <symbol id="sm-286">
         <name>HibernateMatchISR</name>
         <value>0x49a9</value>
         <object_component_ref idref="oc-30"/>
      </symbol>
      <symbol id="sm-287">
         <name>clear_value</name>
         <value>0x200024b4</value>
         <object_component_ref idref="oc-109"/>
      </symbol>
      <symbol id="sm-2c2">
         <name>UARTRCGCInit</name>
         <value>0x38e1</value>
         <object_component_ref idref="oc-77"/>
      </symbol>
      <symbol id="sm-2c3">
         <name>asciiToUint8</name>
         <value>0x3ad3</value>
         <object_component_ref idref="oc-77"/>
      </symbol>
      <symbol id="sm-2c4">
         <name>TriggerInit</name>
         <value>0x3975</value>
         <object_component_ref idref="oc-77"/>
      </symbol>
      <symbol id="sm-2c5">
         <name>UARTInit</name>
         <value>0x38f7</value>
         <object_component_ref idref="oc-77"/>
      </symbol>
      <symbol id="sm-2c6">
         <name>GPIOInit</name>
         <value>0x396d</value>
         <object_component_ref idref="oc-77"/>
      </symbol>
      <symbol id="sm-2c7">
         <name>SetGatingParameters</name>
         <value>0x39df</value>
         <object_component_ref idref="oc-77"/>
      </symbol>
      <symbol id="sm-2c8">
         <name>itoA</name>
         <value>0x39f5</value>
         <object_component_ref idref="oc-77"/>
      </symbol>
      <symbol id="sm-2c9">
         <name>SystemClockInit</name>
         <value>0x3965</value>
         <object_component_ref idref="oc-77"/>
      </symbol>
      <symbol id="sm-2e2">
         <name>InitializeTimeStructure</name>
         <value>0x3df5</value>
         <object_component_ref idref="oc-99"/>
      </symbol>
      <symbol id="sm-2e3">
         <name>CalculateCurrentDifference</name>
         <value>0x3e55</value>
         <object_component_ref idref="oc-99"/>
      </symbol>
      <symbol id="sm-2e4">
         <name>UpdateDateandTimeValues</name>
         <value>0x3e77</value>
         <object_component_ref idref="oc-99"/>
      </symbol>
      <symbol id="sm-2e5">
         <name>InitializeDateStructure</name>
         <value>0x3e27</value>
         <object_component_ref idref="oc-99"/>
      </symbol>
      <symbol id="sm-301">
         <name>ResetISR</name>
         <value>0x65cf</value>
         <object_component_ref idref="oc-24"/>
      </symbol>
      <symbol id="sm-302">
         <name>g_pfnVectors</name>
         <value>0x0</value>
         <object_component_ref idref="oc-f"/>
      </symbol>
      <symbol id="sm-331">
         <name>getcUart0</name>
         <value>0x464b</value>
         <object_component_ref idref="oc-a5"/>
      </symbol>
      <symbol id="sm-332">
         <name>putsUart0</name>
         <value>0x461f</value>
         <object_component_ref idref="oc-a5"/>
      </symbol>
      <symbol id="sm-333">
         <name>initUart0</name>
         <value>0x4575</value>
         <object_component_ref idref="oc-a5"/>
      </symbol>
      <symbol id="sm-334">
         <name>putcUart0</name>
         <value>0x4603</value>
         <object_component_ref idref="oc-a5"/>
      </symbol>
      <symbol id="sm-335">
         <name>getsUart0</name>
         <value>0x465f</value>
         <object_component_ref idref="oc-a5"/>
      </symbol>
      <symbol id="sm-371">
         <name>atan2f</name>
         <value>0x4bd9</value>
         <object_component_ref idref="oc-170"/>
      </symbol>
      <symbol id="sm-381">
         <name>sqrtf</name>
         <value>0x6461</value>
         <object_component_ref idref="oc-16a"/>
      </symbol>
      <symbol id="sm-3ae">
         <name>atanf</name>
         <value>0x4e89</value>
         <object_component_ref idref="oc-263"/>
      </symbol>
      <symbol id="sm-3d5">
         <name>sprintf</name>
         <value>0x6269</value>
         <object_component_ref idref="oc-9f"/>
      </symbol>
      <symbol id="sm-40c">
         <name>sscanf</name>
         <value>0x639d</value>
         <object_component_ref idref="oc-147"/>
      </symbol>
      <symbol id="sm-44e">
         <name>atan2</name>
         <value>0x41cd</value>
         <object_component_ref idref="oc-b0"/>
      </symbol>
      <symbol id="sm-44f">
         <name>atan2l</name>
         <value>0x41cd</value>
         <object_component_ref idref="oc-b0"/>
      </symbol>
      <symbol id="sm-471">
         <name>sqrtl</name>
         <value>0x4d31</value>
         <object_component_ref idref="oc-8e"/>
      </symbol>
      <symbol id="sm-472">
         <name>sqrt</name>
         <value>0x4d31</value>
         <object_component_ref idref="oc-8e"/>
      </symbol>
      <symbol id="sm-4a8">
         <name>atanl</name>
         <value>0x3331</value>
         <object_component_ref idref="oc-1a5"/>
      </symbol>
      <symbol id="sm-4a9">
         <name>atan</name>
         <value>0x3331</value>
         <object_component_ref idref="oc-1a5"/>
      </symbol>
      <symbol id="sm-4b7">
         <name>__aeabi_ldivmod</name>
         <value>0x5e3f</value>
         <object_component_ref idref="oc-15b"/>
      </symbol>
      <symbol id="sm-4c4">
         <name>__aeabi_uldivmod</name>
         <value>0x5b47</value>
         <object_component_ref idref="oc-259"/>
      </symbol>
      <symbol id="sm-4d3">
         <name>__aeabi_memset</name>
         <value>0x5ceb</value>
         <object_component_ref idref="oc-129"/>
      </symbol>
      <symbol id="sm-4d4">
         <name>memset</name>
         <value>0x5cf1</value>
         <object_component_ref idref="oc-129"/>
      </symbol>
      <symbol id="sm-4d5">
         <name>__aeabi_memset8</name>
         <value>0x5ceb</value>
         <object_component_ref idref="oc-129"/>
      </symbol>
      <symbol id="sm-4d6">
         <name>__aeabi_memset4</name>
         <value>0x5ceb</value>
         <object_component_ref idref="oc-129"/>
      </symbol>
      <symbol id="sm-4d7">
         <name>__aeabi_memclr8</name>
         <value>0x5ce9</value>
         <object_component_ref idref="oc-129"/>
      </symbol>
      <symbol id="sm-4d8">
         <name>__aeabi_memclr4</name>
         <value>0x5ce9</value>
         <object_component_ref idref="oc-129"/>
      </symbol>
      <symbol id="sm-4d9">
         <name>__aeabi_memclr</name>
         <value>0x5ce9</value>
         <object_component_ref idref="oc-129"/>
      </symbol>
      <symbol id="sm-4f0">
         <name>__aeabi_dsub</name>
         <value>0x4745</value>
         <object_component_ref idref="oc-160"/>
      </symbol>
      <symbol id="sm-4f1">
         <name>__aeabi_dadd</name>
         <value>0x474f</value>
         <object_component_ref idref="oc-160"/>
      </symbol>
      <symbol id="sm-513">
         <name>__aeabi_cdcmpeq</name>
         <value>0x5bdd</value>
         <object_component_ref idref="oc-292"/>
      </symbol>
      <symbol id="sm-514">
         <name>__aeabi_cdcmple</name>
         <value>0x5bdd</value>
         <object_component_ref idref="oc-292"/>
      </symbol>
      <symbol id="sm-515">
         <name>__aeabi_cdrcmple</name>
         <value>0x5c63</value>
         <object_component_ref idref="oc-2cd"/>
      </symbol>
      <symbol id="sm-529">
         <name>__aeabi_ddiv</name>
         <value>0x5255</value>
         <object_component_ref idref="oc-bb"/>
      </symbol>
      <symbol id="sm-534">
         <name>__aeabi_dmul</name>
         <value>0x58fd</value>
         <object_component_ref idref="oc-b6"/>
      </symbol>
      <symbol id="sm-53e">
         <name>__aeabi_d2iz</name>
         <value>0x6195</value>
         <object_component_ref idref="oc-165"/>
      </symbol>
      <symbol id="sm-54a">
         <name>__aeabi_d2f</name>
         <value>0x5dd1</value>
         <object_component_ref idref="oc-94"/>
      </symbol>
      <symbol id="sm-555">
         <name>__aeabi_f2d</name>
         <value>0x6365</value>
         <object_component_ref idref="oc-89"/>
      </symbol>
      <symbol id="sm-560">
         <name>__aeabi_f2lz</name>
         <value>0x5ead</value>
         <object_component_ref idref="oc-156"/>
      </symbol>
      <symbol id="sm-56a">
         <name>__aeabi_i2d</name>
         <value>0x6409</value>
         <object_component_ref idref="oc-ab"/>
      </symbol>
      <symbol id="sm-575">
         <name>__aeabi_l2f</name>
         <value>0x61dd</value>
         <object_component_ref idref="oc-151"/>
      </symbol>
      <symbol id="sm-590">
         <name>memcpy</name>
         <value>0x5aab</value>
         <object_component_ref idref="oc-44"/>
      </symbol>
      <symbol id="sm-591">
         <name>__aeabi_memcpy</name>
         <value>0x5aab</value>
         <object_component_ref idref="oc-44"/>
      </symbol>
      <symbol id="sm-592">
         <name>__aeabi_memcpy8</name>
         <value>0x5aab</value>
         <object_component_ref idref="oc-44"/>
      </symbol>
      <symbol id="sm-593">
         <name>__aeabi_memcpy4</name>
         <value>0x5aab</value>
         <object_component_ref idref="oc-44"/>
      </symbol>
      <symbol id="sm-5a5">
         <name>__TI_zero_init</name>
         <value>0x65c3</value>
         <object_component_ref idref="oc-56"/>
      </symbol>
      <symbol id="sm-5bc">
         <name>__TI_decompress_none</name>
         <value>0x65b5</value>
         <object_component_ref idref="oc-18"/>
      </symbol>
      <symbol id="sm-5df">
         <name>__TI_decompress_lzss</name>
         <value>0x5f81</value>
         <object_component_ref idref="oc-12"/>
      </symbol>
      <symbol id="sm-5ea">
         <name>_ctypes_</name>
         <value>0x6a00</value>
         <object_component_ref idref="oc-22f"/>
      </symbol>
      <symbol id="sm-5f9">
         <name>strcmp</name>
         <value>0x6513</value>
         <object_component_ref idref="oc-e3"/>
      </symbol>
      <symbol id="sm-611">
         <name>strtok</name>
         <value>0x62a9</value>
         <object_component_ref idref="oc-dd"/>
      </symbol>
      <symbol id="sm-620">
         <name>tolower</name>
         <value>0x65a5</value>
         <object_component_ref idref="oc-141"/>
      </symbol>
      <symbol id="sm-633">
         <name>__stack</name>
         <value>0x20000000</value>
         <object_component_ref idref="oc-21"/>
      </symbol>
      <symbol id="sm-634">
         <name>_c_int00_noargs</name>
         <value>0x63d5</value>
         <object_component_ref idref="oc-62"/>
      </symbol>
      <symbol id="sm-64a">
         <name>__aeabi_errno_addr</name>
         <value>0x65e5</value>
         <object_component_ref idref="oc-179"/>
      </symbol>
      <symbol id="sm-64b">
         <name>errno</name>
         <value>0x200024b8</value>
         <object_component_ref idref="oc-272"/>
      </symbol>
      <symbol id="sm-7b0">
         <name>__TI_printfi</name>
         <value>0x1cd9</value>
         <object_component_ref idref="oc-189"/>
      </symbol>
      <symbol id="sm-861">
         <name>__TI_scanfi</name>
         <value>0x11e9</value>
         <object_component_ref idref="oc-234"/>
      </symbol>
      <symbol id="sm-877">
         <name>frexpl</name>
         <value>0x5fe9</value>
         <object_component_ref idref="oc-383"/>
      </symbol>
      <symbol id="sm-878">
         <name>frexp</name>
         <value>0x5fe9</value>
         <object_component_ref idref="oc-383"/>
      </symbol>
      <symbol id="sm-895">
         <name>scalbn</name>
         <value>0x55e1</value>
         <object_component_ref idref="oc-389"/>
      </symbol>
      <symbol id="sm-896">
         <name>scalbnl</name>
         <value>0x55e1</value>
         <object_component_ref idref="oc-389"/>
      </symbol>
      <symbol id="sm-897">
         <name>ldexpl</name>
         <value>0x55e1</value>
         <object_component_ref idref="oc-389"/>
      </symbol>
      <symbol id="sm-898">
         <name>ldexp</name>
         <value>0x55e1</value>
         <object_component_ref idref="oc-389"/>
      </symbol>
      <symbol id="sm-8a2">
         <name>__aeabi_idiv0</name>
         <value>0x2727</value>
         <object_component_ref idref="oc-254"/>
      </symbol>
      <symbol id="sm-8a3">
         <name>__aeabi_ldiv0</name>
         <value>0x2727</value>
         <object_component_ref idref="oc-254"/>
      </symbol>
      <symbol id="sm-8cb">
         <name>__TI_auto_init_nobinit_nopinit</name>
         <value>0x6225</value>
         <object_component_ref idref="oc-1fd"/>
      </symbol>
      <symbol id="sm-8d5">
         <name>_system_pre_init</name>
         <value>0x65f5</value>
         <object_component_ref idref="oc-12f"/>
      </symbol>
      <symbol id="sm-8e1">
         <name>C$$EXIT</name>
         <value>0x65f9</value>
         <object_component_ref idref="oc-1f1"/>
      </symbol>
      <symbol id="sm-8e2">
         <name>abort</name>
         <value>0x65f9</value>
         <object_component_ref idref="oc-1f1"/>
      </symbol>
      <symbol id="sm-8fa">
         <name>atoi</name>
         <value>0x6149</value>
         <object_component_ref idref="oc-286"/>
      </symbol>
      <symbol id="sm-909">
         <name>ltoa</name>
         <value>0x60a3</value>
         <object_component_ref idref="oc-362"/>
      </symbol>
      <symbol id="sm-919">
         <name>memccpy</name>
         <value>0x64ad</value>
         <object_component_ref idref="oc-2af"/>
      </symbol>
      <symbol id="sm-929">
         <name>strchr</name>
         <value>0x6543</value>
         <object_component_ref idref="oc-335"/>
      </symbol>
      <symbol id="sm-937">
         <name>strcpy</name>
         <value>0x6559</value>
         <object_component_ref idref="oc-30b"/>
      </symbol>
      <symbol id="sm-948">
         <name>strcspn</name>
         <value>0x6489</value>
         <object_component_ref idref="oc-1c8"/>
      </symbol>
      <symbol id="sm-956">
         <name>strlen</name>
         <value>0x656d</value>
         <object_component_ref idref="oc-280"/>
      </symbol>
      <symbol id="sm-965">
         <name>strrchr</name>
         <value>0x652b</value>
         <object_component_ref idref="oc-32f"/>
      </symbol>
      <symbol id="sm-977">
         <name>strspn</name>
         <value>0x6437</value>
         <object_component_ref idref="oc-1c2"/>
      </symbol>
      <symbol id="sm-9d7">
         <name>strtold</name>
         <value>0x2ed1</value>
         <object_component_ref idref="oc-31d"/>
      </symbol>
      <symbol id="sm-9d8">
         <name>strtod</name>
         <value>0x2ed1</value>
         <object_component_ref idref="oc-31d"/>
      </symbol>
      <symbol id="sm-9fc">
         <name>strtol</name>
         <value>0x538d</value>
         <object_component_ref idref="oc-323"/>
      </symbol>
      <symbol id="sm-a22">
         <name>strtoll</name>
         <value>0x3ff1</value>
         <object_component_ref idref="oc-329"/>
      </symbol>
      <symbol id="sm-a42">
         <name>strtoul</name>
         <value>0x56f1</value>
         <object_component_ref idref="oc-317"/>
      </symbol>
      <symbol id="sm-a65">
         <name>strtoull</name>
         <value>0x4a7d</value>
         <object_component_ref idref="oc-311"/>
      </symbol>
      <symbol id="sm-a7e">
         <name>wcslen</name>
         <value>0x6593</value>
         <object_component_ref idref="oc-2b5"/>
      </symbol>
      <symbol id="sm-a88">
         <name>copysign</name>
         <value>0x64c9</value>
         <object_component_ref idref="oc-401"/>
      </symbol>
      <symbol id="sm-a89">
         <name>copysignl</name>
         <value>0x64c9</value>
         <object_component_ref idref="oc-401"/>
      </symbol>
      <symbol id="sm-a92">
         <name>__aeabi_lmul</name>
         <value>0x64fb</value>
         <object_component_ref idref="oc-3d8"/>
      </symbol>
      <symbol id="sm-a93">
         <name>__TI_static_base__</name>
         <value>0x0</value>
      </symbol>
      <symbol id="sm-a96">
         <name>__mpu_init</name>
         <value>0x0</value>
      </symbol>
      <symbol id="sm-a97">
         <name>_system_post_cinit</name>
         <value>0x0</value>
      </symbol>
   </symbol_table>
   <title>Link successful</title>
</link_info>
