******************************************************************************
                  TI ARM Linker Unix v18.12.2                  
******************************************************************************
>> Linked Tue Nov 26 15:21:59 2019

OUTPUT FILE NAME:   <OrientationTracker.out>
ENTRY POINT SYMBOL: "_c_int00_noargs"  address: 000055a5


MEMORY CONFIGURATION

         name            origin    length      used     unused   attr    fill
----------------------  --------  ---------  --------  --------  ----  --------
  FLASH                 00000000   00040000  00005ee8  0003a118  R  X
  SRAM                  20000000   00008000  00002070  00005f90  RW X


SEGMENT ALLOCATION MAP

run origin  load origin   length   init length attrs members
----------  ----------- ---------- ----------- ----- -------
00000000    00000000    00005ef0   00005ef0    r-x
  00000000    00000000    0000026c   0000026c    r-- .intvecs
  0000026c    0000026c    000055a0   000055a0    r-x .text
  00005810    00005810    000006ac   000006ac    r-- .const
  00005ec0    00005ec0    00000030   00000030    r-- .cinit
20000000    20000000    00002070   00000000    rw-
  20000000    20000000    00002000   00000000    rw- .stack
  20002000    20002000    0000005c   00000000    rw- .bss
  2000205c    2000205c    00000014   00000000    rw- .data


SECTION ALLOCATION MAP

 output                                  attributes/
section   page    origin      length       input sections
--------  ----  ----------  ----------   ----------------
.intvecs   0    00000000    0000026c     
                  00000000    0000026c     tm4c1233h6pm_startup_ccs.obj (.intvecs)

.text      0    0000026c    000055a0     
                  0000026c    00000af0     rtsv7M4_T_le_v4SPD16_eabi.lib : _scanfi.c.obj (.text:__TI_scanfi)
                  00000d5c    00000a4e                                   : _printfi.c.obj (.text:__TI_printfi)
                  000017aa    00000002                                   : div0.asm.obj (.text)
                  000017ac    00000794     gyroscope.obj (.text)
                  00001f40    000004cc     main.obj (.text)
                  0000240c    00000460     rtsv7M4_T_le_v4SPD16_eabi.lib : strtod.c.obj (.text:strtod)
                  0000286c    000002ec                                   : s_atan.c.obj (.text:atan)
                  00002b58    000002c4     i2c0.obj (.text)
                  00002e1c    000002b0     system_utils.obj (.text)
                  000030cc    00000270     rtsv7M4_T_le_v4SPD16_eabi.lib : _printfi.c.obj (.text:_pconv_a)
                  0000333c    000001dc                                   : strtoll.c.obj (.text:strtoll)
                  00003518    000001d8                                   : e_atan2.c.obj (.text:atan2)
                  000036f0    000001d0                                   : _printfi.c.obj (.text:_pconv_g)
                  000038c0    000001d0     uart0.obj (.text)
                  00003a90    000001b6     rtsv7M4_T_le_v4SPD16_eabi.lib : fd_add_t2.asm.obj (.text)
                  00003c46    00000002     --HOLE-- [fill = 0]
                  00003c48    0000015c                                   : strtoull.c.obj (.text:strtoull)
                  00003da4    00000158                                   : e_atan2f.c.obj (.text:atan2f)
                  00003efc    00000158                                   : e_sqrt.c.obj (.text:sqrt)
                  00004054    00000150                                   : s_atanf.c.obj (.text:atanf)
                  000041a4    00000150     rtc.obj (.text)
                  000042f4    0000013c     rtsv7M4_T_le_v4SPD16_eabi.lib : _printfi.c.obj (.text:_pconv_e)
                  00004430    00000136                                   : fd_div_t2.asm.obj (.text)
                  00004566    00000002     --HOLE-- [fill = 0]
                  00004568    00000130                                   : strtol.c.obj (.text:strtol)
                  00004698    00000124                                   : _printfi.c.obj (.text:fcvt)
                  000047bc    00000110                                   : s_scalbn.c.obj (.text:scalbn)
                  000048cc    00000110                                   : strtoul.c.obj (.text:strtoul)
                  000049dc    000000fc                                   : fd_mul_t2.asm.obj (.text)
                  00004ad8    000000b1                                   : _printfi.c.obj (.text:_ltostr)
                  00004b89    00000003     --HOLE-- [fill = 0]
                  00004b8c    000000b0     flash.obj (.text)
                  00004c3c    0000009c     rtsv7M4_T_le_v4SPD16_eabi.lib : memcpy_t2.asm.obj (.text)
                  00004cd8    00000096                                   : ull_div_t2.asm.obj (.text)
                  00004d6e    00000086                                   : fd_cmp_t2.asm.obj (.text:__aeabi_cdcmple)
                  00004df4    00000086                                   : fd_cmp_t2.asm.obj (.text:__aeabi_cdrcmple)
                  00004e7a    0000007a                                   : memset_t2.asm.obj (.text)
                  00004ef4    00000078     trigger.obj (.text)
                  00004f6c    0000006e     rtsv7M4_T_le_v4SPD16_eabi.lib : _printfi.c.obj (.text:_mcpy)
                  00004fda    0000006e                                   : fd_tos_t2.asm.obj (.text)
                  00005048    0000006e                                   : ll_div_t2.asm.obj (.text)
                  000050b6    0000006c                                   : fs_toll_t2.asm.obj (.text)
                  00005122    00000002     --HOLE-- [fill = 0]
                  00005124    00000068                                   : sscanf.c.obj (.text:_chkmbc)
                  0000518c    00000068                                   : copy_decompress_lzss.c.obj (.text:decompress:lzss:__TI_decompress_lzss)
                  000051f4    00000064                                   : s_frexp.c.obj (.text:frexp)
                  00005258    00000056                                   : _printfi.c.obj (.text:_pconv_f)
                  000052ae    00000054                                   : ltoa.c.obj (.text:ltoa)
                  00005302    00000052                                   : _printfi.c.obj (.text:_ecpy)
                  00005354    0000004c                                   : atoi.c.obj (.text:atoi)
                  000053a0    00000048                                   : fd_toi_t2.asm.obj (.text)
                  000053e8    00000048                                   : ll_tofs_t2.asm.obj (.text)
                  00005430    00000044                                   : autoinit.c.obj (.text:__TI_auto_init_nobinit_nopinit:__TI_auto_init_nobinit_nopinit)
                  00005474    00000040                                   : sprintf.c.obj (.text:sprintf)
                  000054b4    00000040                                   : strtok.c.obj (.text:strtok)
                  000054f4    0000003e                                   : _printfi.c.obj (.text:_fcpy)
                  00005532    00000038                                   : fs_tod_t2.asm.obj (.text)
                  0000556a    00000002     --HOLE-- [fill = 0]
                  0000556c    00000038                                   : sscanf.c.obj (.text:sscanf)
                  000055a4    00000034                                   : boot_cortex_m.c.obj (.text:_c_int00_noargs:_c_int00_noargs)
                  000055d8    00000030     periodic.obj (.text)
                  00005608    0000002e     rtsv7M4_T_le_v4SPD16_eabi.lib : i_tofd_t2.asm.obj (.text)
                  00005636    0000002a                                   : strspn.c.obj (.text:strspn)
                  00005660    00000028                                   : e_sqrtf.c.obj (.text:sqrtf)
                  00005688    00000024                                   : strcspn.c.obj (.text:strcspn)
                  000056ac    0000001c                                   : copy_zero_init.c.obj (.text:decompress:ZI:__TI_zero_init_nomemset:__TI_zero_init_nomemset)
                  000056c8    0000001c                                   : memccpy.c.obj (.text:memccpy)
                  000056e4    0000001a                                   : s_copysign.c.obj (.text:copysign)
                  000056fe    00000018                                   : sprintf.c.obj (.text:_outs)
                  00005716    00000018                                   : ll_mul_t2.asm.obj (.text)
                  0000572e    00000018                                   : strcmp.c.obj (.text:strcmp)
                  00005746    00000018                                   : strrchr.c.obj (.text:strrchr)
                  0000575e    00000016                                   : strchr.c.obj (.text:strchr)
                  00005774    00000014                                   : strcpy.c.obj (.text:strcpy)
                  00005788    00000014                                   : strlen.c.obj (.text:strlen)
                  0000579c    00000012                                   : sscanf.c.obj (.text:_inpchar)
                  000057ae    00000012                                   : wcslen.c.obj (.text:wcslen)
                  000057c0    00000010                                   : tolower.c.obj (.text:tolower)
                  000057d0    0000000e                                   : copy_decompress_none.c.obj (.text:decompress:none:__TI_decompress_none)
                  000057de    0000000c     tm4c1233h6pm_startup_ccs.obj (.text)
                  000057ea    0000000a     rtsv7M4_T_le_v4SPD16_eabi.lib : sprintf.c.obj (.text:_outc)
                  000057f4    00000008                                   : errno.c.obj (.text:__aeabi_errno_addr)
                  000057fc    00000008                                   : sscanf.c.obj (.text:_uninpchar)
                  00005804    00000004                                   : pre_init.c.obj (.text:_system_pre_init)
                  00005808    00000004                                   : exit.c.obj (.text:abort:abort)

.const     0    00005810    000006ac     
                  00005810    00000400     main.obj (.const:$P$T0$1)
                  00005c10    00000101     rtsv7M4_T_le_v4SPD16_eabi.lib : ctype.c.obj (.const:.string:_ctypes_)
                  00005d11    00000007     --HOLE-- [fill = 0]
                  00005d18    000000c8                                   : strtod.c.obj (.const:$O1$$)
                  00005de0    00000098                                   : s_atan.c.obj (.const:$O1$$)
                  00005e78    00000034                                   : s_atanf.c.obj (.const:$O1$$)
                  00005eac    00000010                                   : _scanfi.c.obj (.const:$O1$$)

.cinit     0    00005ec0    00000030     
                  00005ec0    0000000c     (__TI_handler_table)
                  00005ecc    0000000a     (.cinit..data.load) [load image, compression = lzss]
                  00005ed6    00000002     --HOLE-- [fill = 0]
                  00005ed8    00000008     (.cinit..bss.load) [load image, compression = zero_init]
                  00005ee0    00000010     (__TI_cinit_table)

.init_array 
*          0    00000000    00000000     UNINITIALIZED

.bss       0    20002000    0000005c     UNINITIALIZED
                  20002000    00000028     (.common:gating_parameters)
                  20002028    00000014     (.common:str)
                  2000203c    0000000c     (.common:offset_accel)
                  20002048    0000000c     (.common:offset_gyro)
                  20002054    00000004     (.common:num_samples)
                  20002058    00000004     (.common:periodic_time_value)

.data      0    2000205c    00000014     UNINITIALIZED
                  2000205c    00000008     main.obj (.data)
                  20002064    00000004     rtc.obj (.data)
                  20002068    00000004     rtsv7M4_T_le_v4SPD16_eabi.lib : errno.c.obj (.data)
                  2000206c    00000004                                   : strtok.c.obj (.data)

.stack     0    20000000    00002000     UNINITIALIZED
                  20000000    00000004     rtsv7M4_T_le_v4SPD16_eabi.lib : boot_cortex_m.c.obj (.stack)
                  20000004    00001ffc     --HOLE--

MODULE SUMMARY

       Module                         code    ro data   rw data
       ------                         ----    -------   -------
    ./
       main.obj                       1228    1024      100    
       gyroscope.obj                  1940    0         0      
       i2c0.obj                       708     0         0      
       system_utils.obj               688     0         0      
       tm4c1233h6pm_startup_ccs.obj   12      620       0      
       uart0.obj                      464     0         0      
       rtc.obj                        336     0         4      
       flash.obj                      176     0         0      
       trigger.obj                    120     0         0      
       periodic.obj                   48      0         0      
    +--+------------------------------+-------+---------+---------+
       Total:                         5720    1644      104    
                                                               
    /Applications/ti/ccs910/ccs/tools/compiler/ti-cgt-arm_18.12.2.LTS/lib/rtsv7M4_T_le_v4SPD16_eabi.lib
       _printfi.c.obj                 4851    0         0      
       _scanfi.c.obj                  2800    16        0      
       strtod.c.obj                   1120    200       0      
       s_atan.c.obj                   748     152       0      
       strtoll.c.obj                  476     0         0      
       e_atan2.c.obj                  472     0         0      
       fd_add_t2.asm.obj              438     0         0      
       s_atanf.c.obj                  336     52        0      
       strtoull.c.obj                 348     0         0      
       e_atan2f.c.obj                 344     0         0      
       e_sqrt.c.obj                   344     0         0      
       fd_div_t2.asm.obj              310     0         0      
       strtol.c.obj                   304     0         0      
       s_scalbn.c.obj                 272     0         0      
       strtoul.c.obj                  272     0         0      
       fd_cmp_t2.asm.obj              268     0         0      
       ctype.c.obj                    0       257       0      
       fd_mul_t2.asm.obj              252     0         0      
       sscanf.c.obj                   186     0         0      
       memcpy_t2.asm.obj              156     0         0      
       ull_div_t2.asm.obj             150     0         0      
       memset_t2.asm.obj              122     0         0      
       fd_tos_t2.asm.obj              110     0         0      
       ll_div_t2.asm.obj              110     0         0      
       fs_toll_t2.asm.obj             108     0         0      
       copy_decompress_lzss.c.obj     104     0         0      
       s_frexp.c.obj                  100     0         0      
       sprintf.c.obj                  98      0         0      
       ltoa.c.obj                     84      0         0      
       atoi.c.obj                     76      0         0      
       fd_toi_t2.asm.obj              72      0         0      
       ll_tofs_t2.asm.obj             72      0         0      
       autoinit.c.obj                 68      0         0      
       strtok.c.obj                   64      0         4      
       fs_tod_t2.asm.obj              56      0         0      
       boot_cortex_m.c.obj            52      0         0      
       i_tofd_t2.asm.obj              46      0         0      
       strspn.c.obj                   42      0         0      
       e_sqrtf.c.obj                  40      0         0      
       strcspn.c.obj                  36      0         0      
       copy_zero_init.c.obj           28      0         0      
       memccpy.c.obj                  28      0         0      
       s_copysign.c.obj               26      0         0      
       ll_mul_t2.asm.obj              24      0         0      
       strcmp.c.obj                   24      0         0      
       strrchr.c.obj                  24      0         0      
       strchr.c.obj                   22      0         0      
       strcpy.c.obj                   20      0         0      
       strlen.c.obj                   20      0         0      
       wcslen.c.obj                   18      0         0      
       tolower.c.obj                  16      0         0      
       copy_decompress_none.c.obj     14      0         0      
       errno.c.obj                    8       0         4      
       exit.c.obj                     4       0         0      
       pre_init.c.obj                 4       0         0      
       div0.asm.obj                   2       0         0      
    +--+------------------------------+-------+---------+---------+
       Total:                         16189   677       8      
                                                               
       Stack:                         0       0         8192   
       Linker Generated:              0       46        0      
    +--+------------------------------+-------+---------+---------+
       Grand Total:                   21909   2367      8304   


LINKER GENERATED COPY TABLES

__TI_cinit_table @ 00005ee0 records: 2, size/record: 8, table size: 16
	.data: load addr=00005ecc, load size=0000000a bytes, run addr=2000205c, run size=00000014 bytes, compression=lzss
	.bss: load addr=00005ed8, load size=00000008 bytes, run addr=20002000, run size=0000005c bytes, compression=zero_init


LINKER GENERATED HANDLER TABLE

__TI_handler_table @ 00005ec0 records: 3, size/record: 4, table size: 12
	index: 0, handler: __TI_decompress_lzss
	index: 1, handler: __TI_decompress_none
	index: 2, handler: __TI_zero_init


GLOBAL SYMBOLS: SORTED ALPHABETICALLY BY Name 

address   name                          
-------   ----                          
00002087  Burst                         
00005809  C$$EXIT                       
00001c69  CalculateAngles               
000017ad  Calibrate                     
00004235  EnableHibernation             
00001bf9  EnableMagnetometer            
000055d9  EnableNoHibWakeUpPeriodic     
00002ea9  GPIOInit                      
00004247  HibernateMatchISR             
00001f41  InitHW                        
000041c1  LoadRTCValue                  
0000428b  RTCInit                       
00004201  RTCMatchSetupHib              
000041d1  RTCMatchSetupNoHib            
000041b5  RTCModuleRCGCInit             
00001a1f  ReadAccelerometer             
00001b03  ReadGyroscope                 
00001c1d  ReadMagnetometer              
000019dd  ReadRawAccelerometer          
00001ac1  ReadRawGyroscope              
00001bb1  ReadTemperature               
000057df  ResetISR                      
00002f25  SetGatingParameters           
00004279  SetRTCWEN                     
00001f6b  SingleSample                  
00004267  StartRTCCounting              
00002ea1  SystemClockInit               
00004ef5  TriggerISR                    
00002eb1  TriggerInit                   
00002e33  UARTInit                      
00002e1d  UARTRCGCInit                  
00004b97  WritePageToFlash              
00004b8d  WritePageToFlashLevelling     
20002000  __STACK_END                   
00002000  __STACK_SIZE                  
20000200  __STACK_TOP                   
00005ee0  __TI_CINIT_Base               
00005ef0  __TI_CINIT_Limit              
00005ec0  __TI_Handler_Table_Base       
00005ecc  __TI_Handler_Table_Limit      
00005431  __TI_auto_init_nobinit_nopinit
0000518d  __TI_decompress_lzss          
000057d1  __TI_decompress_none          
ffffffff  __TI_pprof_out_hndl           
00000d5d  __TI_printfi                  
ffffffff  __TI_prof_data_size           
ffffffff  __TI_prof_data_start          
0000026d  __TI_scanfi                   
00000000  __TI_static_base__            
000056ad  __TI_zero_init_nomemset       
00004d6f  __aeabi_cdcmpeq               
00004d6f  __aeabi_cdcmple               
00004df5  __aeabi_cdrcmple              
00004fdb  __aeabi_d2f                   
000053a1  __aeabi_d2iz                  
00003a9b  __aeabi_dadd                  
00004431  __aeabi_ddiv                  
000049dd  __aeabi_dmul                  
00003a91  __aeabi_dsub                  
000057f5  __aeabi_errno_addr            
00005533  __aeabi_f2d                   
000050b7  __aeabi_f2lz                  
00005609  __aeabi_i2d                   
000017ab  __aeabi_idiv0                 
000053e9  __aeabi_l2f                   
000017ab  __aeabi_ldiv0                 
00005049  __aeabi_ldivmod               
00005717  __aeabi_lmul                  
00004e7b  __aeabi_memclr                
00004e7b  __aeabi_memclr4               
00004e7b  __aeabi_memclr8               
00004c3d  __aeabi_memcpy                
00004c3d  __aeabi_memcpy4               
00004c3d  __aeabi_memcpy8               
00004e7d  __aeabi_memset                
00004e7d  __aeabi_memset4               
00004e7d  __aeabi_memset8               
00004cd9  __aeabi_uldivmod              
ffffffff  __binit__                     
ffffffff  __c_args__                    
UNDEFED   __mpu_init                    
20000000  __stack                       
000055a5  _c_int00_noargs               
00005c10  _ctypes_                      
UNDEFED   _system_post_cinit            
00005805  _system_pre_init              
00005809  abort                         
00003019  asciiToUint8                  
0000286d  atan                          
00003519  atan2                         
00003da5  atan2f                        
00003519  atan2l                        
00004055  atanf                         
0000286d  atanl                         
00005355  atoi                          
ffffffff  binit                         
20002064  clear_value                   
000056e5  copysign                      
000056e5  copysignl                     
20002068  errno                         
000051f5  frexp                         
000051f5  frexpl                        
00000000  g_pfnVectors                  
20002000  gating_parameters             
000041af  getSecondsValue               
00003997  getcUart0                     
000039ab  getsUart0                     
20002060  hysterisis_threshold          
00002b59  initI2c0                      
000038c1  initUart0                     
000041a5  isHibWriteComplete            
00002dc7  isI2c0Error                   
00002f3b  itoA                          
000047bd  ldexp                         
000047bd  ldexpl                        
000052af  ltoa                          
000021bd  main                          
000056c9  memccpy                       
00004c3d  memcpy                        
00004e83  memset                        
20002054  num_samples                   
2000203c  offset_accel                  
20002048  offset_gyro                   
20002058  periodic_time_value           
00002d81  pollI2c0Address               
0000394f  putcUart0                     
0000396b  putsUart0                     
00002cd1  readI2c0Register              
00002d2f  readI2c0Registers             
000047bd  scalbn                        
000047bd  scalbnl                       
00005475  sprintf                       
00003efd  sqrt                          
00005661  sqrtf                         
00003efd  sqrtl                         
0000556d  sscanf                        
2000205c  starting_block_address        
20002028  str                           
0000575f  strchr                        
0000572f  strcmp                        
00005775  strcpy                        
00005689  strcspn                       
00005789  strlen                        
00005747  strrchr                       
00005637  strspn                        
0000240d  strtod                        
000054b5  strtok                        
00004569  strtol                        
0000240d  strtold                       
0000333d  strtoll                       
000048cd  strtoul                       
00003c49  strtoull                      
000057c1  tolower                       
000057af  wcslen                        
00002bc1  writeI2c0Register             
00002c17  writeI2c0Registers            


GLOBAL SYMBOLS: SORTED BY Symbol Address 

address   name                          
-------   ----                          
00000000  __TI_static_base__            
00000000  g_pfnVectors                  
0000026d  __TI_scanfi                   
00000d5d  __TI_printfi                  
000017ab  __aeabi_idiv0                 
000017ab  __aeabi_ldiv0                 
000017ad  Calibrate                     
000019dd  ReadRawAccelerometer          
00001a1f  ReadAccelerometer             
00001ac1  ReadRawGyroscope              
00001b03  ReadGyroscope                 
00001bb1  ReadTemperature               
00001bf9  EnableMagnetometer            
00001c1d  ReadMagnetometer              
00001c69  CalculateAngles               
00001f41  InitHW                        
00001f6b  SingleSample                  
00002000  __STACK_SIZE                  
00002087  Burst                         
000021bd  main                          
0000240d  strtod                        
0000240d  strtold                       
0000286d  atan                          
0000286d  atanl                         
00002b59  initI2c0                      
00002bc1  writeI2c0Register             
00002c17  writeI2c0Registers            
00002cd1  readI2c0Register              
00002d2f  readI2c0Registers             
00002d81  pollI2c0Address               
00002dc7  isI2c0Error                   
00002e1d  UARTRCGCInit                  
00002e33  UARTInit                      
00002ea1  SystemClockInit               
00002ea9  GPIOInit                      
00002eb1  TriggerInit                   
00002f25  SetGatingParameters           
00002f3b  itoA                          
00003019  asciiToUint8                  
0000333d  strtoll                       
00003519  atan2                         
00003519  atan2l                        
000038c1  initUart0                     
0000394f  putcUart0                     
0000396b  putsUart0                     
00003997  getcUart0                     
000039ab  getsUart0                     
00003a91  __aeabi_dsub                  
00003a9b  __aeabi_dadd                  
00003c49  strtoull                      
00003da5  atan2f                        
00003efd  sqrt                          
00003efd  sqrtl                         
00004055  atanf                         
000041a5  isHibWriteComplete            
000041af  getSecondsValue               
000041b5  RTCModuleRCGCInit             
000041c1  LoadRTCValue                  
000041d1  RTCMatchSetupNoHib            
00004201  RTCMatchSetupHib              
00004235  EnableHibernation             
00004247  HibernateMatchISR             
00004267  StartRTCCounting              
00004279  SetRTCWEN                     
0000428b  RTCInit                       
00004431  __aeabi_ddiv                  
00004569  strtol                        
000047bd  ldexp                         
000047bd  ldexpl                        
000047bd  scalbn                        
000047bd  scalbnl                       
000048cd  strtoul                       
000049dd  __aeabi_dmul                  
00004b8d  WritePageToFlashLevelling     
00004b97  WritePageToFlash              
00004c3d  __aeabi_memcpy                
00004c3d  __aeabi_memcpy4               
00004c3d  __aeabi_memcpy8               
00004c3d  memcpy                        
00004cd9  __aeabi_uldivmod              
00004d6f  __aeabi_cdcmpeq               
00004d6f  __aeabi_cdcmple               
00004df5  __aeabi_cdrcmple              
00004e7b  __aeabi_memclr                
00004e7b  __aeabi_memclr4               
00004e7b  __aeabi_memclr8               
00004e7d  __aeabi_memset                
00004e7d  __aeabi_memset4               
00004e7d  __aeabi_memset8               
00004e83  memset                        
00004ef5  TriggerISR                    
00004fdb  __aeabi_d2f                   
00005049  __aeabi_ldivmod               
000050b7  __aeabi_f2lz                  
0000518d  __TI_decompress_lzss          
000051f5  frexp                         
000051f5  frexpl                        
000052af  ltoa                          
00005355  atoi                          
000053a1  __aeabi_d2iz                  
000053e9  __aeabi_l2f                   
00005431  __TI_auto_init_nobinit_nopinit
00005475  sprintf                       
000054b5  strtok                        
00005533  __aeabi_f2d                   
0000556d  sscanf                        
000055a5  _c_int00_noargs               
000055d9  EnableNoHibWakeUpPeriodic     
00005609  __aeabi_i2d                   
00005637  strspn                        
00005661  sqrtf                         
00005689  strcspn                       
000056ad  __TI_zero_init_nomemset       
000056c9  memccpy                       
000056e5  copysign                      
000056e5  copysignl                     
00005717  __aeabi_lmul                  
0000572f  strcmp                        
00005747  strrchr                       
0000575f  strchr                        
00005775  strcpy                        
00005789  strlen                        
000057af  wcslen                        
000057c1  tolower                       
000057d1  __TI_decompress_none          
000057df  ResetISR                      
000057f5  __aeabi_errno_addr            
00005805  _system_pre_init              
00005809  C$$EXIT                       
00005809  abort                         
00005c10  _ctypes_                      
00005ec0  __TI_Handler_Table_Base       
00005ecc  __TI_Handler_Table_Limit      
00005ee0  __TI_CINIT_Base               
00005ef0  __TI_CINIT_Limit              
20000000  __stack                       
20000200  __STACK_TOP                   
20002000  __STACK_END                   
20002000  gating_parameters             
20002028  str                           
2000203c  offset_accel                  
20002048  offset_gyro                   
20002054  num_samples                   
20002058  periodic_time_value           
2000205c  starting_block_address        
20002060  hysterisis_threshold          
20002064  clear_value                   
20002068  errno                         
ffffffff  __TI_pprof_out_hndl           
ffffffff  __TI_prof_data_size           
ffffffff  __TI_prof_data_start          
ffffffff  __binit__                     
ffffffff  __c_args__                    
ffffffff  binit                         
UNDEFED   __mpu_init                    
UNDEFED   _system_post_cinit            

[156 symbols]
