******************************************************************************
                  TI ARM Linker Unix v18.12.2                  
******************************************************************************
>> Linked Mon Dec  2 22:50:50 2019

OUTPUT FILE NAME:   <OrientationTracker.out>
ENTRY POINT SYMBOL: "_c_int00_noargs"  address: 00006795


MEMORY CONFIGURATION

         name            origin    length      used     unused   attr    fill
----------------------  --------  ---------  --------  --------  ----  --------
  FLASH                 00000000   00040000  00006cd4  0003932c  R  X
  SRAM                  20000000   00008000  000024c4  00005b3c  RW X


SEGMENT ALLOCATION MAP

run origin  load origin   length   init length attrs members
----------  ----------- ---------- ----------- ----- -------
00000000    00000000    00006cd8   00006cd8    r-x
  00000000    00000000    0000026c   0000026c    r-- .intvecs
  0000026c    0000026c    00006750   00006750    r-x .text
  000069c0    000069c0    000002d8   000002d8    r-- .const
  00006c98    00006c98    00000040   00000040    r-- .cinit
20000000    20000000    000024c4   00000000    rw-
  20000000    20000000    00002000   00000000    rw- .stack
  20002000    20002000    0000045c   00000000    rw- .bss
  2000245c    2000245c    00000068   00000000    rw- .data


SECTION ALLOCATION MAP

 output                                  attributes/
section   page    origin      length       input sections
--------  ----  ----------  ----------   ----------------
.intvecs   0    00000000    0000026c     
                  00000000    0000026c     tm4c1233h6pm_startup_ccs.obj (.intvecs)

.text      0    0000026c    00006750     
                  0000026c    0000119c     main.obj (.text)
                  00001408    00000af0     rtsv7M4_T_le_v4SPD16_eabi.lib : _scanfi.c.obj (.text:__TI_scanfi)
                  00001ef8    00000a4e                                   : _printfi.c.obj (.text:__TI_printfi)
                  00002946    00000002                                   : div0.asm.obj (.text)
                  00002948    0000082c     gyroscope.obj (.text)
                  00003174    00000460     rtsv7M4_T_le_v4SPD16_eabi.lib : strtod.c.obj (.text:strtod)
                  000035d4    000002ec                                   : s_atan.c.obj (.text:atan)
                  000038c0    000002c4     i2c0.obj (.text)
                  00003b84    000002bc     system_utils.obj (.text)
                  00003e40    00000270     rtsv7M4_T_le_v4SPD16_eabi.lib : _printfi.c.obj (.text:_pconv_a)
                  000040b0    00000238     data.obj (.text)
                  000042e8    000001fc     time.obj (.text)
                  000044e4    000001dc     rtsv7M4_T_le_v4SPD16_eabi.lib : strtoll.c.obj (.text:strtoll)
                  000046c0    000001d8                                   : e_atan2.c.obj (.text:atan2)
                  00004898    000001d0                                   : _printfi.c.obj (.text:_pconv_g)
                  00004a68    000001d0     uart0.obj (.text)
                  00004c38    000001b6     rtsv7M4_T_le_v4SPD16_eabi.lib : fd_add_t2.asm.obj (.text)
                  00004dee    00000002     --HOLE-- [fill = 0]
                  00004df0    0000018c     rtc.obj (.text)
                  00004f7c    0000015c     rtsv7M4_T_le_v4SPD16_eabi.lib : strtoull.c.obj (.text:strtoull)
                  000050d8    00000158                                   : e_atan2f.c.obj (.text:atan2f)
                  00005230    00000158                                   : e_sqrt.c.obj (.text:sqrt)
                  00005388    00000150                                   : s_atanf.c.obj (.text:atanf)
                  000054d8    0000013c                                   : _printfi.c.obj (.text:_pconv_e)
                  00005614    00000136                                   : fd_div_t2.asm.obj (.text)
                  0000574a    00000002     --HOLE-- [fill = 0]
                  0000574c    00000130                                   : strtol.c.obj (.text:strtol)
                  0000587c    00000124                                   : _printfi.c.obj (.text:fcvt)
                  000059a0    00000110                                   : s_scalbn.c.obj (.text:scalbn)
                  00005ab0    00000110                                   : strtoul.c.obj (.text:strtoul)
                  00005bc0    000000fc     flash.obj (.text)
                  00005cbc    000000fc     rtsv7M4_T_le_v4SPD16_eabi.lib : fd_mul_t2.asm.obj (.text)
                  00005db8    000000b1                                   : _printfi.c.obj (.text:_ltostr)
                  00005e69    00000001     --HOLE-- [fill = 0]
                  00005e6a    0000009c                                   : memcpy_t2.asm.obj (.text)
                  00005f06    00000096                                   : ull_div_t2.asm.obj (.text)
                  00005f9c    00000086                                   : fd_cmp_t2.asm.obj (.text:__aeabi_cdcmple)
                  00006022    00000086                                   : fd_cmp_t2.asm.obj (.text:__aeabi_cdrcmple)
                  000060a8    0000007a                                   : memset_t2.asm.obj (.text)
                  00006122    0000006e                                   : _printfi.c.obj (.text:_mcpy)
                  00006190    0000006e                                   : fd_tos_t2.asm.obj (.text)
                  000061fe    0000006e                                   : ll_div_t2.asm.obj (.text)
                  0000626c    0000006c                                   : fs_toll_t2.asm.obj (.text)
                  000062d8    00000068                                   : sscanf.c.obj (.text:_chkmbc)
                  00006340    00000068                                   : copy_decompress_lzss.c.obj (.text:decompress:lzss:__TI_decompress_lzss)
                  000063a8    00000064                                   : s_frexp.c.obj (.text:frexp)
                  0000640c    00000056                                   : _printfi.c.obj (.text:_pconv_f)
                  00006462    00000054                                   : ltoa.c.obj (.text:ltoa)
                  000064b6    00000052                                   : _printfi.c.obj (.text:_ecpy)
                  00006508    0000004c                                   : atoi.c.obj (.text:atoi)
                  00006554    00000048                                   : fd_toi_t2.asm.obj (.text)
                  0000659c    00000048                                   : ll_tofs_t2.asm.obj (.text)
                  000065e4    00000044                                   : autoinit.c.obj (.text:__TI_auto_init_nobinit_nopinit:__TI_auto_init_nobinit_nopinit)
                  00006628    00000040                                   : sprintf.c.obj (.text:sprintf)
                  00006668    00000040                                   : strtok.c.obj (.text:strtok)
                  000066a8    0000003e                                   : _printfi.c.obj (.text:_fcpy)
                  000066e6    00000002     --HOLE-- [fill = 0]
                  000066e8    0000003c     periodic.obj (.text)
                  00006724    00000038     rtsv7M4_T_le_v4SPD16_eabi.lib : fs_tod_t2.asm.obj (.text)
                  0000675c    00000038                                   : sscanf.c.obj (.text:sscanf)
                  00006794    00000034                                   : boot_cortex_m.c.obj (.text:_c_int00_noargs:_c_int00_noargs)
                  000067c8    0000002e                                   : i_tofd_t2.asm.obj (.text)
                  000067f6    0000002a                                   : strspn.c.obj (.text:strspn)
                  00006820    00000028                                   : e_sqrtf.c.obj (.text:sqrtf)
                  00006848    00000024                                   : strcspn.c.obj (.text:strcspn)
                  0000686c    0000001c                                   : memccpy.c.obj (.text:memccpy)
                  00006888    0000001a                                   : s_copysign.c.obj (.text:copysign)
                  000068a2    00000018                                   : sprintf.c.obj (.text:_outs)
                  000068ba    00000018                                   : ll_mul_t2.asm.obj (.text)
                  000068d2    00000018                                   : strcmp.c.obj (.text:strcmp)
                  000068ea    00000018                                   : strrchr.c.obj (.text:strrchr)
                  00006902    00000016                                   : strchr.c.obj (.text:strchr)
                  00006918    00000014                                   : strcpy.c.obj (.text:strcpy)
                  0000692c    00000014                                   : strlen.c.obj (.text:strlen)
                  00006940    00000012                                   : sscanf.c.obj (.text:_inpchar)
                  00006952    00000012                                   : wcslen.c.obj (.text:wcslen)
                  00006964    00000010                                   : tolower.c.obj (.text:tolower)
                  00006974    0000000e                                   : copy_decompress_none.c.obj (.text:decompress:none:__TI_decompress_none)
                  00006982    0000000c                                   : copy_zero_init.c.obj (.text:decompress:ZI:__TI_zero_init)
                  0000698e    0000000c     tm4c1233h6pm_startup_ccs.obj (.text)
                  0000699a    0000000a     rtsv7M4_T_le_v4SPD16_eabi.lib : sprintf.c.obj (.text:_outc)
                  000069a4    00000008                                   : errno.c.obj (.text:__aeabi_errno_addr)
                  000069ac    00000008                                   : sscanf.c.obj (.text:_uninpchar)
                  000069b4    00000004                                   : pre_init.c.obj (.text:_system_pre_init)
                  000069b8    00000004                                   : exit.c.obj (.text:abort:abort)

.const     0    000069c0    000002d8     
                  000069c0    00000101     rtsv7M4_T_le_v4SPD16_eabi.lib : ctype.c.obj (.const:.string:_ctypes_)
                  00006ac1    00000007     --HOLE-- [fill = 0]
                  00006ac8    000000c8                                   : strtod.c.obj (.const:$O1$$)
                  00006b90    00000098                                   : s_atan.c.obj (.const:$O1$$)
                  00006c28    00000034                                   : s_atanf.c.obj (.const:$O1$$)
                  00006c5c    0000002c     main.obj (.const:$P$T0$1)
                  00006c88    00000010     rtsv7M4_T_le_v4SPD16_eabi.lib : _scanfi.c.obj (.const:$O1$$)

.cinit     0    00006c98    00000040     
                  00006c98    00000015     (.cinit..data.load) [load image, compression = lzss]
                  00006cad    00000003     --HOLE-- [fill = 0]
                  00006cb0    0000000c     (__TI_handler_table)
                  00006cbc    00000004     --HOLE-- [fill = 0]
                  00006cc0    00000008     (.cinit..bss.load) [load image, compression = zero_init]
                  00006cc8    00000010     (__TI_cinit_table)

.init_array 
*          0    00000000    00000000     UNINITIALIZED

.bss       0    20002000    0000045c     UNINITIALIZED
                  20002000    00000400     (.common:page)
                  20002400    00000028     (.common:gating_parameters)
                  20002428    00000014     (.common:str)
                  2000243c    0000000c     (.common:offset_accel)
                  20002448    0000000c     (.common:offset_gyro)
                  20002454    00000004     (.common:num_samples)
                  20002458    00000004     (.common:periodic_time_value)

.data      0    2000245c    00000068     UNINITIALIZED
                  2000245c    00000030     main.obj (.data)
                  2000248c    00000010     main.obj (.data:hysteresis_mask)
                  2000249c    00000010     main.obj (.data:log_mask)
                  200024ac    00000008     main.obj (.data:set_time)
                  200024b4    00000004     rtc.obj (.data)
                  200024b8    00000004     rtsv7M4_T_le_v4SPD16_eabi.lib : errno.c.obj (.data)
                  200024bc    00000004                                   : strtok.c.obj (.data)
                  200024c0    00000004     main.obj (.data:set_date)

.stack     0    20000000    00002000     UNINITIALIZED
                  20000000    00000004     rtsv7M4_T_le_v4SPD16_eabi.lib : boot_cortex_m.c.obj (.stack)
                  20000004    00001ffc     --HOLE--

MODULE SUMMARY

       Module                         code    ro data   rw data
       ------                         ----    -------   -------
    ./
       main.obj                       4508    44        1208   
       gyroscope.obj                  2092    0         0      
       i2c0.obj                       708     0         0      
       system_utils.obj               700     0         0      
       tm4c1233h6pm_startup_ccs.obj   12      620       0      
       data.obj                       568     0         0      
       time.obj                       508     0         0      
       uart0.obj                      464     0         0      
       rtc.obj                        396     0         4      
       flash.obj                      252     0         0      
       periodic.obj                   60      0         0      
    +--+------------------------------+-------+---------+---------+
       Total:                         10268   664       1212   
                                                               
    /Applications/ti/ccs910/ccs/tools/compiler/ti-cgt-arm_18.12.2.LTS/lib/rtsv7M4_T_le_v4SPD16_eabi.lib
       _printfi.c.obj                 4851    0         0      
       _scanfi.c.obj                  2800    16        0      
       strtod.c.obj                   1120    200       0      
       s_atan.c.obj                   748     152       0      
       strtoll.c.obj                  476     0         0      
       e_atan2.c.obj                  472     0         0      
       fd_add_t2.asm.obj              438     0         0      
       s_atanf.c.obj                  336     52        0      
       strtoull.c.obj                 348     0         0      
       e_atan2f.c.obj                 344     0         0      
       e_sqrt.c.obj                   344     0         0      
       fd_div_t2.asm.obj              310     0         0      
       strtol.c.obj                   304     0         0      
       s_scalbn.c.obj                 272     0         0      
       strtoul.c.obj                  272     0         0      
       fd_cmp_t2.asm.obj              268     0         0      
       ctype.c.obj                    0       257       0      
       fd_mul_t2.asm.obj              252     0         0      
       sscanf.c.obj                   186     0         0      
       memcpy_t2.asm.obj              156     0         0      
       ull_div_t2.asm.obj             150     0         0      
       memset_t2.asm.obj              122     0         0      
       fd_tos_t2.asm.obj              110     0         0      
       ll_div_t2.asm.obj              110     0         0      
       fs_toll_t2.asm.obj             108     0         0      
       copy_decompress_lzss.c.obj     104     0         0      
       s_frexp.c.obj                  100     0         0      
       sprintf.c.obj                  98      0         0      
       ltoa.c.obj                     84      0         0      
       atoi.c.obj                     76      0         0      
       fd_toi_t2.asm.obj              72      0         0      
       ll_tofs_t2.asm.obj             72      0         0      
       autoinit.c.obj                 68      0         0      
       strtok.c.obj                   64      0         4      
       fs_tod_t2.asm.obj              56      0         0      
       boot_cortex_m.c.obj            52      0         0      
       i_tofd_t2.asm.obj              46      0         0      
       strspn.c.obj                   42      0         0      
       e_sqrtf.c.obj                  40      0         0      
       strcspn.c.obj                  36      0         0      
       memccpy.c.obj                  28      0         0      
       s_copysign.c.obj               26      0         0      
       ll_mul_t2.asm.obj              24      0         0      
       strcmp.c.obj                   24      0         0      
       strrchr.c.obj                  24      0         0      
       strchr.c.obj                   22      0         0      
       strcpy.c.obj                   20      0         0      
       strlen.c.obj                   20      0         0      
       wcslen.c.obj                   18      0         0      
       tolower.c.obj                  16      0         0      
       copy_decompress_none.c.obj     14      0         0      
       copy_zero_init.c.obj           12      0         0      
       errno.c.obj                    8       0         4      
       exit.c.obj                     4       0         0      
       pre_init.c.obj                 4       0         0      
       div0.asm.obj                   2       0         0      
    +--+------------------------------+-------+---------+---------+
       Total:                         16173   677       8      
                                                               
       Stack:                         0       0         8192   
       Linker Generated:              0       57        0      
    +--+------------------------------+-------+---------+---------+
       Grand Total:                   26441   1398      9412   


LINKER GENERATED COPY TABLES

__TI_cinit_table @ 00006cc8 records: 2, size/record: 8, table size: 16
	.data: load addr=00006c98, load size=00000015 bytes, run addr=2000245c, run size=00000068 bytes, compression=lzss
	.bss: load addr=00006cc0, load size=00000008 bytes, run addr=20002000, run size=0000045c bytes, compression=zero_init


LINKER GENERATED HANDLER TABLE

__TI_handler_table @ 00006cb0 records: 3, size/record: 4, table size: 12
	index: 0, handler: __TI_decompress_lzss
	index: 1, handler: __TI_decompress_none
	index: 2, handler: __TI_zero_init


GLOBAL SYMBOLS: SORTED ALPHABETICALLY BY Name 

address   name                             
-------   ----                             
000003dd  Burst                            
000069b9  C$$EXIT                          
00002eb9  CalculateAngles                  
00004349  CalculateCurrentDifference       
00002949  Calibrate                        
00000721  CheckAccelGating                 
0000070d  CheckTempGating                  
00004e8b  EnableHibernation                
00002d95  EnableMagnetometer               
000066e9  EnableNoHibWakeUpPeriodic        
000002a5  EnableSleepClocking              
00003c11  GPIOInit                         
00004e9d  HibernateMatchISR                
0000026d  InitHW                           
0000431b  InitializeDateStructure          
000042e9  InitializeTimeStructure          
00003c83  LEDInit                          
00004e0d  LoadRTCValue                     
000040ed  ParseData                        
00000b95  PrintWarnings                    
00004f0d  RTCInit                          
00004e1d  RTCMatchNoHib                    
00004e57  RTCMatchSetupHib                 
00004e2d  RTCMatchSetupNoHib               
00004e01  RTCModuleRCGCInit                
00002bbb  ReadAccelerometer                
000040b1  ReadData                         
00002c9f  ReadGyroscope                    
00002dbd  ReadMagnetometer                 
00002b79  ReadRawAccelerometer             
00002c5d  ReadRawGyroscope                 
00002d4d  ReadTemperature                  
0000029d  Reset                            
0000698f  ResetISR                         
00003c99  SetGatingParameters              
00004efb  SetRTCWEN                        
000002b1  SingleSample                     
00004ee9  StartRTCCounting                 
00003c09  SystemClockInit                  
000007f9  TriggerISR                       
00003c19  TriggerInit                      
00003b9b  UARTInit                         
00003b85  UARTRCGCInit                     
0000436b  UpdateDateandTimeValues          
00005bcb  WritePageToFlash                 
00005bc1  WritePageToFlashLevelling        
00005c57  WriteRecordToFlash               
20002000  __STACK_END                      
00002000  __STACK_SIZE                     
20000200  __STACK_TOP                      
00006cc8  __TI_CINIT_Base                  
00006cd8  __TI_CINIT_Limit                 
00006cb0  __TI_Handler_Table_Base          
00006cbc  __TI_Handler_Table_Limit         
000065e5  __TI_auto_init_nobinit_nopinit   
00006341  __TI_decompress_lzss             
00006975  __TI_decompress_none             
ffffffff  __TI_pprof_out_hndl              
00001ef9  __TI_printfi                     
ffffffff  __TI_prof_data_size              
ffffffff  __TI_prof_data_start             
00001409  __TI_scanfi                      
00000000  __TI_static_base__               
00006983  __TI_zero_init                   
00005f9d  __aeabi_cdcmpeq                  
00005f9d  __aeabi_cdcmple                  
00006023  __aeabi_cdrcmple                 
00006191  __aeabi_d2f                      
00006555  __aeabi_d2iz                     
00004c43  __aeabi_dadd                     
00005615  __aeabi_ddiv                     
00005cbd  __aeabi_dmul                     
00004c39  __aeabi_dsub                     
000069a5  __aeabi_errno_addr               
00006725  __aeabi_f2d                      
0000626d  __aeabi_f2lz                     
000067c9  __aeabi_i2d                      
00002947  __aeabi_idiv0                    
0000659d  __aeabi_l2f                      
00002947  __aeabi_ldiv0                    
000061ff  __aeabi_ldivmod                  
000068bb  __aeabi_lmul                     
000060a9  __aeabi_memclr                   
000060a9  __aeabi_memclr4                  
000060a9  __aeabi_memclr8                  
00005e6b  __aeabi_memcpy                   
00005e6b  __aeabi_memcpy4                  
00005e6b  __aeabi_memcpy8                  
000060ab  __aeabi_memset                   
000060ab  __aeabi_memset4                  
000060ab  __aeabi_memset8                  
00005f07  __aeabi_uldivmod                 
ffffffff  __binit__                        
ffffffff  __c_args__                       
UNDEFED   __mpu_init                       
20000000  __stack                          
00006795  _c_int00_noargs                  
000069c0  _ctypes_                         
UNDEFED   _system_post_cinit               
000069b5  _system_pre_init                 
000069b9  abort                            
20002478  acceleration_vector_prev_trigger 
00003d8d  asciiToUint8                     
000035d5  atan                             
000046c1  atan2                            
000050d9  atan2f                           
000046c1  atan2l                           
00005389  atanf                            
000035d5  atanl                            
00006509  atoi                             
ffffffff  binit                            
200024b4  clear_value                      
00006889  copysign                         
00006889  copysignl                        
20002488  current_address                  
200024b8  errno                            
000063a9  frexp                            
000063a9  frexpl                           
00000000  g_pfnVectors                     
20002468  gating_lower_acceleration        
20002470  gating_lower_temperature         
20002400  gating_parameters                
2000246c  gating_upper_acceleration        
20002474  gating_upper_temperature         
00004dfb  getSecondsValue                  
00004b3f  getcUart0                        
00004b53  getsUart0                        
2000248c  hysteresis_mask                  
20002464  hysterisis_threshold             
000038c1  initI2c0                         
00004a69  initUart0                        
00004df1  isHibWriteComplete               
00003b2f  isI2c0Error                      
00003caf  itoA                             
20002484  k                                
000059a1  ldexp                            
000059a1  ldexpl                           
2000249c  log_mask                         
00006463  ltoa                             
2000247c  magnetic_heading_prev_trigger    
00000cd5  main                             
0000686d  memccpy                          
00005e6b  memcpy                           
000060b1  memset                           
20002460  nPages                           
20002454  num_samples                      
2000243c  offset_accel                     
20002448  offset_gyro                      
20002000  page                             
20002458  periodic_time_value              
00003ae9  pollI2c0Address                  
00004af7  putcUart0                        
00004b13  putsUart0                        
00003a39  readI2c0Register                 
00003a97  readI2c0Registers                
000059a1  scalbn                           
000059a1  scalbnl                          
200024c0  set_date                         
200024ac  set_time                         
00006629  sprintf                          
00005231  sqrt                             
00006821  sqrtf                            
00005231  sqrtl                            
0000675d  sscanf                           
2000245c  starting_block_address           
20002428  str                              
00006903  strchr                           
000068d3  strcmp                           
00006919  strcpy                           
00006849  strcspn                          
0000692d  strlen                           
000068eb  strrchr                          
000067f7  strspn                           
00003175  strtod                           
00006669  strtok                           
0000574d  strtol                           
00003175  strtold                          
000044e5  strtoll                          
00005ab1  strtoul                          
00004f7d  strtoull                         
20002480  temperature_readings_prev_trigger
00006965  tolower                          
00006953  wcslen                           
00003929  writeI2c0Register                
0000397f  writeI2c0Registers               


GLOBAL SYMBOLS: SORTED BY Symbol Address 

address   name                             
-------   ----                             
00000000  __TI_static_base__               
00000000  g_pfnVectors                     
0000026d  InitHW                           
0000029d  Reset                            
000002a5  EnableSleepClocking              
000002b1  SingleSample                     
000003dd  Burst                            
0000070d  CheckTempGating                  
00000721  CheckAccelGating                 
000007f9  TriggerISR                       
00000b95  PrintWarnings                    
00000cd5  main                             
00001409  __TI_scanfi                      
00001ef9  __TI_printfi                     
00002000  __STACK_SIZE                     
00002947  __aeabi_idiv0                    
00002947  __aeabi_ldiv0                    
00002949  Calibrate                        
00002b79  ReadRawAccelerometer             
00002bbb  ReadAccelerometer                
00002c5d  ReadRawGyroscope                 
00002c9f  ReadGyroscope                    
00002d4d  ReadTemperature                  
00002d95  EnableMagnetometer               
00002dbd  ReadMagnetometer                 
00002eb9  CalculateAngles                  
00003175  strtod                           
00003175  strtold                          
000035d5  atan                             
000035d5  atanl                            
000038c1  initI2c0                         
00003929  writeI2c0Register                
0000397f  writeI2c0Registers               
00003a39  readI2c0Register                 
00003a97  readI2c0Registers                
00003ae9  pollI2c0Address                  
00003b2f  isI2c0Error                      
00003b85  UARTRCGCInit                     
00003b9b  UARTInit                         
00003c09  SystemClockInit                  
00003c11  GPIOInit                         
00003c19  TriggerInit                      
00003c83  LEDInit                          
00003c99  SetGatingParameters              
00003caf  itoA                             
00003d8d  asciiToUint8                     
000040b1  ReadData                         
000040ed  ParseData                        
000042e9  InitializeTimeStructure          
0000431b  InitializeDateStructure          
00004349  CalculateCurrentDifference       
0000436b  UpdateDateandTimeValues          
000044e5  strtoll                          
000046c1  atan2                            
000046c1  atan2l                           
00004a69  initUart0                        
00004af7  putcUart0                        
00004b13  putsUart0                        
00004b3f  getcUart0                        
00004b53  getsUart0                        
00004c39  __aeabi_dsub                     
00004c43  __aeabi_dadd                     
00004df1  isHibWriteComplete               
00004dfb  getSecondsValue                  
00004e01  RTCModuleRCGCInit                
00004e0d  LoadRTCValue                     
00004e1d  RTCMatchNoHib                    
00004e2d  RTCMatchSetupNoHib               
00004e57  RTCMatchSetupHib                 
00004e8b  EnableHibernation                
00004e9d  HibernateMatchISR                
00004ee9  StartRTCCounting                 
00004efb  SetRTCWEN                        
00004f0d  RTCInit                          
00004f7d  strtoull                         
000050d9  atan2f                           
00005231  sqrt                             
00005231  sqrtl                            
00005389  atanf                            
00005615  __aeabi_ddiv                     
0000574d  strtol                           
000059a1  ldexp                            
000059a1  ldexpl                           
000059a1  scalbn                           
000059a1  scalbnl                          
00005ab1  strtoul                          
00005bc1  WritePageToFlashLevelling        
00005bcb  WritePageToFlash                 
00005c57  WriteRecordToFlash               
00005cbd  __aeabi_dmul                     
00005e6b  __aeabi_memcpy                   
00005e6b  __aeabi_memcpy4                  
00005e6b  __aeabi_memcpy8                  
00005e6b  memcpy                           
00005f07  __aeabi_uldivmod                 
00005f9d  __aeabi_cdcmpeq                  
00005f9d  __aeabi_cdcmple                  
00006023  __aeabi_cdrcmple                 
000060a9  __aeabi_memclr                   
000060a9  __aeabi_memclr4                  
000060a9  __aeabi_memclr8                  
000060ab  __aeabi_memset                   
000060ab  __aeabi_memset4                  
000060ab  __aeabi_memset8                  
000060b1  memset                           
00006191  __aeabi_d2f                      
000061ff  __aeabi_ldivmod                  
0000626d  __aeabi_f2lz                     
00006341  __TI_decompress_lzss             
000063a9  frexp                            
000063a9  frexpl                           
00006463  ltoa                             
00006509  atoi                             
00006555  __aeabi_d2iz                     
0000659d  __aeabi_l2f                      
000065e5  __TI_auto_init_nobinit_nopinit   
00006629  sprintf                          
00006669  strtok                           
000066e9  EnableNoHibWakeUpPeriodic        
00006725  __aeabi_f2d                      
0000675d  sscanf                           
00006795  _c_int00_noargs                  
000067c9  __aeabi_i2d                      
000067f7  strspn                           
00006821  sqrtf                            
00006849  strcspn                          
0000686d  memccpy                          
00006889  copysign                         
00006889  copysignl                        
000068bb  __aeabi_lmul                     
000068d3  strcmp                           
000068eb  strrchr                          
00006903  strchr                           
00006919  strcpy                           
0000692d  strlen                           
00006953  wcslen                           
00006965  tolower                          
00006975  __TI_decompress_none             
00006983  __TI_zero_init                   
0000698f  ResetISR                         
000069a5  __aeabi_errno_addr               
000069b5  _system_pre_init                 
000069b9  C$$EXIT                          
000069b9  abort                            
000069c0  _ctypes_                         
00006cb0  __TI_Handler_Table_Base          
00006cbc  __TI_Handler_Table_Limit         
00006cc8  __TI_CINIT_Base                  
00006cd8  __TI_CINIT_Limit                 
20000000  __stack                          
20000200  __STACK_TOP                      
20002000  __STACK_END                      
20002000  page                             
20002400  gating_parameters                
20002428  str                              
2000243c  offset_accel                     
20002448  offset_gyro                      
20002454  num_samples                      
20002458  periodic_time_value              
2000245c  starting_block_address           
20002460  nPages                           
20002464  hysterisis_threshold             
20002468  gating_lower_acceleration        
2000246c  gating_upper_acceleration        
20002470  gating_lower_temperature         
20002474  gating_upper_temperature         
20002478  acceleration_vector_prev_trigger 
2000247c  magnetic_heading_prev_trigger    
20002480  temperature_readings_prev_trigger
20002484  k                                
20002488  current_address                  
2000248c  hysteresis_mask                  
2000249c  log_mask                         
200024ac  set_time                         
200024b4  clear_value                      
200024b8  errno                            
200024c0  set_date                         
ffffffff  __TI_pprof_out_hndl              
ffffffff  __TI_prof_data_size              
ffffffff  __TI_prof_data_start             
ffffffff  __binit__                        
ffffffff  __c_args__                       
ffffffff  binit                            
UNDEFED   __mpu_init                       
UNDEFED   _system_post_cinit               

[185 symbols]
