******************************************************************************
                  TI ARM Linker Unix v18.12.2                  
******************************************************************************
>> Linked Thu Nov 28 20:25:07 2019

OUTPUT FILE NAME:   <OrientationTracker.out>
ENTRY POINT SYMBOL: "_c_int00_noargs"  address: 00005f01


MEMORY CONFIGURATION

         name            origin    length      used     unused   attr    fill
----------------------  --------  ---------  --------  --------  ----  --------
  FLASH                 00000000   00040000  0000681c  000397e4  R  X
  SRAM                  20000000   00008000  000020b8  00005f48  RW X


SEGMENT ALLOCATION MAP

run origin  load origin   length   init length attrs members
----------  ----------- ---------- ----------- ----- -------
00000000    00000000    00006820   00006820    r-x
  00000000    00000000    0000026c   0000026c    r-- .intvecs
  0000026c    0000026c    00005ecc   00005ecc    r-x .text
  00006138    00006138    000006ac   000006ac    r-- .const
  000067e8    000067e8    00000038   00000038    r-- .cinit
20000000    20000000    000020b8   00000000    rw-
  20000000    20000000    00002000   00000000    rw- .stack
  20002000    20002000    0000005c   00000000    rw- .bss
  2000205c    2000205c    0000005c   00000000    rw- .data


SECTION ALLOCATION MAP

 output                                  attributes/
section   page    origin      length       input sections
--------  ----  ----------  ----------   ----------------
.intvecs   0    00000000    0000026c     
                  00000000    0000026c     tm4c1233h6pm_startup_ccs.obj (.intvecs)

.text      0    0000026c    00005ecc     
                  0000026c    00000c30     main.obj (.text)
                  00000e9c    00000af0     rtsv7M4_T_le_v4SPD16_eabi.lib : _scanfi.c.obj (.text:__TI_scanfi)
                  0000198c    00000a4e                                   : _printfi.c.obj (.text:__TI_printfi)
                  000023da    00000002                                   : div0.asm.obj (.text)
                  000023dc    000007a8     gyroscope.obj (.text)
                  00002b84    00000460     rtsv7M4_T_le_v4SPD16_eabi.lib : strtod.c.obj (.text:strtod)
                  00002fe4    000002ec                                   : s_atan.c.obj (.text:atan)
                  000032d0    000002c4     i2c0.obj (.text)
                  00003594    000002a4     system_utils.obj (.text)
                  00003838    00000270     rtsv7M4_T_le_v4SPD16_eabi.lib : _printfi.c.obj (.text:_pconv_a)
                  00003aa8    000001fc     time.obj (.text)
                  00003ca4    000001dc     rtsv7M4_T_le_v4SPD16_eabi.lib : strtoll.c.obj (.text:strtoll)
                  00003e80    000001d8                                   : e_atan2.c.obj (.text:atan2)
                  00004058    000001d0                                   : _printfi.c.obj (.text:_pconv_g)
                  00004228    000001d0     uart0.obj (.text)
                  000043f8    000001b6     rtsv7M4_T_le_v4SPD16_eabi.lib : fd_add_t2.asm.obj (.text)
                  000045ae    00000002     --HOLE-- [fill = 0]
                  000045b0    00000180     rtc.obj (.text)
                  00004730    0000015c     rtsv7M4_T_le_v4SPD16_eabi.lib : strtoull.c.obj (.text:strtoull)
                  0000488c    00000158                                   : e_atan2f.c.obj (.text:atan2f)
                  000049e4    00000158                                   : e_sqrt.c.obj (.text:sqrt)
                  00004b3c    00000150                                   : s_atanf.c.obj (.text:atanf)
                  00004c8c    0000013c                                   : _printfi.c.obj (.text:_pconv_e)
                  00004dc8    00000136                                   : fd_div_t2.asm.obj (.text)
                  00004efe    00000002     --HOLE-- [fill = 0]
                  00004f00    00000130                                   : strtol.c.obj (.text:strtol)
                  00005030    00000124                                   : _printfi.c.obj (.text:fcvt)
                  00005154    00000110                                   : s_scalbn.c.obj (.text:scalbn)
                  00005264    00000110                                   : strtoul.c.obj (.text:strtoul)
                  00005374    000000fc                                   : fd_mul_t2.asm.obj (.text)
                  00005470    000000b1                                   : _printfi.c.obj (.text:_ltostr)
                  00005521    00000003     --HOLE-- [fill = 0]
                  00005524    000000b0     flash.obj (.text)
                  000055d4    0000009c     rtsv7M4_T_le_v4SPD16_eabi.lib : memcpy_t2.asm.obj (.text)
                  00005670    00000096                                   : ull_div_t2.asm.obj (.text)
                  00005706    00000086                                   : fd_cmp_t2.asm.obj (.text:__aeabi_cdcmple)
                  0000578c    00000086                                   : fd_cmp_t2.asm.obj (.text:__aeabi_cdrcmple)
                  00005812    0000007a                                   : memset_t2.asm.obj (.text)
                  0000588c    0000006e                                   : _printfi.c.obj (.text:_mcpy)
                  000058fa    0000006e                                   : fd_tos_t2.asm.obj (.text)
                  00005968    0000006e                                   : ll_div_t2.asm.obj (.text)
                  000059d6    0000006c                                   : fs_toll_t2.asm.obj (.text)
                  00005a42    00000002     --HOLE-- [fill = 0]
                  00005a44    00000068                                   : sscanf.c.obj (.text:_chkmbc)
                  00005aac    00000068                                   : copy_decompress_lzss.c.obj (.text:decompress:lzss:__TI_decompress_lzss)
                  00005b14    00000064                                   : s_frexp.c.obj (.text:frexp)
                  00005b78    00000056                                   : _printfi.c.obj (.text:_pconv_f)
                  00005bce    00000054                                   : ltoa.c.obj (.text:ltoa)
                  00005c22    00000052                                   : _printfi.c.obj (.text:_ecpy)
                  00005c74    0000004c                                   : atoi.c.obj (.text:atoi)
                  00005cc0    00000048                                   : fd_toi_t2.asm.obj (.text)
                  00005d08    00000048                                   : ll_tofs_t2.asm.obj (.text)
                  00005d50    00000044                                   : autoinit.c.obj (.text:__TI_auto_init_nobinit_nopinit:__TI_auto_init_nobinit_nopinit)
                  00005d94    00000040                                   : sprintf.c.obj (.text:sprintf)
                  00005dd4    00000040                                   : strtok.c.obj (.text:strtok)
                  00005e14    0000003e                                   : _printfi.c.obj (.text:_fcpy)
                  00005e52    00000002     --HOLE-- [fill = 0]
                  00005e54    0000003c     periodic.obj (.text)
                  00005e90    00000038     rtsv7M4_T_le_v4SPD16_eabi.lib : fs_tod_t2.asm.obj (.text)
                  00005ec8    00000038                                   : sscanf.c.obj (.text:sscanf)
                  00005f00    00000034                                   : boot_cortex_m.c.obj (.text:_c_int00_noargs:_c_int00_noargs)
                  00005f34    0000002e                                   : i_tofd_t2.asm.obj (.text)
                  00005f62    0000002a                                   : strspn.c.obj (.text:strspn)
                  00005f8c    00000028                                   : e_sqrtf.c.obj (.text:sqrtf)
                  00005fb4    00000024                                   : strcspn.c.obj (.text:strcspn)
                  00005fd8    0000001c                                   : copy_zero_init.c.obj (.text:decompress:ZI:__TI_zero_init_nomemset:__TI_zero_init_nomemset)
                  00005ff4    0000001c                                   : memccpy.c.obj (.text:memccpy)
                  00006010    0000001a                                   : s_copysign.c.obj (.text:copysign)
                  0000602a    00000018                                   : sprintf.c.obj (.text:_outs)
                  00006042    00000018                                   : ll_mul_t2.asm.obj (.text)
                  0000605a    00000018                                   : strcmp.c.obj (.text:strcmp)
                  00006072    00000018                                   : strrchr.c.obj (.text:strrchr)
                  0000608a    00000016                                   : strchr.c.obj (.text:strchr)
                  000060a0    00000014                                   : strcpy.c.obj (.text:strcpy)
                  000060b4    00000014                                   : strlen.c.obj (.text:strlen)
                  000060c8    00000012                                   : sscanf.c.obj (.text:_inpchar)
                  000060da    00000012                                   : wcslen.c.obj (.text:wcslen)
                  000060ec    00000010                                   : tolower.c.obj (.text:tolower)
                  000060fc    0000000e                                   : copy_decompress_none.c.obj (.text:decompress:none:__TI_decompress_none)
                  0000610a    0000000c     tm4c1233h6pm_startup_ccs.obj (.text)
                  00006116    0000000a     rtsv7M4_T_le_v4SPD16_eabi.lib : sprintf.c.obj (.text:_outc)
                  00006120    00000008                                   : errno.c.obj (.text:__aeabi_errno_addr)
                  00006128    00000008                                   : sscanf.c.obj (.text:_uninpchar)
                  00006130    00000004                                   : pre_init.c.obj (.text:_system_pre_init)
                  00006134    00000004                                   : exit.c.obj (.text:abort:abort)

.const     0    00006138    000006ac     
                  00006138    00000400     main.obj (.const:$P$T0$1)
                  00006538    00000101     rtsv7M4_T_le_v4SPD16_eabi.lib : ctype.c.obj (.const:.string:_ctypes_)
                  00006639    00000007     --HOLE-- [fill = 0]
                  00006640    000000c8                                   : strtod.c.obj (.const:$O1$$)
                  00006708    00000098                                   : s_atan.c.obj (.const:$O1$$)
                  000067a0    00000034                                   : s_atanf.c.obj (.const:$O1$$)
                  000067d4    00000010                                   : _scanfi.c.obj (.const:$O1$$)

.cinit     0    000067e8    00000038     
                  000067e8    00000013     (.cinit..data.load) [load image, compression = lzss]
                  000067fb    00000001     --HOLE-- [fill = 0]
                  000067fc    0000000c     (__TI_handler_table)
                  00006808    00000008     (.cinit..bss.load) [load image, compression = zero_init]
                  00006810    00000010     (__TI_cinit_table)

.init_array 
*          0    00000000    00000000     UNINITIALIZED

.bss       0    20002000    0000005c     UNINITIALIZED
                  20002000    00000028     (.common:gating_parameters)
                  20002028    00000014     (.common:str)
                  2000203c    0000000c     (.common:offset_accel)
                  20002048    0000000c     (.common:offset_gyro)
                  20002054    00000004     (.common:num_samples)
                  20002058    00000004     (.common:periodic_time_value)

.data      0    2000205c    0000005c     UNINITIALIZED
                  2000205c    00000024     main.obj (.data)
                  20002080    00000010     main.obj (.data:hysteresis_mask)
                  20002090    00000010     main.obj (.data:log_mask)
                  200020a0    00000008     main.obj (.data:set_time)
                  200020a8    00000004     rtc.obj (.data)
                  200020ac    00000004     rtsv7M4_T_le_v4SPD16_eabi.lib : errno.c.obj (.data)
                  200020b0    00000004                                   : strtok.c.obj (.data)
                  200020b4    00000004     main.obj (.data:set_date)

.stack     0    20000000    00002000     UNINITIALIZED
                  20000000    00000004     rtsv7M4_T_le_v4SPD16_eabi.lib : boot_cortex_m.c.obj (.stack)
                  20000004    00001ffc     --HOLE--

MODULE SUMMARY

       Module                         code    ro data   rw data
       ------                         ----    -------   -------
    ./
       main.obj                       3120    1024      172    
       gyroscope.obj                  1960    0         0      
       i2c0.obj                       708     0         0      
       system_utils.obj               676     0         0      
       tm4c1233h6pm_startup_ccs.obj   12      620       0      
       time.obj                       508     0         0      
       uart0.obj                      464     0         0      
       rtc.obj                        384     0         4      
       flash.obj                      176     0         0      
       periodic.obj                   60      0         0      
    +--+------------------------------+-------+---------+---------+
       Total:                         8068    1644      176    
                                                               
    /Applications/ti/ccs910/ccs/tools/compiler/ti-cgt-arm_18.12.2.LTS/lib/rtsv7M4_T_le_v4SPD16_eabi.lib
       _printfi.c.obj                 4851    0         0      
       _scanfi.c.obj                  2800    16        0      
       strtod.c.obj                   1120    200       0      
       s_atan.c.obj                   748     152       0      
       strtoll.c.obj                  476     0         0      
       e_atan2.c.obj                  472     0         0      
       fd_add_t2.asm.obj              438     0         0      
       s_atanf.c.obj                  336     52        0      
       strtoull.c.obj                 348     0         0      
       e_atan2f.c.obj                 344     0         0      
       e_sqrt.c.obj                   344     0         0      
       fd_div_t2.asm.obj              310     0         0      
       strtol.c.obj                   304     0         0      
       s_scalbn.c.obj                 272     0         0      
       strtoul.c.obj                  272     0         0      
       fd_cmp_t2.asm.obj              268     0         0      
       ctype.c.obj                    0       257       0      
       fd_mul_t2.asm.obj              252     0         0      
       sscanf.c.obj                   186     0         0      
       memcpy_t2.asm.obj              156     0         0      
       ull_div_t2.asm.obj             150     0         0      
       memset_t2.asm.obj              122     0         0      
       fd_tos_t2.asm.obj              110     0         0      
       ll_div_t2.asm.obj              110     0         0      
       fs_toll_t2.asm.obj             108     0         0      
       copy_decompress_lzss.c.obj     104     0         0      
       s_frexp.c.obj                  100     0         0      
       sprintf.c.obj                  98      0         0      
       ltoa.c.obj                     84      0         0      
       atoi.c.obj                     76      0         0      
       fd_toi_t2.asm.obj              72      0         0      
       ll_tofs_t2.asm.obj             72      0         0      
       autoinit.c.obj                 68      0         0      
       strtok.c.obj                   64      0         4      
       fs_tod_t2.asm.obj              56      0         0      
       boot_cortex_m.c.obj            52      0         0      
       i_tofd_t2.asm.obj              46      0         0      
       strspn.c.obj                   42      0         0      
       e_sqrtf.c.obj                  40      0         0      
       strcspn.c.obj                  36      0         0      
       copy_zero_init.c.obj           28      0         0      
       memccpy.c.obj                  28      0         0      
       s_copysign.c.obj               26      0         0      
       ll_mul_t2.asm.obj              24      0         0      
       strcmp.c.obj                   24      0         0      
       strrchr.c.obj                  24      0         0      
       strchr.c.obj                   22      0         0      
       strcpy.c.obj                   20      0         0      
       strlen.c.obj                   20      0         0      
       wcslen.c.obj                   18      0         0      
       tolower.c.obj                  16      0         0      
       copy_decompress_none.c.obj     14      0         0      
       errno.c.obj                    8       0         4      
       exit.c.obj                     4       0         0      
       pre_init.c.obj                 4       0         0      
       div0.asm.obj                   2       0         0      
    +--+------------------------------+-------+---------+---------+
       Total:                         16189   677       8      
                                                               
       Stack:                         0       0         8192   
       Linker Generated:              0       55        0      
    +--+------------------------------+-------+---------+---------+
       Grand Total:                   24257   2376      8376   


LINKER GENERATED COPY TABLES

__TI_cinit_table @ 00006810 records: 2, size/record: 8, table size: 16
	.data: load addr=000067e8, load size=00000013 bytes, run addr=2000205c, run size=0000005c bytes, compression=lzss
	.bss: load addr=00006808, load size=00000008 bytes, run addr=20002000, run size=0000005c bytes, compression=zero_init


LINKER GENERATED HANDLER TABLE

__TI_handler_table @ 000067fc records: 3, size/record: 4, table size: 12
	index: 0, handler: __TI_decompress_lzss
	index: 1, handler: __TI_decompress_none
	index: 2, handler: __TI_zero_init


GLOBAL SYMBOLS: SORTED ALPHABETICALLY BY Name 

address   name                             
-------   ----                             
000003b9  Burst                            
00006135  C$$EXIT                          
000028ad  CalculateAngles                  
00003b09  CalculateCurrentDifference       
000023dd  Calibrate                        
00000525  CheckAccelGating                 
00000507  CheckTempGating                  
0000464b  EnableHibernation                
00002829  EnableMagnetometer               
00005e55  EnableNoHibWakeUpPeriodic        
00003621  GPIOInit                         
0000465d  HibernateMatchISR                
0000026d  InitHW                           
00003adb  InitializeDateStructure          
00003aa9  InitializeTimeStructure          
000045cd  LoadRTCValue                     
000046c3  RTCInit                          
000045dd  RTCMatchNoHib                    
00004617  RTCMatchSetupHib                 
000045ed  RTCMatchSetupNoHib               
000045c1  RTCModuleRCGCInit                
0000264f  ReadAccelerometer                
00002733  ReadGyroscope                    
0000284d  ReadMagnetometer                 
0000260d  ReadRawAccelerometer             
000026f1  ReadRawGyroscope                 
000027e1  ReadTemperature                  
00000295  Reset                            
0000610b  ResetISR                         
00003693  SetGatingParameters              
000046b1  SetRTCWEN                        
0000029d  SingleSample                     
0000469f  StartRTCCounting                 
00003619  SystemClockInit                  
000005c1  TriggerISR                       
00003629  TriggerInit                      
000035ab  UARTInit                         
00003595  UARTRCGCInit                     
00003b2b  UpdateDateandTimeValues          
0000552f  WritePageToFlash                 
00005525  WritePageToFlashLevelling        
20002000  __STACK_END                      
00002000  __STACK_SIZE                     
20000200  __STACK_TOP                      
00006810  __TI_CINIT_Base                  
00006820  __TI_CINIT_Limit                 
000067fc  __TI_Handler_Table_Base          
00006808  __TI_Handler_Table_Limit         
00005d51  __TI_auto_init_nobinit_nopinit   
00005aad  __TI_decompress_lzss             
000060fd  __TI_decompress_none             
ffffffff  __TI_pprof_out_hndl              
0000198d  __TI_printfi                     
ffffffff  __TI_prof_data_size              
ffffffff  __TI_prof_data_start             
00000e9d  __TI_scanfi                      
00000000  __TI_static_base__               
00005fd9  __TI_zero_init_nomemset          
00005707  __aeabi_cdcmpeq                  
00005707  __aeabi_cdcmple                  
0000578d  __aeabi_cdrcmple                 
000058fb  __aeabi_d2f                      
00005cc1  __aeabi_d2iz                     
00004403  __aeabi_dadd                     
00004dc9  __aeabi_ddiv                     
00005375  __aeabi_dmul                     
000043f9  __aeabi_dsub                     
00006121  __aeabi_errno_addr               
00005e91  __aeabi_f2d                      
000059d7  __aeabi_f2lz                     
00005f35  __aeabi_i2d                      
000023db  __aeabi_idiv0                    
00005d09  __aeabi_l2f                      
000023db  __aeabi_ldiv0                    
00005969  __aeabi_ldivmod                  
00006043  __aeabi_lmul                     
00005813  __aeabi_memclr                   
00005813  __aeabi_memclr4                  
00005813  __aeabi_memclr8                  
000055d5  __aeabi_memcpy                   
000055d5  __aeabi_memcpy4                  
000055d5  __aeabi_memcpy8                  
00005815  __aeabi_memset                   
00005815  __aeabi_memset4                  
00005815  __aeabi_memset8                  
00005671  __aeabi_uldivmod                 
ffffffff  __binit__                        
ffffffff  __c_args__                       
UNDEFED   __mpu_init                       
20000000  __stack                          
00005f01  _c_int00_noargs                  
00006538  _ctypes_                         
UNDEFED   _system_post_cinit               
00006131  _system_pre_init                 
00006135  abort                            
20002074  acceleration_vector_prev_trigger 
00003787  asciiToUint8                     
00002fe5  atan                             
00003e81  atan2                            
0000488d  atan2f                           
00003e81  atan2l                           
00004b3d  atanf                            
00002fe5  atanl                            
00005c75  atoi                             
ffffffff  binit                            
200020a8  clear_value                      
00006011  copysign                         
00006011  copysignl                        
200020ac  errno                            
00005b15  frexp                            
00005b15  frexpl                           
00000000  g_pfnVectors                     
20002064  gating_lower_acceleration        
2000206c  gating_lower_temperature         
20002000  gating_parameters                
20002068  gating_upper_acceleration        
20002070  gating_upper_temperature         
000045bb  getSecondsValue                  
000042ff  getcUart0                        
00004313  getsUart0                        
20002080  hysteresis_mask                  
20002060  hysterisis_threshold             
000032d1  initI2c0                         
00004229  initUart0                        
000045b1  isHibWriteComplete               
0000353f  isI2c0Error                      
000036a9  itoA                             
00005155  ldexp                            
00005155  ldexpl                           
20002090  log_mask                         
00005bcf  ltoa                             
20002078  magnetic_heading_prev_trigger    
000008b1  main                             
00005ff5  memccpy                          
000055d5  memcpy                           
0000581b  memset                           
20002054  num_samples                      
2000203c  offset_accel                     
20002048  offset_gyro                      
20002058  periodic_time_value              
000034f9  pollI2c0Address                  
000042b7  putcUart0                        
000042d3  putsUart0                        
00003449  readI2c0Register                 
000034a7  readI2c0Registers                
00005155  scalbn                           
00005155  scalbnl                          
200020b4  set_date                         
200020a0  set_time                         
00005d95  sprintf                          
000049e5  sqrt                             
00005f8d  sqrtf                            
000049e5  sqrtl                            
00005ec9  sscanf                           
2000205c  starting_block_address           
20002028  str                              
0000608b  strchr                           
0000605b  strcmp                           
000060a1  strcpy                           
00005fb5  strcspn                          
000060b5  strlen                           
00006073  strrchr                          
00005f63  strspn                           
00002b85  strtod                           
00005dd5  strtok                           
00004f01  strtol                           
00002b85  strtold                          
00003ca5  strtoll                          
00005265  strtoul                          
00004731  strtoull                         
2000207c  temperature_readings_prev_trigger
000060ed  tolower                          
000060db  wcslen                           
00003339  writeI2c0Register                
0000338f  writeI2c0Registers               


GLOBAL SYMBOLS: SORTED BY Symbol Address 

address   name                             
-------   ----                             
00000000  __TI_static_base__               
00000000  g_pfnVectors                     
0000026d  InitHW                           
00000295  Reset                            
0000029d  SingleSample                     
000003b9  Burst                            
00000507  CheckTempGating                  
00000525  CheckAccelGating                 
000005c1  TriggerISR                       
000008b1  main                             
00000e9d  __TI_scanfi                      
0000198d  __TI_printfi                     
00002000  __STACK_SIZE                     
000023db  __aeabi_idiv0                    
000023db  __aeabi_ldiv0                    
000023dd  Calibrate                        
0000260d  ReadRawAccelerometer             
0000264f  ReadAccelerometer                
000026f1  ReadRawGyroscope                 
00002733  ReadGyroscope                    
000027e1  ReadTemperature                  
00002829  EnableMagnetometer               
0000284d  ReadMagnetometer                 
000028ad  CalculateAngles                  
00002b85  strtod                           
00002b85  strtold                          
00002fe5  atan                             
00002fe5  atanl                            
000032d1  initI2c0                         
00003339  writeI2c0Register                
0000338f  writeI2c0Registers               
00003449  readI2c0Register                 
000034a7  readI2c0Registers                
000034f9  pollI2c0Address                  
0000353f  isI2c0Error                      
00003595  UARTRCGCInit                     
000035ab  UARTInit                         
00003619  SystemClockInit                  
00003621  GPIOInit                         
00003629  TriggerInit                      
00003693  SetGatingParameters              
000036a9  itoA                             
00003787  asciiToUint8                     
00003aa9  InitializeTimeStructure          
00003adb  InitializeDateStructure          
00003b09  CalculateCurrentDifference       
00003b2b  UpdateDateandTimeValues          
00003ca5  strtoll                          
00003e81  atan2                            
00003e81  atan2l                           
00004229  initUart0                        
000042b7  putcUart0                        
000042d3  putsUart0                        
000042ff  getcUart0                        
00004313  getsUart0                        
000043f9  __aeabi_dsub                     
00004403  __aeabi_dadd                     
000045b1  isHibWriteComplete               
000045bb  getSecondsValue                  
000045c1  RTCModuleRCGCInit                
000045cd  LoadRTCValue                     
000045dd  RTCMatchNoHib                    
000045ed  RTCMatchSetupNoHib               
00004617  RTCMatchSetupHib                 
0000464b  EnableHibernation                
0000465d  HibernateMatchISR                
0000469f  StartRTCCounting                 
000046b1  SetRTCWEN                        
000046c3  RTCInit                          
00004731  strtoull                         
0000488d  atan2f                           
000049e5  sqrt                             
000049e5  sqrtl                            
00004b3d  atanf                            
00004dc9  __aeabi_ddiv                     
00004f01  strtol                           
00005155  ldexp                            
00005155  ldexpl                           
00005155  scalbn                           
00005155  scalbnl                          
00005265  strtoul                          
00005375  __aeabi_dmul                     
00005525  WritePageToFlashLevelling        
0000552f  WritePageToFlash                 
000055d5  __aeabi_memcpy                   
000055d5  __aeabi_memcpy4                  
000055d5  __aeabi_memcpy8                  
000055d5  memcpy                           
00005671  __aeabi_uldivmod                 
00005707  __aeabi_cdcmpeq                  
00005707  __aeabi_cdcmple                  
0000578d  __aeabi_cdrcmple                 
00005813  __aeabi_memclr                   
00005813  __aeabi_memclr4                  
00005813  __aeabi_memclr8                  
00005815  __aeabi_memset                   
00005815  __aeabi_memset4                  
00005815  __aeabi_memset8                  
0000581b  memset                           
000058fb  __aeabi_d2f                      
00005969  __aeabi_ldivmod                  
000059d7  __aeabi_f2lz                     
00005aad  __TI_decompress_lzss             
00005b15  frexp                            
00005b15  frexpl                           
00005bcf  ltoa                             
00005c75  atoi                             
00005cc1  __aeabi_d2iz                     
00005d09  __aeabi_l2f                      
00005d51  __TI_auto_init_nobinit_nopinit   
00005d95  sprintf                          
00005dd5  strtok                           
00005e55  EnableNoHibWakeUpPeriodic        
00005e91  __aeabi_f2d                      
00005ec9  sscanf                           
00005f01  _c_int00_noargs                  
00005f35  __aeabi_i2d                      
00005f63  strspn                           
00005f8d  sqrtf                            
00005fb5  strcspn                          
00005fd9  __TI_zero_init_nomemset          
00005ff5  memccpy                          
00006011  copysign                         
00006011  copysignl                        
00006043  __aeabi_lmul                     
0000605b  strcmp                           
00006073  strrchr                          
0000608b  strchr                           
000060a1  strcpy                           
000060b5  strlen                           
000060db  wcslen                           
000060ed  tolower                          
000060fd  __TI_decompress_none             
0000610b  ResetISR                         
00006121  __aeabi_errno_addr               
00006131  _system_pre_init                 
00006135  C$$EXIT                          
00006135  abort                            
00006538  _ctypes_                         
000067fc  __TI_Handler_Table_Base          
00006808  __TI_Handler_Table_Limit         
00006810  __TI_CINIT_Base                  
00006820  __TI_CINIT_Limit                 
20000000  __stack                          
20000200  __STACK_TOP                      
20002000  __STACK_END                      
20002000  gating_parameters                
20002028  str                              
2000203c  offset_accel                     
20002048  offset_gyro                      
20002054  num_samples                      
20002058  periodic_time_value              
2000205c  starting_block_address           
20002060  hysterisis_threshold             
20002064  gating_lower_acceleration        
20002068  gating_upper_acceleration        
2000206c  gating_lower_temperature         
20002070  gating_upper_temperature         
20002074  acceleration_vector_prev_trigger 
20002078  magnetic_heading_prev_trigger    
2000207c  temperature_readings_prev_trigger
20002080  hysteresis_mask                  
20002090  log_mask                         
200020a0  set_time                         
200020a8  clear_value                      
200020ac  errno                            
200020b4  set_date                         
ffffffff  __TI_pprof_out_hndl              
ffffffff  __TI_prof_data_size              
ffffffff  __TI_prof_data_start             
ffffffff  __binit__                        
ffffffff  __c_args__                       
ffffffff  binit                            
UNDEFED   __mpu_init                       
UNDEFED   _system_post_cinit               

[175 symbols]
