******************************************************************************
                  TI ARM Linker Unix v18.12.2                  
******************************************************************************
>> Linked Sat Nov 23 13:20:52 2019

OUTPUT FILE NAME:   <OrientationTracker.out>
ENTRY POINT SYMBOL: "_c_int00_noargs"  address: 00004aa1


MEMORY CONFIGURATION

         name            origin    length      used     unused   attr    fill
----------------------  --------  ---------  --------  --------  ----  --------
  FLASH                 00000000   00040000  00004ed8  0003b128  R  X
  SRAM                  20000000   00008000  00002008  00005ff8  RW X


SEGMENT ALLOCATION MAP

run origin  load origin   length   init length attrs members
----------  ----------- ---------- ----------- ----- -------
00000000    00000000    00004ed8   00004ed8    r-x
  00000000    00000000    0000026c   0000026c    r-- .intvecs
  0000026c    0000026c    000049dc   000049dc    r-x .text
  00004c48    00004c48    00000278   00000278    r-- .const
  00004ec0    00004ec0    00000018   00000018    r-- .cinit
20000000    20000000    00002008   00000000    rw-
  20000000    20000000    00002000   00000000    rw- .stack
  20002000    20002000    00000008   00000000    rw- .data


SECTION ALLOCATION MAP

 output                                  attributes/
section   page    origin      length       input sections
--------  ----  ----------  ----------   ----------------
.intvecs   0    00000000    0000026c     
                  00000000    0000026c     tm4c1233h6pm_startup_ccs.obj (.intvecs)

.text      0    0000026c    000049dc     
                  0000026c    00000af0     rtsv7M4_T_le_v4SPD16_eabi.lib : _scanfi.c.obj (.text:__TI_scanfi)
                  00000d5c    00000a4e                                   : _printfi.c.obj (.text:__TI_printfi)
                  000017aa    00000002                                   : div0.asm.obj (.text)
                  000017ac    000004dc     gyroscope.obj (.text)
                  00001c88    00000460     rtsv7M4_T_le_v4SPD16_eabi.lib : strtod.c.obj (.text:strtod)
                  000020e8    00000310     main.obj (.text)
                  000023f8    000002ec     rtsv7M4_T_le_v4SPD16_eabi.lib : s_atan.c.obj (.text:atan)
                  000026e4    000002c4     i2c0.obj (.text)
                  000029a8    00000270     rtsv7M4_T_le_v4SPD16_eabi.lib : _printfi.c.obj (.text:_pconv_a)
                  00002c18    000001f4     system_utils.obj (.text)
                  00002e0c    000001dc     rtsv7M4_T_le_v4SPD16_eabi.lib : strtoll.c.obj (.text:strtoll)
                  00002fe8    000001d8                                   : e_atan2.c.obj (.text:atan2)
                  000031c0    000001d0                                   : _printfi.c.obj (.text:_pconv_g)
                  00003390    000001d0     uart0.obj (.text)
                  00003560    000001b6     rtsv7M4_T_le_v4SPD16_eabi.lib : fd_add_t2.asm.obj (.text)
                  00003716    00000002     --HOLE-- [fill = 0]
                  00003718    0000015c                                   : strtoull.c.obj (.text:strtoull)
                  00003874    0000013c                                   : _printfi.c.obj (.text:_pconv_e)
                  000039b0    00000136                                   : fd_div_t2.asm.obj (.text)
                  00003ae6    00000002     --HOLE-- [fill = 0]
                  00003ae8    00000130                                   : strtol.c.obj (.text:strtol)
                  00003c18    00000124                                   : _printfi.c.obj (.text:fcvt)
                  00003d3c    00000110                                   : s_scalbn.c.obj (.text:scalbn)
                  00003e4c    00000110                                   : strtoul.c.obj (.text:strtoul)
                  00003f5c    000000fc                                   : fd_mul_t2.asm.obj (.text)
                  00004058    000000e8     rtc.obj (.text)
                  00004140    000000b1     rtsv7M4_T_le_v4SPD16_eabi.lib : _printfi.c.obj (.text:_ltostr)
                  000041f1    00000001     --HOLE-- [fill = 0]
                  000041f2    0000009c                                   : memcpy_t2.asm.obj (.text)
                  0000428e    00000096                                   : ull_div_t2.asm.obj (.text)
                  00004324    00000086                                   : fd_cmp_t2.asm.obj (.text:__aeabi_cdcmple)
                  000043aa    00000086                                   : fd_cmp_t2.asm.obj (.text:__aeabi_cdrcmple)
                  00004430    0000007a                                   : memset_t2.asm.obj (.text)
                  000044aa    0000006e                                   : _printfi.c.obj (.text:_mcpy)
                  00004518    0000006e                                   : fd_tos_t2.asm.obj (.text)
                  00004586    0000006e                                   : ll_div_t2.asm.obj (.text)
                  000045f4    0000006c                                   : fs_toll_t2.asm.obj (.text)
                  00004660    00000068                                   : sscanf.c.obj (.text:_chkmbc)
                  000046c8    00000068                                   : copy_decompress_lzss.c.obj (.text:decompress:lzss:__TI_decompress_lzss)
                  00004730    00000064                                   : s_frexp.c.obj (.text:frexp)
                  00004794    00000056                                   : _printfi.c.obj (.text:_pconv_f)
                  000047ea    00000054                                   : ltoa.c.obj (.text:ltoa)
                  0000483e    00000052                                   : _printfi.c.obj (.text:_ecpy)
                  00004890    0000004c                                   : atoi.c.obj (.text:atoi)
                  000048dc    00000048                                   : fd_toi_t2.asm.obj (.text)
                  00004924    00000048                                   : ll_tofs_t2.asm.obj (.text)
                  0000496c    00000044                                   : autoinit.c.obj (.text:__TI_auto_init_nobinit_nopinit:__TI_auto_init_nobinit_nopinit)
                  000049b0    00000040                                   : sprintf.c.obj (.text:sprintf)
                  000049f0    0000003e                                   : _printfi.c.obj (.text:_fcpy)
                  00004a2e    00000038                                   : fs_tod_t2.asm.obj (.text)
                  00004a66    00000002     --HOLE-- [fill = 0]
                  00004a68    00000038                                   : sscanf.c.obj (.text:sscanf)
                  00004aa0    00000034                                   : boot_cortex_m.c.obj (.text:_c_int00_noargs:_c_int00_noargs)
                  00004ad4    0000002e                                   : i_tofd_t2.asm.obj (.text)
                  00004b02    0000001c                                   : memccpy.c.obj (.text:memccpy)
                  00004b1e    0000001a                                   : s_copysign.c.obj (.text:copysign)
                  00004b38    00000018                                   : sprintf.c.obj (.text:_outs)
                  00004b50    00000018                                   : ll_mul_t2.asm.obj (.text)
                  00004b68    00000018                                   : strcmp.c.obj (.text:strcmp)
                  00004b80    00000018                                   : strrchr.c.obj (.text:strrchr)
                  00004b98    00000016                                   : strchr.c.obj (.text:strchr)
                  00004bae    00000014                                   : strcpy.c.obj (.text:strcpy)
                  00004bc2    00000014                                   : strlen.c.obj (.text:strlen)
                  00004bd6    00000012                                   : sscanf.c.obj (.text:_inpchar)
                  00004be8    00000012                                   : wcslen.c.obj (.text:wcslen)
                  00004bfa    00000002     --HOLE-- [fill = 0]
                  00004bfc    00000010                                   : tolower.c.obj (.text:tolower)
                  00004c0c    0000000e                                   : copy_decompress_none.c.obj (.text:decompress:none:__TI_decompress_none)
                  00004c1a    0000000c     tm4c1233h6pm_startup_ccs.obj (.text)
                  00004c26    0000000a     rtsv7M4_T_le_v4SPD16_eabi.lib : sprintf.c.obj (.text:_outc)
                  00004c30    00000008                                   : errno.c.obj (.text:__aeabi_errno_addr)
                  00004c38    00000008                                   : sscanf.c.obj (.text:_uninpchar)
                  00004c40    00000004                                   : pre_init.c.obj (.text:_system_pre_init)
                  00004c44    00000004                                   : exit.c.obj (.text:abort:abort)

.const     0    00004c48    00000278     
                  00004c48    00000101     rtsv7M4_T_le_v4SPD16_eabi.lib : ctype.c.obj (.const:.string:_ctypes_)
                  00004d49    00000007     --HOLE-- [fill = 0]
                  00004d50    000000c8                                   : strtod.c.obj (.const:$O1$$)
                  00004e18    00000098                                   : s_atan.c.obj (.const:$O1$$)
                  00004eb0    00000010                                   : _scanfi.c.obj (.const:$O1$$)

.cinit     0    00004ec0    00000018     
                  00004ec0    00000008     (__TI_handler_table)
                  00004ec8    00000007     (.cinit..data.load) [load image, compression = lzss]
                  00004ecf    00000001     --HOLE-- [fill = 0]
                  00004ed0    00000008     (__TI_cinit_table)

.init_array 
*          0    00000000    00000000     UNINITIALIZED

.data      0    20002000    00000008     UNINITIALIZED
                  20002000    00000004     rtc.obj (.data)
                  20002004    00000004     rtsv7M4_T_le_v4SPD16_eabi.lib : errno.c.obj (.data)

.stack     0    20000000    00002000     UNINITIALIZED
                  20000000    00000004     rtsv7M4_T_le_v4SPD16_eabi.lib : boot_cortex_m.c.obj (.stack)
                  20000004    00001ffc     --HOLE--

MODULE SUMMARY

       Module                         code    ro data   rw data
       ------                         ----    -------   -------
    ./
       gyroscope.obj                  1244    0         0      
       main.obj                       784     0         0      
       i2c0.obj                       708     0         0      
       tm4c1233h6pm_startup_ccs.obj   12      620       0      
       system_utils.obj               500     0         0      
       uart0.obj                      464     0         0      
       rtc.obj                        232     0         4      
    +--+------------------------------+-------+---------+---------+
       Total:                         3944    620       4      
                                                               
    /Applications/ti/ccs910/ccs/tools/compiler/ti-cgt-arm_18.12.2.LTS/lib/rtsv7M4_T_le_v4SPD16_eabi.lib
       _printfi.c.obj                 4851    0         0      
       _scanfi.c.obj                  2800    16        0      
       strtod.c.obj                   1120    200       0      
       s_atan.c.obj                   748     152       0      
       strtoll.c.obj                  476     0         0      
       e_atan2.c.obj                  472     0         0      
       fd_add_t2.asm.obj              438     0         0      
       strtoull.c.obj                 348     0         0      
       fd_div_t2.asm.obj              310     0         0      
       strtol.c.obj                   304     0         0      
       s_scalbn.c.obj                 272     0         0      
       strtoul.c.obj                  272     0         0      
       fd_cmp_t2.asm.obj              268     0         0      
       ctype.c.obj                    0       257       0      
       fd_mul_t2.asm.obj              252     0         0      
       sscanf.c.obj                   186     0         0      
       memcpy_t2.asm.obj              156     0         0      
       ull_div_t2.asm.obj             150     0         0      
       memset_t2.asm.obj              122     0         0      
       fd_tos_t2.asm.obj              110     0         0      
       ll_div_t2.asm.obj              110     0         0      
       fs_toll_t2.asm.obj             108     0         0      
       copy_decompress_lzss.c.obj     104     0         0      
       s_frexp.c.obj                  100     0         0      
       sprintf.c.obj                  98      0         0      
       ltoa.c.obj                     84      0         0      
       atoi.c.obj                     76      0         0      
       fd_toi_t2.asm.obj              72      0         0      
       ll_tofs_t2.asm.obj             72      0         0      
       autoinit.c.obj                 68      0         0      
       fs_tod_t2.asm.obj              56      0         0      
       boot_cortex_m.c.obj            52      0         0      
       i_tofd_t2.asm.obj              46      0         0      
       memccpy.c.obj                  28      0         0      
       s_copysign.c.obj               26      0         0      
       ll_mul_t2.asm.obj              24      0         0      
       strcmp.c.obj                   24      0         0      
       strrchr.c.obj                  24      0         0      
       strchr.c.obj                   22      0         0      
       strcpy.c.obj                   20      0         0      
       strlen.c.obj                   20      0         0      
       wcslen.c.obj                   18      0         0      
       tolower.c.obj                  16      0         0      
       copy_decompress_none.c.obj     14      0         0      
       errno.c.obj                    8       0         4      
       exit.c.obj                     4       0         0      
       pre_init.c.obj                 4       0         0      
       div0.asm.obj                   2       0         0      
    +--+------------------------------+-------+---------+---------+
       Total:                         14955   625       4      
                                                               
       Stack:                         0       0         8192   
       Linker Generated:              0       23        0      
    +--+------------------------------+-------+---------+---------+
       Grand Total:                   18899   1268      8200   


LINKER GENERATED COPY TABLES

__TI_cinit_table @ 00004ed0 records: 1, size/record: 8, table size: 8
	.data: load addr=00004ec8, load size=00000007 bytes, run addr=20002000, run size=00000008 bytes, compression=lzss


LINKER GENERATED HANDLER TABLE

__TI_handler_table @ 00004ec0 records: 2, size/record: 4, table size: 8
	index: 0, handler: __TI_decompress_lzss
	index: 1, handler: __TI_decompress_none


GLOBAL SYMBOLS: SORTED ALPHABETICALLY BY Name 

address   name                          
-------   ----                          
00004c45  C$$EXIT                       
000017ad  Calibrate                     
00001bf9  EnableMagnetometer            
00002ca5  GPIOInit                      
000040b5  HibernateMatchISR             
000020e9  InitHW                        
00004075  LoadRTCValue                  
000040db  RTCInit                       
00004085  RTCMatchSetup                 
00004069  RTCModuleRCGCInit             
00001a1f  ReadAccelerometer             
00001b03  ReadGyroscope                 
00001c1d  ReadMagnetometer              
000019dd  ReadRawAccelerometer          
00001ac1  ReadRawGyroscope              
00001bb1  ReadTemperature               
00004c1b  ResetISR                      
000040c9  StartRTCCounting              
00002c9d  SystemClockInit               
00002c2f  UARTInit                      
00002c19  UARTRCGCInit                  
20002000  __STACK_END                   
00002000  __STACK_SIZE                  
20000200  __STACK_TOP                   
00004ed0  __TI_CINIT_Base               
00004ed8  __TI_CINIT_Limit              
00004ec0  __TI_Handler_Table_Base       
00004ec8  __TI_Handler_Table_Limit      
0000496d  __TI_auto_init_nobinit_nopinit
000046c9  __TI_decompress_lzss          
00004c0d  __TI_decompress_none          
ffffffff  __TI_pprof_out_hndl           
00000d5d  __TI_printfi                  
ffffffff  __TI_prof_data_size           
ffffffff  __TI_prof_data_start          
0000026d  __TI_scanfi                   
00000000  __TI_static_base__            
00004325  __aeabi_cdcmpeq               
00004325  __aeabi_cdcmple               
000043ab  __aeabi_cdrcmple              
00004519  __aeabi_d2f                   
000048dd  __aeabi_d2iz                  
0000356b  __aeabi_dadd                  
000039b1  __aeabi_ddiv                  
00003f5d  __aeabi_dmul                  
00003561  __aeabi_dsub                  
00004c31  __aeabi_errno_addr            
00004a2f  __aeabi_f2d                   
000045f5  __aeabi_f2lz                  
00004ad5  __aeabi_i2d                   
000017ab  __aeabi_idiv0                 
00004925  __aeabi_l2f                   
000017ab  __aeabi_ldiv0                 
00004587  __aeabi_ldivmod               
00004b51  __aeabi_lmul                  
00004431  __aeabi_memclr                
00004431  __aeabi_memclr4               
00004431  __aeabi_memclr8               
000041f3  __aeabi_memcpy                
000041f3  __aeabi_memcpy4               
000041f3  __aeabi_memcpy8               
00004433  __aeabi_memset                
00004433  __aeabi_memset4               
00004433  __aeabi_memset8               
0000428f  __aeabi_uldivmod              
ffffffff  __binit__                     
ffffffff  __c_args__                    
UNDEFED   __mpu_init                    
20000000  __stack                       
00004aa1  _c_int00_noargs               
00004c48  _ctypes_                      
UNDEFED   _system_post_cinit            
00004c41  _system_pre_init              
00004c45  abort                         
00002d8b  asciiToUint8                  
000023f9  atan                          
00002fe9  atan2                         
00002fe9  atan2l                        
000023f9  atanl                         
00004891  atoi                          
ffffffff  binit                         
20002000  clear_value                   
00004b1f  copysign                      
00004b1f  copysignl                     
20002004  errno                         
00004731  frexp                         
00004731  frexpl                        
00000000  g_pfnVectors                  
00004063  getSecondsValue               
00003467  getcUart0                     
0000347b  getsUart0                     
000026e5  initI2c0                      
00003391  initUart0                     
00004059  isHibWriteComplete            
00002953  isI2c0Error                   
00002cad  itoA                          
00003d3d  ldexp                         
00003d3d  ldexpl                        
000047eb  ltoa                          
00002109  main                          
00004b03  memccpy                       
000041f3  memcpy                        
00004439  memset                        
0000290d  pollI2c0Address               
0000341f  putcUart0                     
0000343b  putsUart0                     
0000285d  readI2c0Register              
000028bb  readI2c0Registers             
00003d3d  scalbn                        
00003d3d  scalbnl                       
000049b1  sprintf                       
00004a69  sscanf                        
00004b99  strchr                        
00004b69  strcmp                        
00004baf  strcpy                        
00004bc3  strlen                        
00004b81  strrchr                       
00001c89  strtod                        
00003ae9  strtol                        
00001c89  strtold                       
00002e0d  strtoll                       
00003e4d  strtoul                       
00003719  strtoull                      
00004bfd  tolower                       
00004be9  wcslen                        
0000274d  writeI2c0Register             
000027a3  writeI2c0Registers            


GLOBAL SYMBOLS: SORTED BY Symbol Address 

address   name                          
-------   ----                          
00000000  __TI_static_base__            
00000000  g_pfnVectors                  
0000026d  __TI_scanfi                   
00000d5d  __TI_printfi                  
000017ab  __aeabi_idiv0                 
000017ab  __aeabi_ldiv0                 
000017ad  Calibrate                     
000019dd  ReadRawAccelerometer          
00001a1f  ReadAccelerometer             
00001ac1  ReadRawGyroscope              
00001b03  ReadGyroscope                 
00001bb1  ReadTemperature               
00001bf9  EnableMagnetometer            
00001c1d  ReadMagnetometer              
00001c89  strtod                        
00001c89  strtold                       
00002000  __STACK_SIZE                  
000020e9  InitHW                        
00002109  main                          
000023f9  atan                          
000023f9  atanl                         
000026e5  initI2c0                      
0000274d  writeI2c0Register             
000027a3  writeI2c0Registers            
0000285d  readI2c0Register              
000028bb  readI2c0Registers             
0000290d  pollI2c0Address               
00002953  isI2c0Error                   
00002c19  UARTRCGCInit                  
00002c2f  UARTInit                      
00002c9d  SystemClockInit               
00002ca5  GPIOInit                      
00002cad  itoA                          
00002d8b  asciiToUint8                  
00002e0d  strtoll                       
00002fe9  atan2                         
00002fe9  atan2l                        
00003391  initUart0                     
0000341f  putcUart0                     
0000343b  putsUart0                     
00003467  getcUart0                     
0000347b  getsUart0                     
00003561  __aeabi_dsub                  
0000356b  __aeabi_dadd                  
00003719  strtoull                      
000039b1  __aeabi_ddiv                  
00003ae9  strtol                        
00003d3d  ldexp                         
00003d3d  ldexpl                        
00003d3d  scalbn                        
00003d3d  scalbnl                       
00003e4d  strtoul                       
00003f5d  __aeabi_dmul                  
00004059  isHibWriteComplete            
00004063  getSecondsValue               
00004069  RTCModuleRCGCInit             
00004075  LoadRTCValue                  
00004085  RTCMatchSetup                 
000040b5  HibernateMatchISR             
000040c9  StartRTCCounting              
000040db  RTCInit                       
000041f3  __aeabi_memcpy                
000041f3  __aeabi_memcpy4               
000041f3  __aeabi_memcpy8               
000041f3  memcpy                        
0000428f  __aeabi_uldivmod              
00004325  __aeabi_cdcmpeq               
00004325  __aeabi_cdcmple               
000043ab  __aeabi_cdrcmple              
00004431  __aeabi_memclr                
00004431  __aeabi_memclr4               
00004431  __aeabi_memclr8               
00004433  __aeabi_memset                
00004433  __aeabi_memset4               
00004433  __aeabi_memset8               
00004439  memset                        
00004519  __aeabi_d2f                   
00004587  __aeabi_ldivmod               
000045f5  __aeabi_f2lz                  
000046c9  __TI_decompress_lzss          
00004731  frexp                         
00004731  frexpl                        
000047eb  ltoa                          
00004891  atoi                          
000048dd  __aeabi_d2iz                  
00004925  __aeabi_l2f                   
0000496d  __TI_auto_init_nobinit_nopinit
000049b1  sprintf                       
00004a2f  __aeabi_f2d                   
00004a69  sscanf                        
00004aa1  _c_int00_noargs               
00004ad5  __aeabi_i2d                   
00004b03  memccpy                       
00004b1f  copysign                      
00004b1f  copysignl                     
00004b51  __aeabi_lmul                  
00004b69  strcmp                        
00004b81  strrchr                       
00004b99  strchr                        
00004baf  strcpy                        
00004bc3  strlen                        
00004be9  wcslen                        
00004bfd  tolower                       
00004c0d  __TI_decompress_none          
00004c1b  ResetISR                      
00004c31  __aeabi_errno_addr            
00004c41  _system_pre_init              
00004c45  C$$EXIT                       
00004c45  abort                         
00004c48  _ctypes_                      
00004ec0  __TI_Handler_Table_Base       
00004ec8  __TI_Handler_Table_Limit      
00004ed0  __TI_CINIT_Base               
00004ed8  __TI_CINIT_Limit              
20000000  __stack                       
20000200  __STACK_TOP                   
20002000  __STACK_END                   
20002000  clear_value                   
20002004  errno                         
ffffffff  __TI_pprof_out_hndl           
ffffffff  __TI_prof_data_size           
ffffffff  __TI_prof_data_start          
ffffffff  __binit__                     
ffffffff  __c_args__                    
ffffffff  binit                         
UNDEFED   __mpu_init                    
UNDEFED   _system_post_cinit            

[127 symbols]
