******************************************************************************
                  TI ARM Linker Unix v18.12.2                  
******************************************************************************
>> Linked Tue Nov 19 19:23:11 2019

OUTPUT FILE NAME:   <OrientationTracker.out>
ENTRY POINT SYMBOL: "_c_int00_noargs"  address: 00002761


MEMORY CONFIGURATION

         name            origin    length      used     unused   attr    fill
----------------------  --------  ---------  --------  --------  ----  --------
  FLASH                 00000000   00040000  000029b1  0003d64f  R  X
  SRAM                  20000000   00008000  00002008  00005ff8  RW X


SEGMENT ALLOCATION MAP

run origin  load origin   length   init length attrs members
----------  ----------- ---------- ----------- ----- -------
00000000    00000000    000029b8   000029b8    r-x
  00000000    00000000    0000026c   0000026c    r-- .intvecs
  0000026c    0000026c    0000262c   0000262c    r-x .text
  00002898    00002898    00000101   00000101    r-- .const
  000029a0    000029a0    00000018   00000018    r-- .cinit
20000000    20000000    00002008   00000000    rw-
  20000000    20000000    00002000   00000000    rw- .stack
  20002000    20002000    00000008   00000000    rw- .data


SECTION ALLOCATION MAP

 output                                  attributes/
section   page    origin      length       input sections
--------  ----  ----------  ----------   ----------------
.intvecs   0    00000000    0000026c     
                  00000000    0000026c     tm4c1233h6pm_startup_ccs.obj (.intvecs)

.text      0    0000026c    0000262c     
                  0000026c    00000a4e     rtsv7M4_T_le_v4SPD16_eabi.lib : _printfi.c.obj (.text:__TI_printfi)
                  00000cba    00000002                                   : div0.asm.obj (.text)
                  00000cbc    00000274     i2c0.obj (.text)
                  00000f30    00000270     rtsv7M4_T_le_v4SPD16_eabi.lib : _printfi.c.obj (.text:_pconv_a)
                  000011a0    000001d0                                   : _printfi.c.obj (.text:_pconv_g)
                  00001370    000001d0     uart0.obj (.text)
                  00001540    000001b6     rtsv7M4_T_le_v4SPD16_eabi.lib : fd_add_t2.asm.obj (.text)
                  000016f6    00000002     --HOLE-- [fill = 0]
                  000016f8    000001b0     system_utils.obj (.text)
                  000018a8    0000013c     rtsv7M4_T_le_v4SPD16_eabi.lib : _printfi.c.obj (.text:_pconv_e)
                  000019e4    00000136                                   : fd_div_t2.asm.obj (.text)
                  00001b1a    00000002     --HOLE-- [fill = 0]
                  00001b1c    00000132     main.obj (.text)
                  00001c4e    00000002     --HOLE-- [fill = 0]
                  00001c50    00000124     rtsv7M4_T_le_v4SPD16_eabi.lib : _printfi.c.obj (.text:fcvt)
                  00001d74    00000110                                   : s_scalbn.c.obj (.text:scalbn)
                  00001e84    000000fc                                   : fd_mul_t2.asm.obj (.text)
                  00001f80    000000e8     rtc.obj (.text)
                  00002068    000000b1     rtsv7M4_T_le_v4SPD16_eabi.lib : _printfi.c.obj (.text:_ltostr)
                  00002119    00000001     --HOLE-- [fill = 0]
                  0000211a    0000009c                                   : memcpy_t2.asm.obj (.text)
                  000021b6    00000096                                   : ull_div_t2.asm.obj (.text)
                  0000224c    00000086                                   : fd_cmp_t2.asm.obj (.text:__aeabi_cdcmple)
                  000022d2    00000086                                   : fd_cmp_t2.asm.obj (.text:__aeabi_cdrcmple)
                  00002358    0000007a                                   : memset_t2.asm.obj (.text)
                  000023d2    0000006e                                   : _printfi.c.obj (.text:_mcpy)
                  00002440    00000068                                   : copy_decompress_lzss.c.obj (.text:decompress:lzss:__TI_decompress_lzss)
                  000024a8    00000064                                   : s_frexp.c.obj (.text:frexp)
                  0000250c    00000056                                   : _printfi.c.obj (.text:_pconv_f)
                  00002562    00000054                                   : ltoa.c.obj (.text:ltoa)
                  000025b6    00000052                                   : _printfi.c.obj (.text:_ecpy)
                  00002608    0000004c                                   : atoi.c.obj (.text:atoi)
                  00002654    00000048                                   : fd_toi_t2.asm.obj (.text)
                  0000269c    00000044                                   : autoinit.c.obj (.text:__TI_auto_init_nobinit_nopinit:__TI_auto_init_nobinit_nopinit)
                  000026e0    00000040                                   : sprintf.c.obj (.text:sprintf)
                  00002720    0000003e                                   : _printfi.c.obj (.text:_fcpy)
                  0000275e    00000002     --HOLE-- [fill = 0]
                  00002760    00000034                                   : boot_cortex_m.c.obj (.text:_c_int00_noargs:_c_int00_noargs)
                  00002794    0000002e                                   : i_tofd_t2.asm.obj (.text)
                  000027c2    0000001c                                   : memccpy.c.obj (.text:memccpy)
                  000027de    0000001a                                   : s_copysign.c.obj (.text:copysign)
                  000027f8    00000018                                   : sprintf.c.obj (.text:_outs)
                  00002810    00000018                                   : strcmp.c.obj (.text:strcmp)
                  00002828    00000016                                   : strchr.c.obj (.text:strchr)
                  0000283e    00000014                                   : strlen.c.obj (.text:strlen)
                  00002852    00000012                                   : wcslen.c.obj (.text:wcslen)
                  00002864    0000000e                                   : copy_decompress_none.c.obj (.text:decompress:none:__TI_decompress_none)
                  00002872    0000000c     tm4c1233h6pm_startup_ccs.obj (.text)
                  0000287e    0000000a     rtsv7M4_T_le_v4SPD16_eabi.lib : sprintf.c.obj (.text:_outc)
                  00002888    00000008                                   : errno.c.obj (.text:__aeabi_errno_addr)
                  00002890    00000004                                   : pre_init.c.obj (.text:_system_pre_init)
                  00002894    00000004                                   : exit.c.obj (.text:abort:abort)

.const     0    00002898    00000101     
                  00002898    00000101     rtsv7M4_T_le_v4SPD16_eabi.lib : ctype.c.obj (.const:.string:_ctypes_)

.cinit     0    000029a0    00000018     
                  000029a0    00000008     (__TI_handler_table)
                  000029a8    00000007     (.cinit..data.load) [load image, compression = lzss]
                  000029af    00000001     --HOLE-- [fill = 0]
                  000029b0    00000008     (__TI_cinit_table)

.init_array 
*          0    00000000    00000000     UNINITIALIZED

.data      0    20002000    00000008     UNINITIALIZED
                  20002000    00000004     rtc.obj (.data)
                  20002004    00000004     rtsv7M4_T_le_v4SPD16_eabi.lib : errno.c.obj (.data)

.stack     0    20000000    00002000     UNINITIALIZED
                  20000000    00000004     rtsv7M4_T_le_v4SPD16_eabi.lib : boot_cortex_m.c.obj (.stack)
                  20000004    00001ffc     --HOLE--

MODULE SUMMARY

       Module                         code   ro data   rw data
       ------                         ----   -------   -------
    ./
       tm4c1233h6pm_startup_ccs.obj   12     620       0      
       i2c0.obj                       628    0         0      
       uart0.obj                      464    0         0      
       system_utils.obj               432    0         0      
       main.obj                       306    0         0      
       rtc.obj                        232    0         4      
    +--+------------------------------+------+---------+---------+
       Total:                         2074   620       4      
                                                              
    /Applications/ti/ccs910/ccs/tools/compiler/ti-cgt-arm_18.12.2.LTS/lib/rtsv7M4_T_le_v4SPD16_eabi.lib
       _printfi.c.obj                 4851   0         0      
       fd_add_t2.asm.obj              438    0         0      
       fd_div_t2.asm.obj              310    0         0      
       s_scalbn.c.obj                 272    0         0      
       fd_cmp_t2.asm.obj              268    0         0      
       ctype.c.obj                    0      257       0      
       fd_mul_t2.asm.obj              252    0         0      
       memcpy_t2.asm.obj              156    0         0      
       ull_div_t2.asm.obj             150    0         0      
       memset_t2.asm.obj              122    0         0      
       copy_decompress_lzss.c.obj     104    0         0      
       s_frexp.c.obj                  100    0         0      
       sprintf.c.obj                  98     0         0      
       ltoa.c.obj                     84     0         0      
       atoi.c.obj                     76     0         0      
       fd_toi_t2.asm.obj              72     0         0      
       autoinit.c.obj                 68     0         0      
       boot_cortex_m.c.obj            52     0         0      
       i_tofd_t2.asm.obj              46     0         0      
       memccpy.c.obj                  28     0         0      
       s_copysign.c.obj               26     0         0      
       strcmp.c.obj                   24     0         0      
       strchr.c.obj                   22     0         0      
       strlen.c.obj                   20     0         0      
       wcslen.c.obj                   18     0         0      
       copy_decompress_none.c.obj     14     0         0      
       errno.c.obj                    8      0         4      
       exit.c.obj                     4      0         0      
       pre_init.c.obj                 4      0         0      
       div0.asm.obj                   2      0         0      
    +--+------------------------------+------+---------+---------+
       Total:                         7689   257       4      
                                                              
       Stack:                         0      0         8192   
       Linker Generated:              0      23        0      
    +--+------------------------------+------+---------+---------+
       Grand Total:                   9763   900       8200   


LINKER GENERATED COPY TABLES

__TI_cinit_table @ 000029b0 records: 1, size/record: 8, table size: 8
	.data: load addr=000029a8, load size=00000007 bytes, run addr=20002000, run size=00000008 bytes, compression=lzss


LINKER GENERATED HANDLER TABLE

__TI_handler_table @ 000029a0 records: 2, size/record: 4, table size: 8
	index: 0, handler: __TI_decompress_lzss
	index: 1, handler: __TI_decompress_none


GLOBAL SYMBOLS: SORTED ALPHABETICALLY BY Name 

address   name                          
-------   ----                          
00002895  C$$EXIT                       
00001785  GPIOInit                      
00001fdd  HibernateMatchISR             
00001b1d  InitHW                        
00001f9d  LoadRTCValue                  
00002003  RTCInit                       
00001fad  RTCMatchSetup                 
00001f91  RTCModuleRCGCInit             
00002873  ResetISR                      
00001ff1  StartRTCCounting              
0000177d  SystemClockInit               
0000170f  UARTInit                      
000016f9  UARTRCGCInit                  
20002000  __STACK_END                   
00002000  __STACK_SIZE                  
20000200  __STACK_TOP                   
000029b0  __TI_CINIT_Base               
000029b8  __TI_CINIT_Limit              
000029a0  __TI_Handler_Table_Base       
000029a8  __TI_Handler_Table_Limit      
0000269d  __TI_auto_init_nobinit_nopinit
00002441  __TI_decompress_lzss          
00002865  __TI_decompress_none          
ffffffff  __TI_pprof_out_hndl           
0000026d  __TI_printfi                  
ffffffff  __TI_prof_data_size           
ffffffff  __TI_prof_data_start          
00000000  __TI_static_base__            
0000224d  __aeabi_cdcmpeq               
0000224d  __aeabi_cdcmple               
000022d3  __aeabi_cdrcmple              
00002655  __aeabi_d2iz                  
0000154b  __aeabi_dadd                  
000019e5  __aeabi_ddiv                  
00001e85  __aeabi_dmul                  
00001541  __aeabi_dsub                  
00002889  __aeabi_errno_addr            
00002795  __aeabi_i2d                   
00000cbb  __aeabi_idiv0                 
00000cbb  __aeabi_ldiv0                 
00002359  __aeabi_memclr                
00002359  __aeabi_memclr4               
00002359  __aeabi_memclr8               
0000211b  __aeabi_memcpy                
0000211b  __aeabi_memcpy4               
0000211b  __aeabi_memcpy8               
0000235b  __aeabi_memset                
0000235b  __aeabi_memset4               
0000235b  __aeabi_memset8               
000021b7  __aeabi_uldivmod              
ffffffff  __binit__                     
ffffffff  __c_args__                    
UNDEFED   __mpu_init                    
20000000  __stack                       
00002761  _c_int00_noargs               
00002898  _ctypes_                      
UNDEFED   _system_post_cinit            
00002891  _system_pre_init              
00002895  abort                         
00002609  atoi                          
ffffffff  binit                         
20002000  clear_value                   
000027df  copysign                      
000027df  copysignl                     
20002004  errno                         
000024a9  frexp                         
000024a9  frexpl                        
00000000  g_pfnVectors                  
00001f8b  getSecondsValue               
00001447  getcUart0                     
0000145b  getsUart0                     
00000cbd  initI2c0                      
00001371  initUart0                     
00001f81  isHibWriteComplete            
00000ed9  isI2c0Error                   
0000178d  itoA                          
00001d75  ldexp                         
00001d75  ldexpl                        
00002563  ltoa                          
00001b3d  main                          
000027c3  memccpy                       
0000211b  memcpy                        
00002361  memset                        
00000e93  pollI2c0Address               
000013ff  putcUart0                     
0000141b  putsUart0                     
00000e35  readI2c0Register              
00001d75  scalbn                        
00001d75  scalbnl                       
000026e1  sprintf                       
00002829  strchr                        
00002811  strcmp                        
0000283f  strlen                        
00002853  wcslen                        
00000d25  writeI2c0Register             
00000d7b  writeI2c0Registers            


GLOBAL SYMBOLS: SORTED BY Symbol Address 

address   name                          
-------   ----                          
00000000  __TI_static_base__            
00000000  g_pfnVectors                  
0000026d  __TI_printfi                  
00000cbb  __aeabi_idiv0                 
00000cbb  __aeabi_ldiv0                 
00000cbd  initI2c0                      
00000d25  writeI2c0Register             
00000d7b  writeI2c0Registers            
00000e35  readI2c0Register              
00000e93  pollI2c0Address               
00000ed9  isI2c0Error                   
00001371  initUart0                     
000013ff  putcUart0                     
0000141b  putsUart0                     
00001447  getcUart0                     
0000145b  getsUart0                     
00001541  __aeabi_dsub                  
0000154b  __aeabi_dadd                  
000016f9  UARTRCGCInit                  
0000170f  UARTInit                      
0000177d  SystemClockInit               
00001785  GPIOInit                      
0000178d  itoA                          
000019e5  __aeabi_ddiv                  
00001b1d  InitHW                        
00001b3d  main                          
00001d75  ldexp                         
00001d75  ldexpl                        
00001d75  scalbn                        
00001d75  scalbnl                       
00001e85  __aeabi_dmul                  
00001f81  isHibWriteComplete            
00001f8b  getSecondsValue               
00001f91  RTCModuleRCGCInit             
00001f9d  LoadRTCValue                  
00001fad  RTCMatchSetup                 
00001fdd  HibernateMatchISR             
00001ff1  StartRTCCounting              
00002000  __STACK_SIZE                  
00002003  RTCInit                       
0000211b  __aeabi_memcpy                
0000211b  __aeabi_memcpy4               
0000211b  __aeabi_memcpy8               
0000211b  memcpy                        
000021b7  __aeabi_uldivmod              
0000224d  __aeabi_cdcmpeq               
0000224d  __aeabi_cdcmple               
000022d3  __aeabi_cdrcmple              
00002359  __aeabi_memclr                
00002359  __aeabi_memclr4               
00002359  __aeabi_memclr8               
0000235b  __aeabi_memset                
0000235b  __aeabi_memset4               
0000235b  __aeabi_memset8               
00002361  memset                        
00002441  __TI_decompress_lzss          
000024a9  frexp                         
000024a9  frexpl                        
00002563  ltoa                          
00002609  atoi                          
00002655  __aeabi_d2iz                  
0000269d  __TI_auto_init_nobinit_nopinit
000026e1  sprintf                       
00002761  _c_int00_noargs               
00002795  __aeabi_i2d                   
000027c3  memccpy                       
000027df  copysign                      
000027df  copysignl                     
00002811  strcmp                        
00002829  strchr                        
0000283f  strlen                        
00002853  wcslen                        
00002865  __TI_decompress_none          
00002873  ResetISR                      
00002889  __aeabi_errno_addr            
00002891  _system_pre_init              
00002895  C$$EXIT                       
00002895  abort                         
00002898  _ctypes_                      
000029a0  __TI_Handler_Table_Base       
000029a8  __TI_Handler_Table_Limit      
000029b0  __TI_CINIT_Base               
000029b8  __TI_CINIT_Limit              
20000000  __stack                       
20000200  __STACK_TOP                   
20002000  __STACK_END                   
20002000  clear_value                   
20002004  errno                         
ffffffff  __TI_pprof_out_hndl           
ffffffff  __TI_prof_data_size           
ffffffff  __TI_prof_data_start          
ffffffff  __binit__                     
ffffffff  __c_args__                    
ffffffff  binit                         
UNDEFED   __mpu_init                    
UNDEFED   _system_post_cinit            

[96 symbols]
